Component: ARM Compiler 5.06 update 7 (build 960) Tool: armlink [4d3601]

==============================================================================

Section Cross References

    startup_stm32f072xb.o(STACK) refers (Special) to heapauxi.o(.text) for __use_two_region_memory
    startup_stm32f072xb.o(HEAP) refers (Special) to heapauxi.o(.text) for __use_two_region_memory
    startup_stm32f072xb.o(RESET) refers (Special) to heapauxi.o(.text) for __use_two_region_memory
    startup_stm32f072xb.o(RESET) refers to startup_stm32f072xb.o(STACK) for __initial_sp
    startup_stm32f072xb.o(RESET) refers to startup_stm32f072xb.o(.text) for Reset_Handler
    startup_stm32f072xb.o(RESET) refers to stm32f0xx_it.o(i.NMI_Handler) for NMI_Handler
    startup_stm32f072xb.o(RESET) refers to stm32f0xx_it.o(i.HardFault_Handler) for HardFault_Handler
    startup_stm32f072xb.o(RESET) refers to stm32f0xx_it.o(i.SVC_Handler) for SVC_Handler
    startup_stm32f072xb.o(RESET) refers to stm32f0xx_it.o(i.PendSV_Handler) for PendSV_Handler
    startup_stm32f072xb.o(RESET) refers to stm32f0xx_it.o(i.SysTick_Handler) for SysTick_Handler
    startup_stm32f072xb.o(RESET) refers to main.o(i.EXTI4_15_IRQHandler) for EXTI4_15_IRQHandler
    startup_stm32f072xb.o(RESET) refers to stm32f0xx_it.o(i.TIM6_DAC_IRQHandler) for TIM6_DAC_IRQHandler
    startup_stm32f072xb.o(.text) refers (Special) to heapauxi.o(.text) for __use_two_region_memory
    startup_stm32f072xb.o(.text) refers to system_stm32f0xx.o(i.SystemInit) for SystemInit
    startup_stm32f072xb.o(.text) refers to __main.o(!!!main) for __main
    startup_stm32f072xb.o(.text) refers to startup_stm32f072xb.o(HEAP) for Heap_Mem
    startup_stm32f072xb.o(.text) refers to startup_stm32f072xb.o(STACK) for Stack_Mem
    main.o(i.EXTI4_15_IRQHandler) refers to stm32f0xx_hal_gpio.o(i.HAL_GPIO_ReadPin) for HAL_GPIO_ReadPin
    main.o(i.EXTI4_15_IRQHandler) refers to stm32f0xx_hal_cortex.o(i.HAL_NVIC_ClearPendingIRQ) for HAL_NVIC_ClearPendingIRQ
    main.o(i.EXTI4_15_IRQHandler) refers to main.o(.data) for receptionTramesEspTermine
    main.o(i.HAL_TIM_PeriodElapsedCallback) refers to main.o(.data) for etatSTM
    main.o(i.Initialisation) refers to stm32f0xx_hal_adc_ex.o(i.HAL_ADCEx_Calibration_Start) for HAL_ADCEx_Calibration_Start
    main.o(i.Initialisation) refers to sommeil.o(i.InitialiserGestionSommeil) for InitialiserGestionSommeil
    main.o(i.Initialisation) refers to main.o(.bss) for mesures
    main.o(i.Initialisation) refers to main.o(.data) for infoBatterie
    main.o(i.MX_ADC_Init) refers to stm32f0xx_hal_adc.o(i.HAL_ADC_Init) for HAL_ADC_Init
    main.o(i.MX_ADC_Init) refers to main.o(i.Error_Handler) for Error_Handler
    main.o(i.MX_ADC_Init) refers to stm32f0xx_hal_adc.o(i.HAL_ADC_ConfigChannel) for HAL_ADC_ConfigChannel
    main.o(i.MX_ADC_Init) refers to main.o(.bss) for hadc
    main.o(i.MX_GPIO_Init) refers to rt_memclr.o(.text) for __aeabi_memclr4
    main.o(i.MX_GPIO_Init) refers to stm32f0xx_hal_gpio.o(i.HAL_GPIO_WritePin) for HAL_GPIO_WritePin
    main.o(i.MX_GPIO_Init) refers to stm32f0xx_hal_gpio.o(i.HAL_GPIO_Init) for HAL_GPIO_Init
    main.o(i.MX_I2C2_Init) refers to stm32f0xx_hal_i2c.o(i.HAL_I2C_Init) for HAL_I2C_Init
    main.o(i.MX_I2C2_Init) refers to main.o(i.Error_Handler) for Error_Handler
    main.o(i.MX_I2C2_Init) refers to stm32f0xx_hal_i2c_ex.o(i.HAL_I2CEx_ConfigAnalogFilter) for HAL_I2CEx_ConfigAnalogFilter
    main.o(i.MX_I2C2_Init) refers to stm32f0xx_hal_i2c_ex.o(i.HAL_I2CEx_ConfigDigitalFilter) for HAL_I2CEx_ConfigDigitalFilter
    main.o(i.MX_I2C2_Init) refers to main.o(.bss) for hi2c2
    main.o(i.MX_RTC_Init) refers to stm32f0xx_hal_rtc.o(i.HAL_RTC_Init) for HAL_RTC_Init
    main.o(i.MX_RTC_Init) refers to main.o(i.Error_Handler) for Error_Handler
    main.o(i.MX_RTC_Init) refers to main.o(.bss) for hrtc
    main.o(i.MX_SPI1_Init) refers to stm32f0xx_hal_spi.o(i.HAL_SPI_Init) for HAL_SPI_Init
    main.o(i.MX_SPI1_Init) refers to main.o(i.Error_Handler) for Error_Handler
    main.o(i.MX_SPI1_Init) refers to main.o(.bss) for hspi1
    main.o(i.MX_TIM6_Init) refers to stm32f0xx_hal_tim.o(i.HAL_TIM_Base_Init) for HAL_TIM_Base_Init
    main.o(i.MX_TIM6_Init) refers to main.o(i.Error_Handler) for Error_Handler
    main.o(i.MX_TIM6_Init) refers to stm32f0xx_hal_tim_ex.o(i.HAL_TIMEx_MasterConfigSynchronization) for HAL_TIMEx_MasterConfigSynchronization
    main.o(i.MX_TIM6_Init) refers to main.o(.bss) for htim6
    main.o(i.MX_USART1_UART_Init) refers to stm32f0xx_hal_uart.o(i.HAL_UART_Init) for HAL_UART_Init
    main.o(i.MX_USART1_UART_Init) refers to main.o(i.Error_Handler) for Error_Handler
    main.o(i.MX_USART1_UART_Init) refers to main.o(.bss) for huart1
    main.o(i.SystemClock_Config) refers to rt_memclr.o(.text) for __aeabi_memclr4
    main.o(i.SystemClock_Config) refers to stm32f0xx_hal_rcc.o(i.HAL_RCC_OscConfig) for HAL_RCC_OscConfig
    main.o(i.SystemClock_Config) refers to main.o(i.Error_Handler) for Error_Handler
[...]
    i.HAL_Init                               0x08003000   Section        0  stm32f0xx_hal.o(i.HAL_Init)
    i.HAL_InitTick                           0x08003020   Section        0  stm32f0xx_hal.o(i.HAL_InitTick)
    i.HAL_MspInit                            0x08003074   Section        0  stm32f0xx_hal_msp.o(i.HAL_MspInit)
    i.HAL_NVIC_ClearPendingIRQ               0x080030b4   Section        0  stm32f0xx_hal_cortex.o(i.HAL_NVIC_ClearPendingIRQ)
    i.HAL_NVIC_EnableIRQ                     0x080030d0   Section        0  stm32f0xx_hal_cortex.o(i.HAL_NVIC_EnableIRQ)
    i.HAL_NVIC_SetPriority                   0x080030ec   Section        0  stm32f0xx_hal_cortex.o(i.HAL_NVIC_SetPriority)
    i.HAL_PWR_EnterSTOPMode                  0x08003100   Section        0  stm32f0xx_hal_pwr.o(i.HAL_PWR_EnterSTOPMode)
    i.HAL_RCCEx_PeriphCLKConfig              0x08003148   Section        0  stm32f0xx_hal_rcc_ex.o(i.HAL_RCCEx_PeriphCLKConfig)
    i.HAL_RCC_CSSCallback                    0x080032ec   Section        0  stm32f0xx_hal_rcc.o(i.HAL_RCC_CSSCallback)
    i.HAL_RCC_ClockConfig                    0x080032f0   Section        0  stm32f0xx_hal_rcc.o(i.HAL_RCC_ClockConfig)
    i.HAL_RCC_EnableCSS                      0x08003474   Section        0  stm32f0xx_hal_rcc.o(i.HAL_RCC_EnableCSS)
    i.HAL_RCC_GetHCLKFreq                    0x08003488   Section        0  stm32f0xx_hal_rcc.o(i.HAL_RCC_GetHCLKFreq)
    i.HAL_RCC_GetPCLK1Freq                   0x08003494   Section        0  stm32f0xx_hal_rcc.o(i.HAL_RCC_GetPCLK1Freq)
    i.HAL_RCC_GetSysClockFreq                0x080034b8   Section        0  stm32f0xx_hal_rcc.o(i.HAL_RCC_GetSysClockFreq)
    i.HAL_RCC_NMI_IRQHandler                 0x08003588   Section        0  stm32f0xx_hal_rcc.o(i.HAL_RCC_NMI_IRQHandler)
    i.HAL_RCC_OscConfig                      0x080035a8   Section        0  stm32f0xx_hal_rcc.o(i.HAL_RCC_OscConfig)
    i.HAL_RTC_Init                           0x08003be4   Section        0  stm32f0xx_hal_rtc.o(i.HAL_RTC_Init)
    i.HAL_RTC_MspInit                        0x08003ca4   Section        0  stm32f0xx_hal_msp.o(i.HAL_RTC_MspInit)
    i.HAL_RTC_WaitForSynchro                 0x08003cc4   Section        0  stm32f0xx_hal_rtc.o(i.HAL_RTC_WaitForSynchro)
    i.HAL_ResumeTick                         0x08003d00   Section        0  stm32f0xx_hal.o(i.HAL_ResumeTick)
    i.HAL_SPI_Init                           0x08003d14   Section        0  stm32f0xx_hal_spi.o(i.HAL_SPI_Init)
    i.HAL_SPI_MspInit                        0x08003e20   Section        0  stm32f0xx_hal_msp.o(i.HAL_SPI_MspInit)
    i.HAL_SPI_Transmit                       0x08003e9c   Section        0  stm32f0xx_hal_spi.o(i.HAL_SPI_Transmit)
    i.HAL_SYSTICK_Config                     0x08004078   Section        0  stm32f0xx_hal_cortex.o(i.HAL_SYSTICK_Config)
    i.HAL_SuspendTick                        0x080040b0   Section        0  stm32f0xx_hal.o(i.HAL_SuspendTick)
    i.HAL_TIMEx_BreakCallback                0x080040c4   Section        0  stm32f0xx_hal_tim_ex.o(i.HAL_TIMEx_BreakCallback)
    i.HAL_TIMEx_CommutCallback               0x080040c6   Section        0  stm32f0xx_hal_tim_ex.o(i.HAL_TIMEx_CommutCallback)
    i.HAL_TIMEx_MasterConfigSynchronization  0x080040c8   Section        0  stm32f0xx_hal_tim_ex.o(i.HAL_TIMEx_MasterConfigSynchronization)
    i.HAL_TIM_Base_Init                      0x08004154   Section        0  stm32f0xx_hal_tim.o(i.HAL_TIM_Base_Init)
    i.HAL_TIM_Base_MspInit                   0x080041b8   Section        0  stm32f0xx_hal_msp.o(i.HAL_TIM_Base_MspInit)
    i.HAL_TIM_Base_Start_IT                  0x080041fc   Section        0  stm32f0xx_hal_tim.o(i.HAL_TIM_Base_Start_IT)
    i.HAL_TIM_Base_Stop_IT                   0x08004274   Section        0  stm32f0xx_hal_tim.o(i.HAL_TIM_Base_Stop_IT)
    i.HAL_TIM_IC_CaptureCallback             0x080042b8   Section        0  stm32f0xx_hal_tim.o(i.HAL_TIM_IC_CaptureCallback)
    i.HAL_TIM_IRQHandler                     0x080042ba   Section        0  stm32f0xx_hal_tim.o(i.HAL_TIM_IRQHandler)
    i.HAL_TIM_OC_DelayElapsedCallback        0x08004428   Section        0  stm32f0xx_hal_tim.o(i.HAL_TIM_OC_DelayElapsedCallback)
    i.HAL_TIM_PWM_PulseFinishedCallback      0x0800442a   Section        0  stm32f0xx_hal_tim.o(i.HAL_TIM_PWM_PulseFinishedCallback)
    i.HAL_TIM_PeriodElapsedCallback          0x0800442c   Section        0  main.o(i.HAL_TIM_PeriodElapsedCallback)
    i.HAL_TIM_TriggerCallback                0x08004450   Section        0  stm32f0xx_hal_tim.o(i.HAL_TIM_TriggerCallback)
    i.HAL_UART_Init                          0x08004452   Section        0  stm32f0xx_hal_uart.o(i.HAL_UART_Init)
    i.HAL_UART_MspInit                       0x080044d0   Section        0  stm32f0xx_hal_msp.o(i.HAL_UART_MspInit)
    i.HAL_UART_Receive                       0x08004550   Section        0  stm32f0xx_hal_uart.o(i.HAL_UART_Receive)
    i.HAL_UART_Transmit                      0x080046a0   Section        0  stm32f0xx_hal_uart.o(i.HAL_UART_Transmit)
    i.HardFault_Handler                      0x08004788   Section        0  stm32f0xx_it.o(i.HardFault_Handler)
    i.I2C_Flush_TXDR                         0x0800478c   Section        0  stm32f0xx_hal_i2c.o(i.I2C_Flush_TXDR)
    I2C_Flush_TXDR                           0x0800478d   Thumb Code    50  stm32f0xx_hal_i2c.o(i.I2C_Flush_TXDR)
    i.I2C_IsErrorOccurred                    0x080047c0   Section        0  stm32f0xx_hal_i2c.o(i.I2C_IsErrorOccurred)
    I2C_IsErrorOccurred                      0x080047c1   Thumb Code   344  stm32f0xx_hal_i2c.o(i.I2C_IsErrorOccurred)
    i.I2C_TransferConfig                     0x0800491c   Section        0  stm32f0xx_hal_i2c.o(i.I2C_TransferConfig)
    I2C_TransferConfig                       0x0800491d   Thumb Code    56  stm32f0xx_hal_i2c.o(i.I2C_TransferConfig)
    i.I2C_WaitOnFlagUntilTimeout             0x08004958   Section        0  stm32f0xx_hal_i2c.o(i.I2C_WaitOnFlagUntilTimeout)
    I2C_WaitOnFlagUntilTimeout               0x08004959   Thumb Code   126  stm32f0xx_hal_i2c.o(i.I2C_WaitOnFlagUntilTimeout)
    i.I2C_WaitOnRXNEFlagUntilTimeout         0x080049d8   Section        0  stm32f0xx_hal_i2c.o(i.I2C_WaitOnRXNEFlagUntilTimeout)
    I2C_WaitOnRXNEFlagUntilTimeout           0x080049d9   Thumb Code   216  stm32f0xx_hal_i2c.o(i.I2C_WaitOnRXNEFlagUntilTimeout)
    i.I2C_WaitOnSTOPFlagUntilTimeout         0x08004ab4   Section        0  stm32f0xx_hal_i2c.o(i.I2C_WaitOnSTOPFlagUntilTimeout)
    I2C_WaitOnSTOPFlagUntilTimeout           0x08004ab5   Thumb Code   102  stm32f0xx_hal_i2c.o(i.I2C_WaitOnSTOPFlagUntilTimeout)
    i.I2C_WaitOnTXISFlagUntilTimeout         0x08004b1a   Section        0  stm32f0xx_hal_i2c.o(i.I2C_WaitOnTXISFlagUntilTimeout)
    I2C_WaitOnTXISFlagUntilTimeout           0x08004b1b   Thumb Code   110  stm32f0xx_hal_i2c.o(i.I2C_WaitOnTXISFlagUntilTimeout)
    i.Initialisation                         0x08004b88   Section        0  main.o(i.Initialisation)
    i.InitialiserGestionSommeil              0x08004bb0   Section        0  sommeil.o(i.InitialiserGestionSommeil)
    i.LancerCheckBatterie                    0x08004bf4   Section        0  gestionbatterie.o(i.LancerCheckBatterie)
    i.LectureValeurAdcBrute                  0x08004c14   Section        0  fonctionsadc.o(i.LectureValeurAdcBrute)
    i.MX_ADC_Init                            0x08004c60   Section        0  main.o(i.MX_ADC_Init)
    MX_ADC_Init                              0x08004c61   Thumb Code   110  main.o(i.MX_ADC_Init)
    i.MX_GPIO_Init                           0x08004cd8   Section        0  main.o(i.MX_GPIO_Init)
    MX_GPIO_Init                             0x08004cd9   Thumb Code   284  main.o(i.MX_GPIO_Init)
    i.MX_I2C2_Init                           0x08004e0c   Section        0  main.o(i.MX_I2C2_Init)
    MX_I2C2_Init                             0x08004e0d   Thumb Code    80  main.o(i.MX_I2C2_Init)
    i.MX_RTC_Init                            0x08004e68   Section        0  main.o(i.MX_RTC_Init)
    MX_RTC_Init                              0x08004e69   Thumb Code    44  main.o(i.MX_RTC_Init)
    i.MX_SPI1_Init                           0x08004e9c   Section        0  main.o(i.MX_SPI1_Init)
    MX_SPI1_Init                             0x08004e9d   Thumb Code    74  main.o(i.MX_SPI1_Init)
    i.MX_TIM6_Init                           0x08004ef0   Section        0  main.o(i.MX_TIM6_Init)
    MX_TIM6_Init                             0x08004ef1   Thumb Code    68  main.o(i.MX_TIM6_Init)
    i.MX_USART1_UART_Init                    0x08004f40   Section        0  main.o(i.MX_USART1_UART_Init)
    MX_USART1_UART_Init                      0x08004f41   Thumb Code    58  main.o(i.MX_USART1_UART_Init)
    i.MesurerEtatBatterie                    0x08004f84   Section        0  gestionbatterie.o(i.MesurerEtatBatterie)
    i.NMI_Handler                            0x08004fa2   Section        0  stm32f0xx_it.o(i.NMI_Handler)
    i.Paint_Clear                            0x08004fac   Section        0  gui_paint.o(i.Paint_Clear)
    i.Paint_DrawChar                         0x08005074   Section        0  gui_paint.o(i.Paint_DrawChar)
    i.Paint_DrawCircle                       0x08005190   Section        0  gui_paint.o(i.Paint_DrawCircle)
    i.Paint_DrawLine                         0x080053b4   Section        0  gui_paint.o(i.Paint_DrawLine)
    i.Paint_DrawNumDecimals                  0x080054c0   Section        0  gui_paint.o(i.Paint_DrawNumDecimals)
    i.Paint_DrawPoint                        0x08005624   Section        0  gui_paint.o(i.Paint_DrawPoint)
    i.Paint_DrawString_EN                    0x080056c0   Section        0  gui_paint.o(i.Paint_DrawString_EN)
    i.Paint_NewImage                         0x0800573c   Section        0  gui_paint.o(i.Paint_NewImage)
    i.Paint_SelectImage                      0x080057ac   Section        0  gui_paint.o(i.Paint_SelectImage)
    i.Paint_SetPixel                         0x080057b8   Section        0  gui_paint.o(i.Paint_SetPixel)
    i.PendSV_Handler                         0x080059d0   Section        0  stm32f0xx_it.o(i.PendSV_Handler)
    i.RTC_EnterInitMode                      0x080059d2   Section        0  stm32f0xx_hal_rtc.o(i.RTC_EnterInitMode)
    i.RTC_ExitInitMode                       0x08005a22   Section        0  stm32f0xx_hal_rtc.o(i.RTC_ExitInitMode)
    i.ReceptionnerTrameUART                  0x08005a54   Section        0  communication.o(i.ReceptionnerTrameUART)
    i.SPI_EndRxTxTransaction                 0x08005ae4   Section        0  stm32f0xx_hal_spi.o(i.SPI_EndRxTxTransaction)
    SPI_EndRxTxTransaction                   0x08005ae5   Thumb Code   106  stm32f0xx_hal_spi.o(i.SPI_EndRxTxTransaction)
    i.SPI_WaitFifoStateUntilTimeout          0x08005b50   Section        0  stm32f0xx_hal_spi.o(i.SPI_WaitFifoStateUntilTimeout)
    SPI_WaitFifoStateUntilTimeout            0x08005b51   Thumb Code   246  stm32f0xx_hal_spi.o(i.SPI_WaitFifoStateUntilTimeout)
    i.SPI_WaitFlagStateUntilTimeout          0x08005c4c   Section        0  stm32f0xx_hal_spi.o(i.SPI_WaitFlagStateUntilTimeout)
    SPI_WaitFlagStateUntilTimeout            0x08005c4d   Thumb Code   214  stm32f0xx_hal_spi.o(i.SPI_WaitFlagStateUntilTimeout)
    i.SVC_Handler                            0x08005d28   Section        0  stm32f0xx_it.o(i.SVC_Handler)
    i.SysTick_Handler                        0x08005d2a   Section        0  stm32f0xx_it.o(i.SysTick_Handler)
    i.SystemClock_Config                     0x08005d34   Section        0  main.o(i.SystemClock_Config)
    i.SystemInit                             0x08005dbc   Section        0  system_stm32f0xx.o(i.SystemInit)
    i.TIM6_DAC_IRQHandler                    0x08005dc0   Section        0  stm32f0xx_it.o(i.TIM6_DAC_IRQHandler)
    i.TIM_Base_SetConfig                     0x08005dd0   Section        0  stm32f0xx_hal_tim.o(i.TIM_Base_SetConfig)
    i.UART_AdvFeatureConfig                  0x08005e90   Section        0  stm32f0xx_hal_uart.o(i.UART_AdvFeatureConfig)
    i.UART_CheckIdleState                    0x08005f80   Section        0  stm32f0xx_hal_uart.o(i.UART_CheckIdleState)
    i.UART_EndRxTransfer                     0x08006080   Section        0  stm32f0xx_hal_uart.o(i.UART_EndRxTransfer)
    UART_EndRxTransfer                       0x08006081   Thumb Code   128  stm32f0xx_hal_uart.o(i.UART_EndRxTransfer)
    i.UART_SetConfig                         0x08006100   Section        0  stm32f0xx_hal_uart.o(i.UART_SetConfig)
    i.UART_WaitOnFlagUntilTimeout            0x080062f0   Section        0  stm32f0xx_hal_uart.o(i.UART_WaitOnFlagUntilTimeout)
    i.__ARM_common_ll_muluu                  0x080063a4   Section        0  stm32f0xx_hal_rcc.o(i.__ARM_common_ll_muluu)
    i.__ARM_common_switch8                   0x080063d4   Section        0  main.o(i.__ARM_common_switch8)
    i.__NVIC_SetPriority                     0x080063f0   Section        0  stm32f0xx_hal_cortex.o(i.__NVIC_SetPriority)
    __NVIC_SetPriority                       0x080063f1   Thumb Code   110  stm32f0xx_hal_cortex.o(i.__NVIC_SetPriority)
    i.__get_PRIMASK                          0x08006468   Section        0  stm32f0xx_hal_uart.o(i.__get_PRIMASK)
    __get_PRIMASK                            0x08006469   Thumb Code     6  stm32f0xx_hal_uart.o(i.__get_PRIMASK)
    i.__set_PRIMASK                          0x0800646e   Section        0  stm32f0xx_hal_uart.o(i.__set_PRIMASK)
    __set_PRIMASK                            0x0800646f   Thumb Code     6  stm32f0xx_hal_uart.o(i.__set_PRIMASK)
    i._perform_measurements                  0x08006474   Section        0  shtc3.o(i._perform_measurements)
    _perform_measurements                    0x08006475   Thumb Code    76  shtc3.o(i._perform_measurements)
    i._read_values                           0x080064c0   Section        0  shtc3.o(i._read_values)
    _read_values                             0x080064c1   Thumb Code   104  shtc3.o(i._read_values)
    i.checkCRC                               0x08006538   Section        0  shtc3.o(i.checkCRC)
    checkCRC                                 0x08006539   Thumb Code    84  shtc3.o(i.checkCRC)
    i.main                                   0x0800658c   Section        0  main.o(i.main)
    i.shtc3_perform_measurements             0x08006704   Section        0  shtc3.o(i.shtc3_perform_measurements)
    i.shtc3_read_id                          0x08006720   Section        0  shtc3.o(i.shtc3_read_id)
    x$fpl$dleqf                              0x0800678c   Section      100  dlef.o(x$fpl$dleqf)
    x$fpl$drleqf                             0x080067f0   Section      104  drlef.o(x$fpl$drleqf)
    x$fpl$fadd                               0x08006858   Section      140  faddsub.o(x$fpl$fadd)
    _fadd1                                   0x08006865   Thumb Code     0  faddsub.o(x$fpl$fadd)
    x$fpl$fmul                               0x080068e4   Section      176  fmul.o(x$fpl$fmul)
    x$fpl$fsub                               0x08006994   Section      208  faddsub.o(x$fpl$fsub)
    _fsub1                                   0x080069a1   Thumb Code     0  faddsub.o(x$fpl$fsub)
    .constdata                               0x08006a64   Section       32  stm32f0xx_hal_rcc.o(.constdata)
    x$fpl$usenofp                            0x08006a64   Section        0  usenofp.o(x$fpl$usenofp)
    aPLLMULFactorTable                       0x08006a64   Data          16  stm32f0xx_hal_rcc.o(.constdata)
    aPredivFactorTable                       0x08006a74   Data          16  stm32f0xx_hal_rcc.o(.constdata)
    .constdata                               0x08006a84   Section       24  system_stm32f0xx.o(.constdata)
    .constdata                               0x08006a9c   Section     3040  font16.o(.constdata)
    .constdata                               0x0800767c   Section      128  ddiv.o(.constdata)
    ddiv_reciptbl                            0x0800767c   Data         128  ddiv.o(.constdata)
    .constdata                               0x080076fc   Section       64  fdiv.o(.constdata)
    fdiv_tab                                 0x080076fc   Data          64  fdiv.o(.constdata)
    .conststring                             0x0800773c   Section      113  main.o(.conststring)
    .data                                    0x20000000   Section      116  main.o(.data)
    .data                                    0x20000074   Section        9  stm32f0xx_hal.o(.data)
    .data                                    0x20000080   Section        4  system_stm32f0xx.o(.data)
    .data                                    0x20000084   Section        8  font16.o(.data)
    .data                                    0x2000008c   Section        3  communication.o(.data)
    .bss                                     0x20000090   Section      516  main.o(.bss)
    .bss                                     0x20000294   Section       24  gui_paint.o(.bss)
    .bss                                     0x200002ac   Section       50  communication.o(.bss)
    .bss                                     0x200002e0   Section       96  libspace.o(.bss)
    HEAP                                     0x20000340   Section     4096  startup_stm32f072xb.o(HEAP)
    Heap_Mem                                 0x20000340   Data        4096  startup_stm32f072xb.o(HEAP)
    STACK                                    0x20001340   Section     1024  startup_stm32f072xb.o(STACK)
    Stack_Mem                                0x20001340   Data        1024  startup_stm32f072xb.o(STACK)
    __initial_sp                             0x20001740   Data           0  startup_stm32f072xb.o(STACK)

    Global Symbols

    Symbol Name                              Value     Ov Type        Size  Object(Section)

    BuildAttributes$$THM_ISAv3M$S$PE$A:L22$X:L11$S22$IEEE1$IW$USESV6$~STKCKD$USESV7$~SHL$OTIME$ROPI$EBA8$UX$STANDARDLIB$REQ8$PRES8$EABIv2 0x00000000   Number         0  anon$$obj.o ABSOLUTE
    __ARM_use_no_argv                        0x00000000   Number         0  main.o ABSOLUTE
    __ARM_exceptions_init                     - Undefined Weak Reference
    __alloca_initialize                       - Undefined Weak Reference
    __arm_fini_                               - Undefined Weak Reference
    __arm_preinit_                            - Undefined Weak Reference
    __cpp_initialize__aeabi_                  - Undefined Weak Reference
    __cxa_finalize                            - Undefined Weak Reference
    __rt_locale                               - Undefined Weak Reference
    __sigvec_lookup                           - Undefined Weak Reference
    __user_heap_extent                        - Undefined Weak Reference
    _atexit_init                              - Undefined Weak Reference
    _call_atexit_fns                          - Undefined Weak Reference
    _clock_init                               - Undefined Weak Reference
    _fp_trap_init                             - Undefined Weak Reference
    _fp_trap_shutdown                         - Undefined Weak Reference
    _get_lc_collate                           - Undefined Weak Reference
    _get_lc_ctype                             - Undefined Weak Reference
    _get_lc_monetary                          - Undefined Weak Reference
    _get_lc_numeric                           - Undefined Weak Reference
    _get_lc_time                              - Undefined Weak Reference
    _getenv_init                              - Undefined Weak Reference
    _handle_redirection                       - Undefined Weak Reference
    _initio                                   - Undefined Weak Reference
    _mutex_acquire                            - Undefined Weak Reference
    _mutex_free                               - Undefined Weak Reference
    _mutex_release                            - Undefined Weak Reference
    _rand_init                                - Undefined Weak Reference
    _signal_finish                            - Undefined Weak Reference
    _signal_init                              - Undefined Weak Reference
    _terminateio                              - Undefined Weak Reference
    __Vectors_Size                           0x000000c0   Number         0  startup_stm32f072xb.o ABSOLUTE
    __Vectors                                0x08000000   Data           4  startup_stm32f072xb.o(RESET)
    __Vectors_End                            0x080000c0   Data           0  startup_stm32f072xb.o(RESET)
    __main                                   0x080000c1   Thumb Code     8  __main.o(!!!main)
    __scatterload                            0x080000c9   Thumb Code     0  __scatter.o(!!!scatter)
    __scatterload_rt2                        0x080000c9   Thumb Code    52  __scatter.o(!!!scatter)
    __scatterload_rt2_thumb_only             0x080000c9   Thumb Code     0  __scatter.o(!!!scatter)
    __scatterload_null                       0x080000d9   Thumb Code     0  __scatter.o(!!!scatter)
    __scatterload_copy                       0x08000105   Thumb Code    26  __scatter_copy.o(!!handler_copy)
    __scatterload_zeroinit                   0x08000121   Thumb Code    28  __scatter_zi.o(!!handler_zi)
    __rt_lib_init                            0x0800013d   Thumb Code     0  libinit.o(.ARM.Collect$$libinit$$00000000)
    __rt_lib_init_fp_1                       0x0800013f   Thumb Code     0  libinit2.o(.ARM.Collect$$libinit$$00000002)
    __rt_lib_init_heap_2                     0x0800013f   Thumb Code     0  libinit2.o(.ARM.Collect$$libinit$$00000005)
    __rt_lib_init_preinit_1                  0x0800013f   Thumb Code     0  libinit2.o(.ARM.Collect$$libinit$$00000004)
    __rt_lib_init_alloca_1                   0x08000147   Thumb Code     0  libinit2.o(.ARM.Collect$$libinit$$0000002E)
    __rt_lib_init_argv_1                     0x08000147   Thumb Code     0  libinit2.o(.ARM.Collect$$libinit$$0000002C)
    __rt_lib_init_atexit_1                   0x08000147   Thumb Code     0  libinit2.o(.ARM.Collect$$libinit$$0000001B)
    __rt_lib_init_clock_1                    0x08000147   Thumb Code     0  libinit2.o(.ARM.Collect$$libinit$$00000021)
    __rt_lib_init_cpp_1                      0x08000147   Thumb Code     0  libinit2.o(.ARM.Collect$$libinit$$00000032)
    __rt_lib_init_exceptions_1               0x08000147   Thumb Code     0  libinit2.o(.ARM.Collect$$libinit$$00000030)
    __rt_lib_init_fp_trap_1                  0x08000147   Thumb Code     0  libinit2.o(.ARM.Collect$$libinit$$0000001F)
    __rt_lib_init_getenv_1                   0x08000147   Thumb Code     0  libinit2.o(.ARM.Collect$$libinit$$00000023)
    __rt_lib_init_heap_1                     0x08000147   Thumb Code     0  libinit2.o(.ARM.Collect$$libinit$$0000000A)
    __rt_lib_init_lc_collate_1               0x08000147   Thumb Code     0  libinit2.o(.ARM.Collect$$libinit$$00000011)
    __rt_lib_init_lc_ctype_1                 0x08000147   Thumb Code     0  libinit2.o(.ARM.Collect$$libinit$$00000013)
    __rt_lib_init_lc_monetary_1              0x08000147   Thumb Code     0  libinit2.o(.ARM.Collect$$libinit$$00000015)
    __rt_lib_init_lc_numeric_1               0x08000147   Thumb Code     0  libinit2.o(.ARM.Collect$$libinit$$00000017)
    __rt_lib_init_lc_time_1                  0x08000147   Thumb Code     0  libinit2.o(.ARM.Collect$$libinit$$00000019)
    __rt_lib_init_rand_1                     0x08000147   Thumb Code     0  libinit2.o(.ARM.Collect$$libinit$$0000000E)
    __rt_lib_init_return                     0x08000147   Thumb Code     0  libinit2.o(.ARM.Collect$$libinit$$00000033)
    __rt_lib_init_signal_1                   0x08000147   Thumb Code     0  libinit2.o(.ARM.Collect$$libinit$$0000001D)
    __rt_lib_init_stdio_1                    0x08000147   Thumb Code     0  libinit2.o(.ARM.Collect$$libinit$$00000025)
    __rt_lib_init_user_alloc_1               0x08000147   Thumb Code     0  libinit2.o(.ARM.Collect$$libinit$$0000000C)
    __rt_lib_shutdown                        0x08000149   Thumb Code     0  libshutdown.o(.ARM.Collect$$libshutdown$$00000000)
    __rt_lib_shutdown_cpp_1                  0x0800014b   Thumb Code     0  libshutdown2.o(.ARM.Collect$$libshutdown$$00000004)
    __rt_lib_shutdown_fini_1                 0x0800014b   Thumb Code     0  libshutdown2.o(.ARM.Collect$$libshutdown$$00000002)
    __rt_lib_shutdown_fp_trap_1              0x0800014b   Thumb Code     0  libshutdown2.o(.ARM.Collect$$libshutdown$$00000009)
    __rt_lib_shutdown_heap_1                 0x0800014b   Thumb Code     0  libshutdown2.o(.ARM.Collect$$libshutdown$$00000011)
    __rt_lib_shutdown_return                 0x0800014b   Thumb Code     0  libshutdown2.o(.ARM.Collect$$libshutdown$$00000012)
    __rt_lib_shutdown_signal_1               0x0800014b   Thumb Code     0  libshutdown2.o(.ARM.Collect$$libshutdown$$0000000C)
    __rt_lib_shutdown_stdio_1                0x0800014b   Thumb Code     0  libshutdown2.o(.ARM.Collect$$libshutdown$$00000006)
    __rt_lib_shutdown_user_alloc_1           0x0800014b   Thumb Code     0  libshutdown2.o(.ARM.Collect$$libshutdown$$0000000E)
    __rt_entry                               0x0800014d   Thumb Code     0  __rtentry.o(.ARM.Collect$$rtentry$$00000000)
    __rt_entry_presh_1                       0x0800014d   Thumb Code     0  __rtentry2.o(.ARM.Collect$$rtentry$$00000002)
    __rt_entry_sh                            0x0800014d   Thumb Code     0  __rtentry4.o(.ARM.Collect$$rtentry$$00000004)
    __rt_entry_li                            0x08000153   Thumb Code     0  __rtentry2.o(.ARM.Collect$$rtentry$$0000000A)
    __rt_entry_postsh_1                      0x08000153   Thumb Code     0  __rtentry2.o(.ARM.Collect$$rtentry$$00000009)
    __rt_entry_main                          0x08000157   Thumb Code     0  __rtentry2.o(.ARM.Collect$$rtentry$$0000000D)
    __rt_entry_postli_1                      0x08000157   Thumb Code     0  __rtentry2.o(.ARM.Collect$$rtentry$$0000000C)
    __rt_exit                                0x0800015f   Thumb Code     0  rtexit.o(.ARM.Collect$$rtexit$$00000000)
    __rt_exit_ls                             0x08000161   Thumb Code     0  rtexit2.o(.ARM.Collect$$rtexit$$00000003)
    __rt_exit_prels_1                        0x08000161   Thumb Code     0  rtexit2.o(.ARM.Collect$$rtexit$$00000002)
    __rt_exit_exit                           0x08000165   Thumb Code     0  rtexit2.o(.ARM.Collect$$rtexit$$00000004)
    __aeabi_memcpy4                          0x0800016d   Thumb Code    56  rt_memcpy.o(.emb_text)
    __aeabi_memcpy8                          0x0800016d   Thumb Code     0  rt_memcpy.o(.emb_text)
    Reset_Handler                            0x080001a5   Thumb Code     8  startup_stm32f072xb.o(.text)
    _maybe_terminate_alloc                   0x080001a5   Thumb Code     0  maybetermalloc1.o(.emb_text)
    ADC1_COMP_IRQHandler                     0x080001b7   Thumb Code     0  startup_stm32f072xb.o(.text)
    CEC_CAN_IRQHandler                       0x080001b7   Thumb Code     0  startup_stm32f072xb.o(.text)
    DMA1_Channel1_IRQHandler                 0x080001b7   Thumb Code     0  startup_stm32f072xb.o(.text)
    DMA1_Channel2_3_IRQHandler               0x080001b7   Thumb Code     0  startup_stm32f072xb.o(.text)
    DMA1_Channel4_5_6_7_IRQHandler           0x080001b7   Thumb Code     0  startup_stm32f072xb.o(.text)
    EXTI0_1_IRQHandler                       0x080001b7   Thumb Code     0  startup_stm32f072xb.o(.text)
    EXTI2_3_IRQHandler                       0x080001b7   Thumb Code     0  startup_stm32f072xb.o(.text)
    FLASH_IRQHandler                         0x080001b7   Thumb Code     0  startup_stm32f072xb.o(.text)
    I2C1_IRQHandler                          0x080001b7   Thumb Code     0  startup_stm32f072xb.o(.text)
    I2C2_IRQHandler                          0x080001b7   Thumb Code     0  startup_stm32f072xb.o(.text)
    PVD_VDDIO2_IRQHandler                    0x080001b7   Thumb Code     0  startup_stm32f072xb.o(.text)
    RCC_CRS_IRQHandler                       0x080001b7   Thumb Code     0  startup_stm32f072xb.o(.text)
    RTC_IRQHandler                           0x080001b7   Thumb Code     0  startup_stm32f072xb.o(.text)
    SPI1_IRQHandler                          0x080001b7   Thumb Code     0  startup_stm32f072xb.o(.text)
    SPI2_IRQHandler                          0x080001b7   Thumb Code     0  startup_stm32f072xb.o(.text)
    TIM14_IRQHandler                         0x080001b7   Thumb Code     0  startup_stm32f072xb.o(.text)
    TIM15_IRQHandler                         0x080001b7   Thumb Code     0  startup_stm32f072xb.o(.text)
    TIM16_IRQHandler                         0x080001b7   Thumb Code     0  startup_stm32f072xb.o(.text)
    TIM17_IRQHandler                         0x080001b7   Thumb Code     0  startup_stm32f072xb.o(.text)
    TIM1_BRK_UP_TRG_COM_IRQHandler           0x080001b7   Thumb Code     0  startup_stm32f072xb.o(.text)
    TIM1_CC_IRQHandler                       0x080001b7   Thumb Code     0  startup_stm32f072xb.o(.text)
    TIM2_IRQHandler                          0x080001b7   Thumb Code     0  startup_stm32f072xb.o(.text)
    TIM3_IRQHandler                          0x080001b7   Thumb Code     0  startup_stm32f072xb.o(.text)
    TIM7_IRQHandler                          0x080001b7   Thumb Code     0  startup_stm32f072xb.o(.text)
    TSC_IRQHandler                           0x080001b7   Thumb Code     0  startup_stm32f072xb.o(.text)
    USART1_IRQHandler                        0x080001b7   Thumb Code     0  startup_stm32f072xb.o(.text)
    USART2_IRQHandler                        0x080001b7   Thumb Code     0  startup_stm32f072xb.o(.text)
    USART3_4_IRQHandler                      0x080001b7   Thumb Code     0  startup_stm32f072xb.o(.text)
    USB_IRQHandler                           0x080001b7   Thumb Code     0  startup_stm32f072xb.o(.text)
    WWDG_IRQHandler                          0x080001b7   Thumb Code     0  startup_stm32f072xb.o(.text)
    __user_initial_stackheap                 0x080001b9   Thumb Code     0  startup_stm32f072xb.o(.text)
    malloc                                   0x080001dd   Thumb Code    98  h1_alloc.o(.text)
    free                                     0x0800023f   Thumb Code    76  h1_free.o(.text)
    __aeabi_uldivmod                         0x0800028b   Thumb Code   258  lludiv.o(.text)
    _ll_udiv                                 0x0800028b   Thumb Code     0  lludiv.o(.text)
    __aeabi_memcpy                           0x0800038d   Thumb Code   130  rt_memcpy.o(.text)
    __rt_memcpy                              0x0800038d   Thumb Code     0  rt_memcpy.o(.text)
    _memset_w                                0x0800040f   Thumb Code    26  rt_memclr.o(.text)
    _memset                                  0x08000429   Thumb Code    30  rt_memclr.o(.text)
    __aeabi_memclr                           0x08000447   Thumb Code     4  rt_memclr.o(.text)
    __rt_memclr                              0x08000447   Thumb Code     0  rt_memclr.o(.text)
    __aeabi_memclr4                          0x0800044b   Thumb Code     0  rt_memclr.o(.text)
    __aeabi_memclr8                          0x0800044b   Thumb Code     0  rt_memclr.o(.text)
    __rt_memclr_w                            0x0800044b   Thumb Code     4  rt_memclr.o(.text)
    __aeabi_uidiv                            0x0800044f   Thumb Code     0  aeabi_sdiv.o(.text)
    __aeabi_uidivmod                         0x0800044f   Thumb Code    20  aeabi_sdiv.o(.text)
    __aeabi_idiv                             0x08000463   Thumb Code     0  aeabi_sdiv.o(.text)
    __aeabi_idivmod                          0x08000463   Thumb Code   326  aeabi_sdiv.o(.text)
    __use_two_region_memory                  0x080005a9   Thumb Code     2  heapauxi.o(.text)
    __rt_heap_escrow                         0x080005ab   Thumb Code     2  heapauxi.o(.text)
    __rt_heap_expand                         0x080005ad   Thumb Code     2  heapauxi.o(.text)
    __aeabi_d2f                              0x080005b1   Thumb Code     0  d2f.o(.text)
    _d2f                                     0x080005b1   Thumb Code   120  d2f.o(.text)
    __aeabi_dadd                             0x08000925   Thumb Code     0  daddsub.o(.text)
    _dadd                                    0x08000925   Thumb Code    26  daddsub.o(.text)
    __aeabi_dsub                             0x0800093f   Thumb Code     0  daddsub.o(.text)
    _dsub                                    0x0800093f   Thumb Code    22  daddsub.o(.text)
    __aeabi_drsub                            0x08000955   Thumb Code     0  daddsub.o(.text)
    _drsb                                    0x08000955   Thumb Code    28  daddsub.o(.text)
    __aeabi_ddiv                             0x08000985   Thumb Code     0  ddiv.o(.text)
    _ddiv                                    0x08000985   Thumb Code  1072  ddiv.o(.text)
    _drdiv                                   0x08000db5   Thumb Code    20  ddiv.o(.text)
    __aeabi_d2iz                             0x08000dcd   Thumb Code     0  dfixi.o(.text)
    _dfix                                    0x08000dcd   Thumb Code    98  dfixi.o(.text)
    __aeabi_i2d_normalise                    0x08000e39   Thumb Code    66  dflti.o(.text)
    __aeabi_i2d                              0x08000e7b   Thumb Code    16  dflti.o(.text)
    _dflt                                    0x08000e7b   Thumb Code     0  dflti.o(.text)
    __aeabi_ui2d                             0x08000e8b   Thumb Code     6  dflti.o(.text)
    _dfltu                                   0x08000e8b   Thumb Code     0  dflti.o(.text)
    __aeabi_dmul                             0x08000e91   Thumb Code     0  dmul.o(.text)
    _dmul                                    0x08000e91   Thumb Code   558  dmul.o(.text)
    __aeabi_f2d                              0x080010d9   Thumb Code     0  f2d.o(.text)
    _f2d                                     0x080010d9   Thumb Code    80  f2d.o(.text)
    __aeabi_fdiv                             0x0800112d   Thumb Code     0  fdiv.o(.text)
    _fdiv                                    0x0800112d   Thumb Code   334  fdiv.o(.text)
    _frdiv                                   0x0800127b   Thumb Code     8  fdiv.o(.text)
    __aeabi_f2iz                             0x0800128d   Thumb Code     0  ffixi.o(.text)
    _ffix                                    0x0800128d   Thumb Code    76  ffixi.o(.text)
    __aeabi_f2uiz                            0x080012d9   Thumb Code     0  ffixui.o(.text)
    _ffixu                                   0x080012d9   Thumb Code    48  ffixui.o(.text)
    __aeabi_i2f_normalise                    0x08001309   Thumb Code    72  fflti.o(.text)
    __aeabi_i2f                              0x08001351   Thumb Code    16  fflti.o(.text)
    _fflt                                    0x08001351   Thumb Code     0  fflti.o(.text)
    __aeabi_ui2f                             0x08001361   Thumb Code     6  fflti.o(.text)
    _ffltu                                   0x08001361   Thumb Code     0  fflti.o(.text)
    __rt_heap_descriptor                     0x08001369   Thumb Code     8  rt_heap_descriptor_intlibspace.o(.text)
    __use_no_heap                            0x08001371   Thumb Code     2  hguard.o(.text)
    __heap$guard                             0x08001373   Thumb Code     2  hguard.o(.text)
    _terminate_user_alloc                    0x08001375   Thumb Code     2  init_alloc.o(.text)
    _init_user_alloc                         0x08001377   Thumb Code     2  init_alloc.o(.text)
    __Heap_Full                              0x08001379   Thumb Code    32  init_alloc.o(.text)
    __Heap_Broken                            0x08001399   Thumb Code    10  init_alloc.o(.text)
    _init_alloc                              0x080013a3   Thumb Code    90  init_alloc.o(.text)
    __Heap_Initialize                        0x080013fd   Thumb Code    10  h1_init.o(.text)
    __Heap_DescSize                          0x08001407   Thumb Code     4  h1_init.o(.text)
    __fpl_dcmp_InfNaN                        0x0800140d   Thumb Code   140  dcmpin.o(.text)
    __user_libspace                          0x0800149d   Thumb Code     8  libspace.o(.text)
    __user_perproc_libspace                  0x0800149d   Thumb Code     0  libspace.o(.text)
    __user_perthread_libspace                0x0800149d   Thumb Code     0  libspace.o(.text)
    __Heap_ProvideMemory                     0x080014a5   Thumb Code    52  h1_extend.o(.text)
    __rt_SIGRTMEM                            0x080014d9   Thumb Code    12  defsig_rtmem_outer.o(.text)
    __fpl_cmpreturn                          0x080014e5   Thumb Code    46  cmpret.o(.text)
    __fpl_dcheck_NaN2                        0x08001515   Thumb Code    14  dnan2.o(.text)
    __I$use$semihosting                      0x08001529   Thumb Code     0  use_no_semi.o(.text)
    __use_no_semihosting_swi                 0x08001529   Thumb Code     2  use_no_semi.o(.text)
    __semihosting_library_function           0x0800152b   Thumb Code     0  indicate_semi.o(.text)
    __user_setup_stackheap                   0x0800152b   Thumb Code    62  sys_stackheap_outer.o(.text)
    exit                                     0x08001569   Thumb Code    16  exit.o(.text)
    __sig_exit                               0x08001579   Thumb Code    12  defsig_exit.o(.text)
    __rt_SIGRTMEM_inner                      0x08001585   Thumb Code    22  defsig_rtmem_inner.o(.text)
    __fpl_return_NaN                         0x080015d5   Thumb Code    94  retnan.o(.text)
    _sys_exit                                0x08001635   Thumb Code     8  sys_exit.o(.text)
    __default_signal_display                 0x08001641   Thumb Code    52  defsig_general.o(.text)
    _ttywrch                                 0x08001675   Thumb Code    12  sys_wrch.o(.text)
    AffichageEPaper                          0x08001895   Thumb Code   652  affichage.o(i.AffichageEPaper)
    ArreterLectureTensionBatterie            0x08001b61   Thumb Code    32  gestionbatterie.o(i.ArreterLectureTensionBatterie)
    ControleEtatChargeBatterie               0x08001b81   Thumb Code   122  gestionbatterie.o(i.ControleEtatChargeBatterie)
    ConversionValeurAdcEnVolt                0x08001c15   Thumb Code    88  fonctionsadc.o(i.ConversionValeurAdcEnVolt)
    DEV_Module_Exit                          0x08001c79   Thumb Code    40  dev_config.o(i.DEV_Module_Exit)
    DEV_Module_Init                          0x08001ca1   Thumb Code    42  dev_config.o(i.DEV_Module_Init)
    DEV_SPI_WriteByte                        0x08001ccd   Thumb Code    18  dev_config.o(i.DEV_SPI_WriteByte)
    EPD_2in13_V4_Display_Base                0x08001ce5   Thumb Code   104  epd_2in13_v4.o(i.EPD_2in13_V4_Display_Base)
    EPD_2in13_V4_Init                        0x08001d4d   Thumb Code   124  epd_2in13_v4.o(i.EPD_2in13_V4_Init)
    EPD_2in13_V4_ReadBusy                    0x08001dc9   Thumb Code    38  epd_2in13_v4.o(i.EPD_2in13_V4_ReadBusy)
    EXTI4_15_IRQHandler                      0x08001f11   Thumb Code    32  main.o(i.EXTI4_15_IRQHandler)
    EffectuerMesuresSonde                    0x08001f3d   Thumb Code   404  mesures.o(i.EffectuerMesuresSonde)
    EntrerModeSommeil                        0x080020d9   Thumb Code    30  sommeil.o(i.EntrerModeSommeil)
    EnvoyerTrameUART                         0x080020fd   Thumb Code   106  communication.o(i.EnvoyerTrameUART)
    Error_Handler                            0x08002179   Thumb Code     6  main.o(i.Error_Handler)
    GestionCheckBatterie                     0x0800217f   Thumb Code    42  gestionbatterie.o(i.GestionCheckBatterie)
    HAL_ADCEx_Calibration_Start              0x080021a9   Thumb Code   248  stm32f0xx_hal_adc_ex.o(i.HAL_ADCEx_Calibration_Start)
    HAL_ADC_ConfigChannel                    0x080022a1   Thumb Code   412  stm32f0xx_hal_adc.o(i.HAL_ADC_ConfigChannel)
    HAL_ADC_GetValue                         0x0800244d   Thumb Code     8  stm32f0xx_hal_adc.o(i.HAL_ADC_GetValue)
    HAL_ADC_Init                             0x08002455   Thumb Code   442  stm32f0xx_hal_adc.o(i.HAL_ADC_Init)
    HAL_ADC_MspInit                          0x08002619   Thumb Code   106  stm32f0xx_hal_msp.o(i.HAL_ADC_MspInit)
    HAL_ADC_PollForConversion                0x0800268d   Thumb Code   238  stm32f0xx_hal_adc.o(i.HAL_ADC_PollForConversion)
    HAL_ADC_Start                            0x0800277d   Thumb Code   114  stm32f0xx_hal_adc.o(i.HAL_ADC_Start)
    HAL_ADC_Stop                             0x080027f5   Thumb Code    80  stm32f0xx_hal_adc.o(i.HAL_ADC_Stop)
    HAL_Delay                                0x08002845   Thumb Code    38  stm32f0xx_hal.o(i.HAL_Delay)
    HAL_GPIO_Init                            0x08002871   Thumb Code   480  stm32f0xx_hal_gpio.o(i.HAL_GPIO_Init)
    HAL_GPIO_ReadPin                         0x08002a6d   Thumb Code    18  stm32f0xx_hal_gpio.o(i.HAL_GPIO_ReadPin)
    HAL_GPIO_WritePin                        0x08002a7f   Thumb Code    12  stm32f0xx_hal_gpio.o(i.HAL_GPIO_WritePin)
    HAL_GetTick                              0x08002a8d   Thumb Code     6  stm32f0xx_hal.o(i.HAL_GetTick)
    HAL_I2CEx_ConfigAnalogFilter             0x08002a99   Thumb Code   110  stm32f0xx_hal_i2c_ex.o(i.HAL_I2CEx_ConfigAnalogFilter)
    HAL_I2CEx_ConfigDigitalFilter            0x08002b07   Thumb Code   112  stm32f0xx_hal_i2c_ex.o(i.HAL_I2CEx_ConfigDigitalFilter)
    HAL_I2C_Init                             0x08002b79   Thumb Code   232  stm32f0xx_hal_i2c.o(i.HAL_I2C_Init)
    HAL_I2C_Master_Receive                   0x08002c65   Thumb Code   354  stm32f0xx_hal_i2c.o(i.HAL_I2C_Master_Receive)
    HAL_I2C_Master_Transmit                  0x08002dd1   Thumb Code   396  stm32f0xx_hal_i2c.o(i.HAL_I2C_Master_Transmit)
    HAL_I2C_MspInit                          0x08002f65   Thumb Code   120  stm32f0xx_hal_msp.o(i.HAL_I2C_MspInit)
    HAL_IncTick                              0x08002fe9   Thumb Code    16  stm32f0xx_hal.o(i.HAL_IncTick)
    HAL_Init                                 0x08003001   Thumb Code    28  stm32f0xx_hal.o(i.HAL_Init)
    HAL_InitTick                             0x08003021   Thumb Code    70  stm32f0xx_hal.o(i.HAL_InitTick)
    HAL_MspInit                              0x08003075   Thumb Code    60  stm32f0xx_hal_msp.o(i.HAL_MspInit)
    HAL_NVIC_ClearPendingIRQ                 0x080030b5   Thumb Code    22  stm32f0xx_hal_cortex.o(i.HAL_NVIC_ClearPendingIRQ)
    HAL_NVIC_EnableIRQ                       0x080030d1   Thumb Code    22  stm32f0xx_hal_cortex.o(i.HAL_NVIC_EnableIRQ)
    HAL_NVIC_SetPriority                     0x080030ed   Thumb Code    18  stm32f0xx_hal_cortex.o(i.HAL_NVIC_SetPriority)
    HAL_PWR_EnterSTOPMode                    0x08003101   Thumb Code    64  stm32f0xx_hal_pwr.o(i.HAL_PWR_EnterSTOPMode)
    HAL_RCCEx_PeriphCLKConfig                0x08003149   Thumb Code   406  stm32f0xx_hal_rcc_ex.o(i.HAL_RCCEx_PeriphCLKConfig)
    HAL_RCC_CSSCallback                      0x080032ed   Thumb Code     2  stm32f0xx_hal_rcc.o(i.HAL_RCC_CSSCallback)
    HAL_RCC_ClockConfig                      0x080032f1   Thumb Code   366  stm32f0xx_hal_rcc.o(i.HAL_RCC_ClockConfig)
    HAL_RCC_EnableCSS                        0x08003475   Thumb Code    16  stm32f0xx_hal_rcc.o(i.HAL_RCC_EnableCSS)
    HAL_RCC_GetHCLKFreq                      0x08003489   Thumb Code     6  stm32f0xx_hal_rcc.o(i.HAL_RCC_GetHCLKFreq)
    HAL_RCC_GetPCLK1Freq                     0x08003495   Thumb Code    26  stm32f0xx_hal_rcc.o(i.HAL_RCC_GetPCLK1Freq)
    HAL_RCC_GetSysClockFreq                  0x080034b9   Thumb Code   186  stm32f0xx_hal_rcc.o(i.HAL_RCC_GetSysClockFreq)
    HAL_RCC_NMI_IRQHandler                   0x08003589   Thumb Code    26  stm32f0xx_hal_rcc.o(i.HAL_RCC_NMI_IRQHandler)
    HAL_RCC_OscConfig                        0x080035a9   Thumb Code  1592  stm32f0xx_hal_rcc.o(i.HAL_RCC_OscConfig)
    HAL_RTC_Init                             0x08003be5   Thumb Code   188  stm32f0xx_hal_rtc.o(i.HAL_RTC_Init)
    HAL_RTC_MspInit                          0x08003ca5   Thumb Code    22  stm32f0xx_hal_msp.o(i.HAL_RTC_MspInit)
    HAL_RTC_WaitForSynchro                   0x08003cc5   Thumb Code    54  stm32f0xx_hal_rtc.o(i.HAL_RTC_WaitForSynchro)
    HAL_ResumeTick                           0x08003d01   Thumb Code    14  stm32f0xx_hal.o(i.HAL_ResumeTick)
    HAL_SPI_Init                             0x08003d15   Thumb Code   268  stm32f0xx_hal_spi.o(i.HAL_SPI_Init)
    HAL_SPI_MspInit                          0x08003e21   Thumb Code   114  stm32f0xx_hal_msp.o(i.HAL_SPI_MspInit)
    HAL_SPI_Transmit                         0x08003e9d   Thumb Code   474  stm32f0xx_hal_spi.o(i.HAL_SPI_Transmit)
    HAL_SYSTICK_Config                       0x08004079   Thumb Code    46  stm32f0xx_hal_cortex.o(i.HAL_SYSTICK_Config)
    HAL_SuspendTick                          0x080040b1   Thumb Code    14  stm32f0xx_hal.o(i.HAL_SuspendTick)
    HAL_TIMEx_BreakCallback                  0x080040c5   Thumb Code     2  stm32f0xx_hal_tim_ex.o(i.HAL_TIMEx_BreakCallback)
    HAL_TIMEx_CommutCallback                 0x080040c7   Thumb Code     2  stm32f0xx_hal_tim_ex.o(i.HAL_TIMEx_CommutCallback)
    HAL_TIMEx_MasterConfigSynchronization    0x080040c9   Thumb Code   128  stm32f0xx_hal_tim_ex.o(i.HAL_TIMEx_MasterConfigSynchronization)
    HAL_TIM_Base_Init                        0x08004155   Thumb Code   100  stm32f0xx_hal_tim.o(i.HAL_TIM_Base_Init)
    HAL_TIM_Base_MspInit                     0x080041b9   Thumb Code    58  stm32f0xx_hal_msp.o(i.HAL_TIM_Base_MspInit)
    HAL_TIM_Base_Start_IT                    0x080041fd   Thumb Code   108  stm32f0xx_hal_tim.o(i.HAL_TIM_Base_Start_IT)
    HAL_TIM_Base_Stop_IT                     0x08004275   Thumb Code    64  stm32f0xx_hal_tim.o(i.HAL_TIM_Base_Stop_IT)
    HAL_TIM_IC_CaptureCallback               0x080042b9   Thumb Code     2  stm32f0xx_hal_tim.o(i.HAL_TIM_IC_CaptureCallback)
    HAL_TIM_IRQHandler                       0x080042bb   Thumb Code   366  stm32f0xx_hal_tim.o(i.HAL_TIM_IRQHandler)
    HAL_TIM_OC_DelayElapsedCallback          0x08004429   Thumb Code     2  stm32f0xx_hal_tim.o(i.HAL_TIM_OC_DelayElapsedCallback)
    HAL_TIM_PWM_PulseFinishedCallback        0x0800442b   Thumb Code     2  stm32f0xx_hal_tim.o(i.HAL_TIM_PWM_PulseFinishedCallback)
    HAL_TIM_PeriodElapsedCallback            0x0800442d   Thumb Code    28  main.o(i.HAL_TIM_PeriodElapsedCallback)
    HAL_TIM_TriggerCallback                  0x08004451   Thumb Code     2  stm32f0xx_hal_tim.o(i.HAL_TIM_TriggerCallback)
    HAL_UART_Init                            0x08004453   Thumb Code   126  stm32f0xx_hal_uart.o(i.HAL_UART_Init)
    HAL_UART_MspInit                         0x080044d1   Thumb Code   116  stm32f0xx_hal_msp.o(i.HAL_UART_MspInit)
    HAL_UART_Receive                         0x08004551   Thumb Code   332  stm32f0xx_hal_uart.o(i.HAL_UART_Receive)
    HAL_UART_Transmit                        0x080046a1   Thumb Code   232  stm32f0xx_hal_uart.o(i.HAL_UART_Transmit)
    HardFault_Handler                        0x08004789   Thumb Code     4  stm32f0xx_it.o(i.HardFault_Handler)
    Initialisation                           0x08004b89   Thumb Code    28  main.o(i.Initialisation)
    InitialiserGestionSommeil                0x08004bb1   Thumb Code    64  sommeil.o(i.InitialiserGestionSommeil)
    LancerCheckBatterie                      0x08004bf5   Thumb Code    30  gestionbatterie.o(i.LancerCheckBatterie)
    LectureValeurAdcBrute                    0x08004c15   Thumb Code    70  fonctionsadc.o(i.LectureValeurAdcBrute)
    MesurerEtatBatterie                      0x08004f85   Thumb Code    30  gestionbatterie.o(i.MesurerEtatBatterie)
    NMI_Handler                              0x08004fa3   Thumb Code     8  stm32f0xx_it.o(i.NMI_Handler)
    Paint_Clear                              0x08004fad   Thumb Code   194  gui_paint.o(i.Paint_Clear)
    Paint_DrawChar                           0x08005075   Thumb Code   280  gui_paint.o(i.Paint_DrawChar)
    Paint_DrawCircle                         0x08005191   Thumb Code   544  gui_paint.o(i.Paint_DrawCircle)
    Paint_DrawLine                           0x080053b5   Thumb Code   264  gui_paint.o(i.Paint_DrawLine)
    Paint_DrawNumDecimals                    0x080054c1   Thumb Code   346  gui_paint.o(i.Paint_DrawNumDecimals)
    Paint_DrawPoint                          0x08005625   Thumb Code   152  gui_paint.o(i.Paint_DrawPoint)
    Paint_DrawString_EN                      0x080056c1   Thumb Code   120  gui_paint.o(i.Paint_DrawString_EN)
    Paint_NewImage                           0x0800573d   Thumb Code   106  gui_paint.o(i.Paint_NewImage)
    Paint_SelectImage                        0x080057ad   Thumb Code     6  gui_paint.o(i.Paint_SelectImage)
    Paint_SetPixel                           0x080057b9   Thumb Code   530  gui_paint.o(i.Paint_SetPixel)
    PendSV_Handler                           0x080059d1   Thumb Code     2  stm32f0xx_it.o(i.PendSV_Handler)
    RTC_EnterInitMode                        0x080059d3   Thumb Code    80  stm32f0xx_hal_rtc.o(i.RTC_EnterInitMode)
    RTC_ExitInitMode                         0x08005a23   Thumb Code    50  stm32f0xx_hal_rtc.o(i.RTC_ExitInitMode)
    ReceptionnerTrameUART                    0x08005a55   Thumb Code   120  communication.o(i.ReceptionnerTrameUART)
    SVC_Handler                              0x08005d29   Thumb Code     2  stm32f0xx_it.o(i.SVC_Handler)
    SysTick_Handler                          0x08005d2b   Thumb Code     8  stm32f0xx_it.o(i.SysTick_Handler)
    SystemClock_Config                       0x08005d35   Thumb Code   132  main.o(i.SystemClock_Config)
    SystemInit                               0x08005dbd   Thumb Code     2  system_stm32f0xx.o(i.SystemInit)
    TIM6_DAC_IRQHandler                      0x08005dc1   Thumb Code    10  stm32f0xx_it.o(i.TIM6_DAC_IRQHandler)
    TIM_Base_SetConfig                       0x08005dd1   Thumb Code   168  stm32f0xx_hal_tim.o(i.TIM_Base_SetConfig)
    UART_AdvFeatureConfig                    0x08005e91   Thumb Code   240  stm32f0xx_hal_uart.o(i.UART_AdvFeatureConfig)
    UART_CheckIdleState                      0x08005f81   Thumb Code   252  stm32f0xx_hal_uart.o(i.UART_CheckIdleState)
    UART_SetConfig                           0x08006101   Thumb Code   464  stm32f0xx_hal_uart.o(i.UART_SetConfig)
    UART_WaitOnFlagUntilTimeout              0x080062f1   Thumb Code   180  stm32f0xx_hal_uart.o(i.UART_WaitOnFlagUntilTimeout)
    __ARM_common_ll_muluu                    0x080063a5   Thumb Code    48  stm32f0xx_hal_rcc.o(i.__ARM_common_ll_muluu)
    __ARM_common_switch8                     0x080063d5   Thumb Code    28  main.o(i.__ARM_common_switch8)
    main                                     0x0800658d   Thumb Code   332  main.o(i.main)
    shtc3_perform_measurements               0x08006705   Thumb Code    22  shtc3.o(i.shtc3_perform_measurements)
    shtc3_read_id                            0x08006721   Thumb Code    96  shtc3.o(i.shtc3_read_id)
    __aeabi_cdcmple                          0x0800678d   Thumb Code     0  dlef.o(x$fpl$dleqf)
    _dcmple                                  0x0800678d   Thumb Code    94  dlef.o(x$fpl$dleqf)
    __aeabi_cdrcmple                         0x080067f1   Thumb Code     0  drlef.o(x$fpl$drleqf)
    _drcmple                                 0x080067f1   Thumb Code   100  drlef.o(x$fpl$drleqf)
    __aeabi_fadd                             0x08006859   Thumb Code     0  faddsub.o(x$fpl$fadd)
    _fadd                                    0x08006859   Thumb Code   134  faddsub.o(x$fpl$fadd)
    __aeabi_fmul                             0x080068e5   Thumb Code     0  fmul.o(x$fpl$fmul)
    _fmul                                    0x080068e5   Thumb Code   172  fmul.o(x$fpl$fmul)
    __aeabi_fsub                             0x08006995   Thumb Code     0  faddsub.o(x$fpl$fsub)
    _fsub                                    0x08006995   Thumb Code   204  faddsub.o(x$fpl$fsub)
    __I$use$fp                               0x08006a64   Number         0  usenofp.o(x$fpl$usenofp)
    AHBPrescTable                            0x08006a84   Data          16  system_stm32f0xx.o(.constdata)
    APBPrescTable                            0x08006a94   Data           8  system_stm32f0xx.o(.constdata)
    Font16_Table                             0x08006a9c   Data        3040  font16.o(.constdata)
    Region$$Table$$Base                      0x080077b0   Number         0  anon$$obj.o(Region$$Table)
    Region$$Table$$Limit                     0x080077d0   Number         0  anon$$obj.o(Region$$Table)
    etatSTM                                  0x20000000   Data           1  main.o(.data)
    valeursServeur                           0x20000008   Data          96  main.o(.data)
    rafraichirEPaper                         0x20000068   Data           1  main.o(.data)
    receptionTramesEspTermine                0x20000069   Data           1  main.o(.data)
    infoBatterie                             0x2000006c   Data           8  main.o(.data)
    uwTick                                   0x20000074   Data           4  stm32f0xx_hal.o(.data)
    uwTickPrio                               0x20000078   Data           4  stm32f0xx_hal.o(.data)
    uwTickFreq                               0x2000007c   Data           1  stm32f0xx_hal.o(.data)
    SystemCoreClock                          0x20000080   Data           4  system_stm32f0xx.o(.data)
    Font16                                   0x20000084   Data           8  font16.o(.data)
    OCTET_DEBUT                              0x2000008c   Data           1  communication.o(.data)
    OCTET_FIN                                0x2000008d   Data           1  communication.o(.data)
    TAILLE_TRAME                             0x2000008e   Data           1  communication.o(.data)
    hadc                                     0x20000090   Data          64  main.o(.bss)
    hi2c2                                    0x200000d0   Data          84  main.o(.bss)
    hrtc                                     0x20000124   Data          32  main.o(.bss)
    hspi1                                    0x20000144   Data         100  main.o(.bss)
    htim6                                    0x200001a8   Data          72  main.o(.bss)
    huart1                                   0x200001f0   Data         136  main.o(.bss)
    mesures                                  0x20000278   Data          28  main.o(.bss)
    Paint                                    0x20000294   Data          24  gui_paint.o(.bss)
    receptionTramesUART                      0x200002ac   Data          50  communication.o(.bss)
    __libspace_start                         0x200002e0   Data          96  libspace.o(.bss)
    __temporary_stack_top$libspace           0x20000340   Data           0  libspace.o(.bss)



==============================================================================

Memory Map of the image

  Image Entry point : 0x080000c1

  Load Region LR_IROM1 (Base: 0x08000000, Size: 0x00007860, Max: 0x00010000, ABSOLUTE)

    Execution Region ER_IROM1 (Exec base: 0x08000000, Load base: 0x08000000, Size: 0x000077d0, Max: 0x00010000, ABSOLUTE)

    Exec Addr    Load Addr    Size         Type   Attr      Idx    E Section Name        Object

    0x08000000   0x08000000   0x000000c0   Data   RO            3    RESET               startup_stm32f072xb.o
    0x080000c0   0x080000c0   0x00000008   Code   RO         5017  * !!!main             c_p.l(__main.o)
    0x080000c8   0x080000c8   0x0000003c   Code   RO         5281    !!!scatter          c_p.l(__scatter.o)
    0x08000104   0x08000104   0x0000001a   Code   RO         5283    !!handler_copy      c_p.l(__scatter_copy.o)
    0x0800011e   0x0800011e   0x00000002   PAD
    0x08000120   0x08000120   0x0000001c   Code   RO         5285    !!handler_zi        c_p.l(__scatter_zi.o)
    0x0800013c   0x0800013c   0x00000002   Code   RO         5215    .ARM.Collect$$libinit$$00000000  c_p.l(libinit.o)
    0x0800013e   0x0800013e   0x00000000   Code   RO         5094    .ARM.Collect$$libinit$$00000002  c_p.l(libinit2.o)
    0x0800013e   0x0800013e   0x00000000   Code   RO         5096    .ARM.Collect$$libinit$$00000004  c_p.l(libinit2.o)
    0x0800013e   0x0800013e   0x00000008   Code   RO         5097    .ARM.Collect$$libinit$$00000005  c_p.l(libinit2.o)
    0x08000146   0x08000146   0x00000000   Code   RO         5099    .ARM.Collect$$libinit$$0000000A  c_p.l(libinit2.o)
    0x08000146   0x08000146   0x00000000   Code   RO         5101    .ARM.Collect$$libinit$$0000000C  c_p.l(libinit2.o)
    0x08000146   0x08000146   0x00000000   Code   RO         5103    .ARM.Collect$$libinit$$0000000E  c_p.l(libinit2.o)
    0x08000146   0x08000146   0x00000000   Code   RO         5106    .ARM.Collect$$libinit$$00000011  c_p.l(libinit2.o)
    0x08000146   0x08000146   0x00000000   Code   RO         5108    .ARM.Collect$$libinit$$00000013  c_p.l(libinit2.o)
    0x08000146   0x08000146   0x00000000   Code   RO         5110    .ARM.Collect$$libinit$$00000015  c_p.l(libinit2.o)
    0x08000146   0x08000146   0x00000000   Code   RO         5112    .ARM.Collect$$libinit$$00000017  c_p.l(libinit2.o)
    0x08000146   0x08000146   0x00000000   Code   RO         5114    .ARM.Collect$$libinit$$00000019  c_p.l(libinit2.o)
    0x08000146   0x08000146   0x00000000   Code   RO         5116    .ARM.Collect$$libinit$$0000001B  c_p.l(libinit2.o)
    0x08000146   0x08000146   0x00000000   Code   RO         5118    .ARM.Collect$$libinit$$0000001D  c_p.l(libinit2.o)
    0x08000146   0x08000146   0x00000000   Code   RO         5120    .ARM.Collect$$libinit$$0000001F  c_p.l(libinit2.o)
    0x08000146   0x08000146   0x00000000   Code   RO         5122    .ARM.Collect$$libinit$$00000021  c_p.l(libinit2.o)
    0x08000146   0x08000146   0x00000000   Code   RO         5124    .ARM.Collect$$libinit$$00000023  c_p.l(libinit2.o)
    0x08000146   0x08000146   0x00000000   Code   RO         5126    .ARM.Collect$$libinit$$00000025  c_p.l(libinit2.o)
    0x08000146   0x08000146   0x00000000   Code   RO         5130    .ARM.Collect$$libinit$$0000002C  c_p.l(libinit2.o)
    0x08000146   0x08000146   0x00000000   Code   RO         5132    .ARM.Collect$$libinit$$0000002E  c_p.l(libinit2.o)
    0x08000146   0x08000146   0x00000000   Code   RO         5134    .ARM.Collect$$libinit$$00000030  c_p.l(libinit2.o)
    0x08000146   0x08000146   0x00000000   Code   RO         5136    .ARM.Collect$$libinit$$00000032  c_p.l(libinit2.o)
    0x08000146   0x08000146   0x00000002   Code   RO         5137    .ARM.Collect$$libinit$$00000033  c_p.l(libinit2.o)
    0x08000148   0x08000148   0x00000002   Code   RO         5278    .ARM.Collect$$libshutdown$$00000000  c_p.l(libshutdown.o)
    0x0800014a   0x0800014a   0x00000000   Code   RO         5234    .ARM.Collect$$libshutdown$$00000002  c_p.l(libshutdown2.o)
    0x0800014a   0x0800014a   0x00000000   Code   RO         5236    .ARM.Collect$$libshutdown$$00000004  c_p.l(libshutdown2.o)
    0x0800014a   0x0800014a   0x00000000   Code   RO         5238    .ARM.Collect$$libshutdown$$00000006  c_p.l(libshutdown2.o)
    0x0800014a   0x0800014a   0x00000000   Code   RO         5241    .ARM.Collect$$libshutdown$$00000009  c_p.l(libshutdown2.o)
    0x0800014a   0x0800014a   0x00000000   Code   RO         5244    .ARM.Collect$$libshutdown$$0000000C  c_p.l(libshutdown2.o)
    0x0800014a   0x0800014a   0x00000000   Code   RO         5246    .ARM.Collect$$libshutdown$$0000000E  c_p.l(libshutdown2.o)
    0x0800014a   0x0800014a   0x00000000   Code   RO         5249    .ARM.Collect$$libshutdown$$00000011  c_p.l(libshutdown2.o)
    0x0800014a   0x0800014a   0x00000002   Code   RO         5250    .ARM.Collect$$libshutdown$$00000012  c_p.l(libshutdown2.o)
    0x0800014c   0x0800014c   0x00000000   Code   RO         5057    .ARM.Collect$$rtentry$$00000000  c_p.l(__rtentry.o)
    0x0800014c   0x0800014c   0x00000000   Code   RO         5147    .ARM.Collect$$rtentry$$00000002  c_p.l(__rtentry2.o)
    0x0800014c   0x0800014c   0x00000006   Code   RO         5159    .ARM.Collect$$rtentry$$00000004  c_p.l(__rtentry4.o)
    0x08000152   0x08000152   0x00000000   Code   RO         5149    .ARM.Collect$$rtentry$$00000009  c_p.l(__rtentry2.o)
    0x08000152   0x08000152   0x00000004   Code   RO         5150    .ARM.Collect$$rtentry$$0000000A  c_p.l(__rtentry2.o)
    0x08000156   0x08000156   0x00000000   Code   RO         5152    .ARM.Collect$$rtentry$$0000000C  c_p.l(__rtentry2.o)
    0x08000156   0x08000156   0x00000008   Code   RO         5153    .ARM.Collect$$rtentry$$0000000D  c_p.l(__rtentry2.o)
    0x0800015e   0x0800015e   0x00000002   Code   RO         5221    .ARM.Collect$$rtexit$$00000000  c_p.l(rtexit.o)
    0x08000160   0x08000160   0x00000000   Code   RO         5254    .ARM.Collect$$rtexit$$00000002  c_p.l(rtexit2.o)
    0x08000160   0x08000160   0x00000004   Code   RO         5255    .ARM.Collect$$rtexit$$00000003  c_p.l(rtexit2.o)
    0x08000164   0x08000164   0x00000006   Code   RO         5256    .ARM.Collect$$rtexit$$00000004  c_p.l(rtexit2.o)
    0x0800016a   0x0800016a   0x00000002   PAD
    0x0800016c   0x0800016c   0x00000038   Code   RO         5005    .emb_text           c_p.l(rt_memcpy.o)
    0x080001a4   0x080001a4   0x00000000   Code   RO         5165    .emb_text           c_p.l(maybetermalloc1.o)
    0x080001a4   0x080001a4   0x00000038   Code   RO            4    .text               startup_stm32f072xb.o
    0x080001dc   0x080001dc   0x00000062   Code   RO         4943    .text               c_p.l(h1_alloc.o)
    0x0800023e   0x0800023e   0x0000004c   Code   RO         4945    .text               c_p.l(h1_free.o)
    0x0800028a   0x0800028a   0x00000102   Code   RO         5003    .text               c_p.l(lludiv.o)
    0x0800038c   0x0800038c   0x00000082   Code   RO         5006    .text               c_p.l(rt_memcpy.o)
    0x0800040e   0x0800040e   0x00000040   Code   RO         5009    .text               c_p.l(rt_memclr.o)
    0x0800044e   0x0800044e   0x0000015a   Code   RO         5011    .text               c_p.l(aeabi_sdiv.o)
    0x080005a8   0x080005a8   0x00000006   Code   RO         5015    .text               c_p.l(heapauxi.o)
    0x080005ae   0x080005ae   0x00000002   PAD
    0x080005b0   0x080005b0   0x0000007c   Code   RO         5019    .text               fz_ps.l(d2f.o)
    0x0800062c   0x0800062c   0x00000358   Code   RO         5021    .text               fz_ps.l(daddsub.o)
    0x08000984   0x08000984   0x00000448   Code   RO         5023    .text               fz_ps.l(ddiv.o)
    0x08000dcc   0x08000dcc   0x0000006c   Code   RO         5026    .text               fz_ps.l(dfixi.o)
    0x08000e38   0x08000e38   0x00000058   Code   RO         5028    .text               fz_ps.l(dflti.o)
    0x08000e90   0x08000e90   0x00000248   Code   RO         5032    .text               fz_ps.l(dmul.o)
    0x080010d8   0x080010d8   0x00000054   Code   RO         5036    .text               fz_ps.l(f2d.o)
    0x0800112c   0x0800112c   0x00000160   Code   RO         5044    .text               fz_ps.l(fdiv.o)
    0x0800128c   0x0800128c   0x0000004c   Code   RO         5047    .text               fz_ps.l(ffixi.o)
    0x080012d8   0x080012d8   0x00000030   Code   RO         5049    .text               fz_ps.l(ffixui.o)
    0x08001308   0x08001308   0x0000005e   Code   RO         5051    .text               fz_ps.l(fflti.o)
    0x08001366   0x08001366   0x00000002   PAD
    0x08001368   0x08001368   0x00000008   Code   RO         5069    .text               c_p.l(rt_heap_descriptor_intlibspace.o)
    0x08001370   0x08001370   0x00000004   Code   RO         5071    .text               c_p.l(hguard.o)
    0x08001374   0x08001374   0x00000088   Code   RO         5073    .text               c_p.l(init_alloc.o)
    0x080013fc   0x080013fc   0x0000000e   Code   RO         5077    .text               c_p.l(h1_init.o)
    0x0800140a   0x0800140a   0x00000002   PAD
    0x0800140c   0x0800140c   0x00000090   Code   RO         5138    .text               fz_ps.l(dcmpin.o)
    0x0800149c   0x0800149c   0x00000008   Code   RO         5143    .text               c_p.l(libspace.o)
    0x080014a4   0x080014a4   0x00000034   Code   RO         5167    .text               c_p.l(h1_extend.o)
    0x080014d8   0x080014d8   0x0000000c   Code   RO         5171    .text               c_p.l(defsig_rtmem_outer.o)
    0x080014e4   0x080014e4   0x0000002e   Code   RO         5180    .text               fz_ps.l(cmpret.o)
    0x08001512   0x08001512   0x00000002   PAD
    0x08001514   0x08001514   0x00000014   Code   RO         5182    .text               fz_ps.l(dnan2.o)
    0x08001528   0x08001528   0x00000002   Code   RO         5186    .text               c_p.l(use_no_semi.o)
    0x0800152a   0x0800152a   0x00000000   Code   RO         5188    .text               c_p.l(indicate_semi.o)
    0x0800152a   0x0800152a   0x0000003e   Code   RO         5189    .text               c_p.l(sys_stackheap_outer.o)
    0x08001568   0x08001568   0x00000010   Code   RO         5196    .text               c_p.l(exit.o)
    0x08001578   0x08001578   0x0000000c   Code   RO         5198    .text               c_p.l(defsig_exit.o)
    0x08001584   0x08001584   0x00000050   Code   RO         5204    .text               c_p.l(defsig_rtmem_inner.o)
    0x080015d4   0x080015d4   0x0000005e   Code   RO         5216    .text               fz_ps.l(retnan.o)
    0x08001632   0x08001632   0x00000002   PAD
    0x08001634   0x08001634   0x0000000c   Code   RO         5218    .text               c_p.l(sys_exit.o)
    0x08001640   0x08001640   0x00000034   Code   RO         5229    .text               c_p.l(defsig_general.o)
    0x08001674   0x08001674   0x0000000c   Code   RO         5251    .text               c_p.l(sys_wrch.o)
    0x08001680   0x08001680   0x00000078   Code   RO          399    i.ADC_ConversionStop  stm32f0xx_hal_adc.o
    0x080016f8   0x080016f8   0x000000b6   Code   RO          403    i.ADC_Disable       stm32f0xx_hal_adc.o
    0x080017ae   0x080017ae   0x00000002   PAD
    0x080017b0   0x080017b0   0x000000e4   Code   RO          404    i.ADC_Enable        stm32f0xx_hal_adc.o
    0x08001894   0x08001894   0x000002cc   Code   RO         4745    i.AffichageEPaper   affichage.o
    0x08001b60   0x08001b60   0x00000020   Code   RO         4775    i.ArreterLectureTensionBatterie  gestionbatterie.o
    0x08001b80   0x08001b80   0x00000094   Code   RO         4776    i.ControleEtatChargeBatterie  gestionbatterie.o
    0x08001c14   0x08001c14   0x00000064   Code   RO         4825    i.ConversionValeurAdcEnVolt  fonctionsadc.o
    0x08001c78   0x08001c78   0x00000028   Code   RO         4420    i.DEV_Module_Exit   dev_config.o
    0x08001ca0   0x08001ca0   0x0000002a   Code   RO         4421    i.DEV_Module_Init   dev_config.o
    0x08001cca   0x08001cca   0x00000002   PAD
    0x08001ccc   0x08001ccc   0x00000018   Code   RO         4424    i.DEV_SPI_WriteByte  dev_config.o
    0x08001ce4   0x08001ce4   0x00000068   Code   RO         4618    i.EPD_2in13_V4_Display_Base  epd_2in13_v4.o
    0x08001d4c   0x08001d4c   0x0000007c   Code   RO         4621    i.EPD_2in13_V4_Init  epd_2in13_v4.o
    0x08001dc8   0x08001dc8   0x00000026   Code   RO         4623    i.EPD_2in13_V4_ReadBusy  epd_2in13_v4.o
    0x08001dee   0x08001dee   0x0000003a   Code   RO         4624    i.EPD_2in13_V4_Reset  epd_2in13_v4.o
    0x08001e28   0x08001e28   0x00000030   Code   RO         4625    i.EPD_2in13_V4_SendCommand  epd_2in13_v4.o
    0x08001e58   0x08001e58   0x00000030   Code   RO         4626    i.EPD_2in13_V4_SendData  epd_2in13_v4.o
    0x08001e88   0x08001e88   0x00000028   Code   RO         4627    i.EPD_2in13_V4_SetCursor  epd_2in13_v4.o
    0x08001eb0   0x08001eb0   0x00000044   Code   RO         4628    i.EPD_2in13_V4_SetWindows  epd_2in13_v4.o
    0x08001ef4   0x08001ef4   0x0000001a   Code   RO         4630    i.EPD_2in13_V4_TurnOnDisplay  epd_2in13_v4.o
    0x08001f0e   0x08001f0e   0x00000002   PAD
    0x08001f10   0x08001f10   0x0000002c   Code   RO           12    i.EXTI4_15_IRQHandler  main.o
    0x08001f3c   0x08001f3c   0x0000019c   Code   RO         4887    i.EffectuerMesuresSonde  mesures.o
    0x080020d8   0x080020d8   0x00000024   Code   RO         4913    i.EntrerModeSommeil  sommeil.o
    0x080020fc   0x080020fc   0x0000007c   Code   RO         4851    i.EnvoyerTrameUART  communication.o
    0x08002178   0x08002178   0x00000006   Code   RO           13    i.Error_Handler     main.o
    0x0800217e   0x0800217e   0x0000002a   Code   RO         4777    i.GestionCheckBatterie  gestionbatterie.o
    0x080021a8   0x080021a8   0x000000f8   Code   RO          575    i.HAL_ADCEx_Calibration_Start  stm32f0xx_hal_adc_ex.o
    0x080022a0   0x080022a0   0x000001ac   Code   RO          406    i.HAL_ADC_ConfigChannel  stm32f0xx_hal_adc.o
    0x0800244c   0x0800244c   0x00000008   Code   RO          413    i.HAL_ADC_GetValue  stm32f0xx_hal_adc.o
    0x08002454   0x08002454   0x000001c4   Code   RO          415    i.HAL_ADC_Init      stm32f0xx_hal_adc.o
    0x08002618   0x08002618   0x00000074   Code   RO          308    i.HAL_ADC_MspInit   stm32f0xx_hal_msp.o
    0x0800268c   0x0800268c   0x000000ee   Code   RO          419    i.HAL_ADC_PollForConversion  stm32f0xx_hal_adc.o
    0x0800277a   0x0800277a   0x00000002   PAD
    0x0800277c   0x0800277c   0x00000078   Code   RO          421    i.HAL_ADC_Start     stm32f0xx_hal_adc.o
    0x080027f4   0x080027f4   0x00000050   Code   RO          424    i.HAL_ADC_Stop      stm32f0xx_hal_adc.o
    0x08002844   0x08002844   0x0000002c   Code   RO          781    i.HAL_Delay         stm32f0xx_hal.o
    0x08002870   0x08002870   0x000001fc   Code   RO         1455    i.HAL_GPIO_Init     stm32f0xx_hal_gpio.o
    0x08002a6c   0x08002a6c   0x00000012   Code   RO         1457    i.HAL_GPIO_ReadPin  stm32f0xx_hal_gpio.o
    0x08002a7e   0x08002a7e   0x0000000c   Code   RO         1459    i.HAL_GPIO_WritePin  stm32f0xx_hal_gpio.o
    0x08002a8a   0x08002a8a   0x00000002   PAD
    0x08002a8c   0x08002a8c   0x0000000c   Code   RO          785    i.HAL_GetTick       stm32f0xx_hal.o
    0x08002a98   0x08002a98   0x0000006e   Code   RO         1402    i.HAL_I2CEx_ConfigAnalogFilter  stm32f0xx_hal_i2c_ex.o
    0x08002b06   0x08002b06   0x00000070   Code   RO         1403    i.HAL_I2CEx_ConfigDigitalFilter  stm32f0xx_hal_i2c_ex.o
    0x08002b76   0x08002b76   0x00000002   PAD
    0x08002b78   0x08002b78   0x000000ec   Code   RO          945    i.HAL_I2C_Init      stm32f0xx_hal_i2c.o
    0x08002c64   0x08002c64   0x0000016c   Code   RO          951    i.HAL_I2C_Master_Receive  stm32f0xx_hal_i2c.o
    0x08002dd0   0x08002dd0   0x00000194   Code   RO          958    i.HAL_I2C_Master_Transmit  stm32f0xx_hal_i2c.o
    0x08002f64   0x08002f64   0x00000084   Code   RO          310    i.HAL_I2C_MspInit   stm32f0xx_hal_msp.o
    0x08002fe8   0x08002fe8   0x00000018   Code   RO          791    i.HAL_IncTick       stm32f0xx_hal.o
    0x08003000   0x08003000   0x00000020   Code   RO          792    i.HAL_Init          stm32f0xx_hal.o
    0x08003020   0x08003020   0x00000054   Code   RO          793    i.HAL_InitTick      stm32f0xx_hal.o
    0x08003074   0x08003074   0x00000040   Code   RO          311    i.HAL_MspInit       stm32f0xx_hal_msp.o
    0x080030b4   0x080030b4   0x0000001c   Code   RO         1610    i.HAL_NVIC_ClearPendingIRQ  stm32f0xx_hal_cortex.o
    0x080030d0   0x080030d0   0x0000001c   Code   RO         1612    i.HAL_NVIC_EnableIRQ  stm32f0xx_hal_cortex.o
    0x080030ec   0x080030ec   0x00000012   Code   RO         1616    i.HAL_NVIC_SetPriority  stm32f0xx_hal_cortex.o
    0x080030fe   0x080030fe   0x00000002   PAD
    0x08003100   0x08003100   0x00000048   Code   RO         1715    i.HAL_PWR_EnterSTOPMode  stm32f0xx_hal_pwr.o
    0x08003148   0x08003148   0x000001a4   Code   RO          701    i.HAL_RCCEx_PeriphCLKConfig  stm32f0xx_hal_rcc_ex.o
    0x080032ec   0x080032ec   0x00000002   Code   RO          595    i.HAL_RCC_CSSCallback  stm32f0xx_hal_rcc.o
    0x080032ee   0x080032ee   0x00000002   PAD
    0x080032f0   0x080032f0   0x00000184   Code   RO          596    i.HAL_RCC_ClockConfig  stm32f0xx_hal_rcc.o
    0x08003474   0x08003474   0x00000014   Code   RO          599    i.HAL_RCC_EnableCSS  stm32f0xx_hal_rcc.o
    0x08003488   0x08003488   0x0000000c   Code   RO          601    i.HAL_RCC_GetHCLKFreq  stm32f0xx_hal_rcc.o
    0x08003494   0x08003494   0x00000024   Code   RO          603    i.HAL_RCC_GetPCLK1Freq  stm32f0xx_hal_rcc.o
    0x080034b8   0x080034b8   0x000000d0   Code   RO          604    i.HAL_RCC_GetSysClockFreq  stm32f0xx_hal_rcc.o
    0x08003588   0x08003588   0x00000020   Code   RO          606    i.HAL_RCC_NMI_IRQHandler  stm32f0xx_hal_rcc.o
    0x080035a8   0x080035a8   0x0000063c   Code   RO          607    i.HAL_RCC_OscConfig  stm32f0xx_hal_rcc.o
    0x08003be4   0x08003be4   0x000000c0   Code   RO         2140    i.HAL_RTC_Init      stm32f0xx_hal_rtc.o
    0x08003ca4   0x08003ca4   0x00000020   Code   RO          313    i.HAL_RTC_MspInit   stm32f0xx_hal_msp.o
    0x08003cc4   0x08003cc4   0x0000003c   Code   RO         2148    i.HAL_RTC_WaitForSynchro  stm32f0xx_hal_rtc.o
    0x08003d00   0x08003d00   0x00000014   Code   RO          796    i.HAL_ResumeTick    stm32f0xx_hal.o
    0x08003d14   0x08003d14   0x0000010c   Code   RO         2520    i.HAL_SPI_Init      stm32f0xx_hal_spi.o
    0x08003e20   0x08003e20   0x0000007c   Code   RO          315    i.HAL_SPI_MspInit   stm32f0xx_hal_msp.o
    0x08003e9c   0x08003e9c   0x000001da   Code   RO         2528    i.HAL_SPI_Transmit  stm32f0xx_hal_spi.o
    0x08004076   0x08004076   0x00000002   PAD
    0x08004078   0x08004078   0x00000038   Code   RO         1620    i.HAL_SYSTICK_Config  stm32f0xx_hal_cortex.o
    0x080040b0   0x080040b0   0x00000014   Code   RO          798    i.HAL_SuspendTick   stm32f0xx_hal.o
    0x080040c4   0x080040c4   0x00000002   Code   RO         3565    i.HAL_TIMEx_BreakCallback  stm32f0xx_hal_tim_ex.o
    0x080040c6   0x080040c6   0x00000002   Code   RO         3566    i.HAL_TIMEx_CommutCallback  stm32f0xx_hal_tim_ex.o
    0x080040c8   0x080040c8   0x0000008c   Code   RO         3584    i.HAL_TIMEx_MasterConfigSynchronization  stm32f0xx_hal_tim_ex.o
    0x08004154   0x08004154   0x00000064   Code   RO         2854    i.HAL_TIM_Base_Init  stm32f0xx_hal_tim.o
    0x080041b8   0x080041b8   0x00000044   Code   RO          317    i.HAL_TIM_Base_MspInit  stm32f0xx_hal_msp.o
    0x080041fc   0x080041fc   0x00000078   Code   RO         2859    i.HAL_TIM_Base_Start_IT  stm32f0xx_hal_tim.o
    0x08004274   0x08004274   0x00000044   Code   RO         2862    i.HAL_TIM_Base_Stop_IT  stm32f0xx_hal_tim.o
    0x080042b8   0x080042b8   0x00000002   Code   RO         2888    i.HAL_TIM_IC_CaptureCallback  stm32f0xx_hal_tim.o
    0x080042ba   0x080042ba   0x0000016e   Code   RO         2902    i.HAL_TIM_IRQHandler  stm32f0xx_hal_tim.o
    0x08004428   0x08004428   0x00000002   Code   RO         2905    i.HAL_TIM_OC_DelayElapsedCallback  stm32f0xx_hal_tim.o
    0x0800442a   0x0800442a   0x00000002   Code   RO         2932    i.HAL_TIM_PWM_PulseFinishedCallback  stm32f0xx_hal_tim.o
    0x0800442c   0x0800442c   0x00000024   Code   RO           14    i.HAL_TIM_PeriodElapsedCallback  main.o
    0x08004450   0x08004450   0x00000002   Code   RO         2945    i.HAL_TIM_TriggerCallback  stm32f0xx_hal_tim.o
    0x08004452   0x08004452   0x0000007e   Code   RO         3857    i.HAL_UART_Init     stm32f0xx_hal_uart.o
    0x080044d0   0x080044d0   0x00000080   Code   RO          319    i.HAL_UART_MspInit  stm32f0xx_hal_msp.o
    0x08004550   0x08004550   0x00000150   Code   RO         3860    i.HAL_UART_Receive  stm32f0xx_hal_uart.o
    0x080046a0   0x080046a0   0x000000e8   Code   RO         3866    i.HAL_UART_Transmit  stm32f0xx_hal_uart.o
    0x08004788   0x08004788   0x00000004   Code   RO          249    i.HardFault_Handler  stm32f0xx_it.o
    0x0800478c   0x0800478c   0x00000032   Code   RO          992    i.I2C_Flush_TXDR    stm32f0xx_hal_i2c.o
    0x080047be   0x080047be   0x00000002   PAD
    0x080047c0   0x080047c0   0x0000015c   Code   RO         1000    i.I2C_IsErrorOccurred  stm32f0xx_hal_i2c.o
    0x0800491c   0x0800491c   0x0000003c   Code   RO         1009    i.I2C_TransferConfig  stm32f0xx_hal_i2c.o
    0x08004958   0x08004958   0x0000007e   Code   RO         1011    i.I2C_WaitOnFlagUntilTimeout  stm32f0xx_hal_i2c.o
    0x080049d6   0x080049d6   0x00000002   PAD
    0x080049d8   0x080049d8   0x000000dc   Code   RO         1012    i.I2C_WaitOnRXNEFlagUntilTimeout  stm32f0xx_hal_i2c.o
    0x08004ab4   0x08004ab4   0x00000066   Code   RO         1013    i.I2C_WaitOnSTOPFlagUntilTimeout  stm32f0xx_hal_i2c.o
    0x08004b1a   0x08004b1a   0x0000006e   Code   RO         1014    i.I2C_WaitOnTXISFlagUntilTimeout  stm32f0xx_hal_i2c.o
    0x08004b88   0x08004b88   0x00000028   Code   RO           15    i.Initialisation    main.o
    0x08004bb0   0x08004bb0   0x00000044   Code   RO         4914    i.InitialiserGestionSommeil  sommeil.o
    0x08004bf4   0x08004bf4   0x0000001e   Code   RO         4778    i.LancerCheckBatterie  gestionbatterie.o
    0x08004c12   0x08004c12   0x00000002   PAD
    0x08004c14   0x08004c14   0x0000004c   Code   RO         4826    i.LectureValeurAdcBrute  fonctionsadc.o
    0x08004c60   0x08004c60   0x00000078   Code   RO           16    i.MX_ADC_Init       main.o
    0x08004cd8   0x08004cd8   0x00000134   Code   RO           17    i.MX_GPIO_Init      main.o
    0x08004e0c   0x08004e0c   0x0000005c   Code   RO           18    i.MX_I2C2_Init      main.o
    0x08004e68   0x08004e68   0x00000034   Code   RO           19    i.MX_RTC_Init       main.o
    0x08004e9c   0x08004e9c   0x00000054   Code   RO           20    i.MX_SPI1_Init      main.o
    0x08004ef0   0x08004ef0   0x00000050   Code   RO           21    i.MX_TIM6_Init      main.o
    0x08004f40   0x08004f40   0x00000044   Code   RO           22    i.MX_USART1_UART_Init  main.o
    0x08004f84   0x08004f84   0x0000001e   Code   RO         4779    i.MesurerEtatBatterie  gestionbatterie.o
    0x08004fa2   0x08004fa2   0x00000008   Code   RO          250    i.NMI_Handler       stm32f0xx_it.o
    0x08004faa   0x08004faa   0x00000002   PAD
    0x08004fac   0x08004fac   0x000000c8   Code   RO         4478    i.Paint_Clear       gui_paint.o
    0x08005074   0x08005074   0x0000011c   Code   RO         4480    i.Paint_DrawChar    gui_paint.o
    0x08005190   0x08005190   0x00000224   Code   RO         4481    i.Paint_DrawCircle  gui_paint.o
    0x080053b4   0x080053b4   0x0000010c   Code   RO         4482    i.Paint_DrawLine    gui_paint.o
    0x080054c0   0x080054c0   0x00000164   Code   RO         4484    i.Paint_DrawNumDecimals  gui_paint.o
    0x08005624   0x08005624   0x0000009c   Code   RO         4485    i.Paint_DrawPoint   gui_paint.o
    0x080056c0   0x080056c0   0x0000007c   Code   RO         4488    i.Paint_DrawString_EN  gui_paint.o
    0x0800573c   0x0800573c   0x00000070   Code   RO         4489    i.Paint_NewImage    gui_paint.o
    0x080057ac   0x080057ac   0x0000000c   Code   RO         4490    i.Paint_SelectImage  gui_paint.o
    0x080057b8   0x080057b8   0x00000218   Code   RO         4492    i.Paint_SetPixel    gui_paint.o
    0x080059d0   0x080059d0   0x00000002   Code   RO          251    i.PendSV_Handler    stm32f0xx_it.o
    0x080059d2   0x080059d2   0x00000050   Code   RO         2151    i.RTC_EnterInitMode  stm32f0xx_hal_rtc.o
    0x08005a22   0x08005a22   0x00000032   Code   RO         2152    i.RTC_ExitInitMode  stm32f0xx_hal_rtc.o
    0x08005a54   0x08005a54   0x00000090   Code   RO         4852    i.ReceptionnerTrameUART  communication.o
    0x08005ae4   0x08005ae4   0x0000006a   Code   RO         2558    i.SPI_EndRxTxTransaction  stm32f0xx_hal_spi.o
    0x08005b4e   0x08005b4e   0x00000002   PAD
    0x08005b50   0x08005b50   0x000000fc   Code   RO         2563    i.SPI_WaitFifoStateUntilTimeout  stm32f0xx_hal_spi.o
    0x08005c4c   0x08005c4c   0x000000dc   Code   RO         2564    i.SPI_WaitFlagStateUntilTimeout  stm32f0xx_hal_spi.o
    0x08005d28   0x08005d28   0x00000002   Code   RO          252    i.SVC_Handler       stm32f0xx_it.o
    0x08005d2a   0x08005d2a   0x00000008   Code   RO          253    i.SysTick_Handler   stm32f0xx_it.o
    0x08005d32   0x08005d32   0x00000002   PAD
    0x08005d34   0x08005d34   0x00000088   Code   RO           23    i.SystemClock_Config  main.o
    0x08005dbc   0x08005dbc   0x00000002   Code   RO         4324    i.SystemInit        system_stm32f0xx.o
    0x08005dbe   0x08005dbe   0x00000002   PAD
    0x08005dc0   0x08005dc0   0x00000010   Code   RO          254    i.TIM6_DAC_IRQHandler  stm32f0xx_it.o
    0x08005dd0   0x08005dd0   0x000000c0   Code   RO         2947    i.TIM_Base_SetConfig  stm32f0xx_hal_tim.o
    0x08005e90   0x08005e90   0x000000f0   Code   RO         3871    i.UART_AdvFeatureConfig  stm32f0xx_hal_uart.o
    0x08005f80   0x08005f80   0x00000100   Code   RO         3872    i.UART_CheckIdleState  stm32f0xx_hal_uart.o
    0x08006080   0x08006080   0x00000080   Code   RO         3883    i.UART_EndRxTransfer  stm32f0xx_hal_uart.o
    0x08006100   0x08006100   0x000001f0   Code   RO         3888    i.UART_SetConfig    stm32f0xx_hal_uart.o
    0x080062f0   0x080062f0   0x000000b4   Code   RO         3893    i.UART_WaitOnFlagUntilTimeout  stm32f0xx_hal_uart.o
    0x080063a4   0x080063a4   0x00000030   Code   RO          683    i.__ARM_common_ll_muluu  stm32f0xx_hal_rcc.o
    0x080063d4   0x080063d4   0x0000001c   Code   RO           97    i.__ARM_common_switch8  main.o
    0x080063f0   0x080063f0   0x00000078   Code   RO         1622    i.__NVIC_SetPriority  stm32f0xx_hal_cortex.o
    0x08006468   0x08006468   0x00000006   Code   RO         3894    i.__get_PRIMASK     stm32f0xx_hal_uart.o
    0x0800646e   0x0800646e   0x00000006   Code   RO         3895    i.__set_PRIMASK     stm32f0xx_hal_uart.o
    0x08006474   0x08006474   0x0000004c   Code   RO         4356    i._perform_measurements  shtc3.o
    0x080064c0   0x080064c0   0x00000078   Code   RO         4357    i._read_values      shtc3.o
    0x08006538   0x08006538   0x00000054   Code   RO         4358    i.checkCRC          shtc3.o
    0x0800658c   0x0800658c   0x00000178   Code   RO           24    i.main              main.o
    0x08006704   0x08006704   0x0000001c   Code   RO         4359    i.shtc3_perform_measurements  shtc3.o
    0x08006720   0x08006720   0x0000006c   Code   RO         4361    i.shtc3_read_id     shtc3.o
    0x0800678c   0x0800678c   0x00000064   Code   RO         5030    x$fpl$dleqf         fz_ps.l(dlef.o)
    0x080067f0   0x080067f0   0x00000068   Code   RO         5034    x$fpl$drleqf        fz_ps.l(drlef.o)
    0x08006858   0x08006858   0x0000008c   Code   RO         5038    x$fpl$fadd          fz_ps.l(faddsub.o)
    0x080068e4   0x080068e4   0x000000b0   Code   RO         5053    x$fpl$fmul          fz_ps.l(fmul.o)
    0x08006994   0x08006994   0x000000d0   Code   RO         5040    x$fpl$fsub          fz_ps.l(faddsub.o)
    0x08006a64   0x08006a64   0x00000000   Code   RO         5140    x$fpl$usenofp       fz_ps.l(usenofp.o)
    0x08006a64   0x08006a64   0x00000020   Data   RO          608    .constdata          stm32f0xx_hal_rcc.o
    0x08006a84   0x08006a84   0x00000018   Data   RO         4325    .constdata          system_stm32f0xx.o
    0x08006a9c   0x08006a9c   0x00000be0   Data   RO         4730    .constdata          font16.o
    0x0800767c   0x0800767c   0x00000080   Data   RO         5024    .constdata          fz_ps.l(ddiv.o)
    0x080076fc   0x080076fc   0x00000040   Data   RO         5045    .constdata          fz_ps.l(fdiv.o)
    0x0800773c   0x0800773c   0x00000071   Data   RO           26    .conststring        main.o
    0x080077ad   0x080077ad   0x00000003   PAD
    0x080077b0   0x080077b0   0x00000020   Data   RO         5279    Region$$Table       anon$$obj.o


    Execution Region RW_IRAM1 (Exec base: 0x20000000, Load base: 0x080077d0, Size: 0x00001740, Max: 0x00004000, ABSOLUTE)

    Exec Addr    Load Addr    Size         Type   Attr      Idx    E Section Name        Object

    0x20000000   0x080077d0   0x00000074   Data   RW           27    .data               main.o
    0x20000074   0x08007844   0x00000009   Data   RW          799    .data               stm32f0xx_hal.o
    0x2000007d   0x0800784d   0x00000003   PAD
    0x20000080   0x08007850   0x00000004   Data   RW         4326    .data               system_stm32f0xx.o
    0x20000084   0x08007854   0x00000008   Data   RW         4731    .data               font16.o
    0x2000008c   0x0800785c   0x00000003   Data   RW         4854    .data               communication.o
    0x2000008f   0x0800785f   0x00000001   PAD
    0x20000090        -       0x00000204   Zero   RW           25    .bss                main.o
    0x20000294        -       0x00000018   Zero   RW         4495    .bss                gui_paint.o
    0x200002ac        -       0x00000032   Zero   RW         4853    .bss                communication.o
    0x200002de   0x0800785f   0x00000002   PAD
    0x200002e0        -       0x00000060   Zero   RW         5144    .bss                c_p.l(libspace.o)
    0x20000340        -       0x00001000   Zero   RW            2    HEAP                startup_stm32f072xb.o
    0x20001340        -       0x00000400   Zero   RW            1    STACK               startup_stm32f072xb.o


==============================================================================

Image component sizes


      Code (inc. data)   RO Data    RW Data    ZI Data      Debug   Object Name

       716         64          0          0          0       1986   affichage.o
       268         42          0          3         50       2576   communication.o
       106          6          0          0          0       1568   dev_config.o
       554          0          0          0          0       5736   epd_2in13_v4.o
       176         18          0          0          0       1988   fonctionsadc.o
         0          0       3040          8          0       1370   font16.o
       282         26          0          0          0       5040   gestionbatterie.o
      2596         54          0          0         24      13824   gui_paint.o
      1470        176        113        116        516     544583   main.o
       412          8          0          0          0       2268   mesures.o
       416         34          0          0          0       4673   shtc3.o
       104         10          0          0          0       1112   sommeil.o
        56         26        192          0       5120        692   startup_stm32f072xb.o
       236         50          0          9          0      10028   stm32f0xx_hal.o
      1856         44          0          0          0       8069   stm32f0xx_hal_adc.o
       248          0          0          0          0       1470   stm32f0xx_hal_adc_ex.o
       250         32          0          0          0      11348   stm32f0xx_hal_cortex.o
       538         28          0          0          0       2855   stm32f0xx_hal_gpio.o
      2020         34          0          0          0      11110   stm32f0xx_hal_i2c.o
       222          0          0          0          0       2059   stm32f0xx_hal_i2c_ex.o
       664         68          0          0          0       5092   stm32f0xx_hal_msp.o
        72          8          0          0          0        728   stm32f0xx_hal_pwr.o
      2342         86         32          0          0       7268   stm32f0xx_hal_rcc.o
       420         14          0          0          0       1644   stm32f0xx_hal_rcc_ex.o
       382         10          0          0          0       3431   stm32f0xx_hal_rtc.o
      1320         12          0          0          0       5754   stm32f0xx_hal_spi.o
       854         40          0          0          0       6858   stm32f0xx_hal_tim.o
       144         12          0          0          0       2629   stm32f0xx_hal_tim_ex.o
      2006         40          0          0          0      12036   stm32f0xx_hal_uart.o
        40          6          0          0          0       4552   stm32f0xx_it.o
         2          0         24          4          0       1279   system_stm32f0xx.o

    ----------------------------------------------------------------------
     20804        948       3436        144       5712     685626   Object Totals
         0          0         32          0          0          0   (incl. Generated)
        32          0          3          4          2          0   (incl. Padding)

    ----------------------------------------------------------------------

      Code (inc. data)   RO Data    RW Data    ZI Data      Debug   Library Member Name

         8          0          0          0          0         68   __main.o
         0          0          0          0          0          0   __rtentry.o
        12          0          0          0          0          0   __rtentry2.o
         6          0          0          0          0          0   __rtentry4.o
        60          8          0          0          0          0   __scatter.o
        26          0          0          0          0          0   __scatter_copy.o
        28          0          0          0          0          0   __scatter_zi.o
       346          0          0          0          0         92   aeabi_sdiv.o
        12          0          0          0          0         68   defsig_exit.o
        52          0          0          0          0         72   defsig_general.o
        80         58          0          0          0         68   defsig_rtmem_inner.o
        12          0          0          0          0         68   defsig_rtmem_outer.o
        16          0          0          0          0         68   exit.o
        98          0          0          0          0         72   h1_alloc.o
        52          0          0          0          0         68   h1_extend.o
        76          0          0          0          0         72   h1_free.o
        14          0          0          0          0         76   h1_init.o
         6          0          0          0          0        136   heapauxi.o
         4          0          0          0          0        120   hguard.o
         0          0          0          0          0          0   indicate_semi.o
       136          0          0          0          0        160   init_alloc.o
         2          0          0          0          0          0   libinit.o
        10          0          0          0          0          0   libinit2.o
         2          0          0          0          0          0   libshutdown.o
         2          0          0          0          0          0   libshutdown2.o
         8          4          0          0         96         68   libspace.o
       258          0          0          0          0         88   lludiv.o
         0          0          0          0          0          0   maybetermalloc1.o
         8          4          0          0          0         68   rt_heap_descriptor_intlibspace.o
        64          0          0          0          0        108   rt_memclr.o
       186          0          0          0          0        144   rt_memcpy.o
         2          0          0          0          0          0   rtexit.o
        10          0          0          0          0          0   rtexit2.o
        12          4          0          0          0         60   sys_exit.o
        62          0          0          0          0         80   sys_stackheap_outer.o
        12          0          0          0          0         68   sys_wrch.o
         2          0          0          0          0         68   use_no_semi.o
        46          0          0          0          0         60   cmpret.o
       124          4          0          0          0         72   d2f.o
       856         20          0          0          0        208   daddsub.o
       144          4          0          0          0         76   dcmpin.o
      1096         26        128          0          0        112   ddiv.o
       108         10          0          0          0         72   dfixi.o
        88          0          0          0          0         92   dflti.o
       100          4          0          0          0         92   dlef.o
       584         26          0          0          0         84   dmul.o
        20          6          0          0          0         68   dnan2.o
       104          4          0          0          0        104   drlef.o
        84          4          0          0          0         60   f2d.o
       348          8          0          0          0        160   faddsub.o
       352         10         64          0          0         92   fdiv.o
        76          0          0          0          0         68   ffixi.o
        48          0          0          0          0         60   ffixui.o
        94          0          0          0          0         92   fflti.o
       176          4          0          0          0         80   fmul.o
        94          0          0          0          0         68   retnan.o
         0          0          0          0          0          0   usenofp.o

    ----------------------------------------------------------------------
      6240        208        192          0         96       3680   Library Totals
        14          0          0          0          0          0   (incl. Padding)

    ----------------------------------------------------------------------

      Code (inc. data)   RO Data    RW Data    ZI Data      Debug   Library Name

      1684         78          0          0         96       1960   c_p.l
      4542        130        192          0          0       1720   fz_ps.l

    ----------------------------------------------------------------------
      6240        208        192          0         96       3680   Library Totals

    ----------------------------------------------------------------------

==============================================================================


      Code (inc. data)   RO Data    RW Data    ZI Data      Debug   

     27044       1156       3628        144       5808     681230   Grand Totals
     27044       1156       3628        144       5808     681230   ELF Image Totals
     27044       1156       3628        144          0          0   ROM Totals

==============================================================================

    Total RO  Size (Code + RO Data)                30672 (  29.95kB)
    Total RW  Size (RW Data + ZI Data)              5952 (   5.81kB)
    Total ROM Size (Code + RO Data + RW Data)      30816 (  30.09kB)

==============================================================================

