<!doctype html public "-//w3c//dtd html 4.0 transitional//en">
<html><head>
<title>Static Call Graph - [2409_MesureTH_V1\2409_MesureTH_V1.axf]</title></head>
<body><HR>
<H1>Static Call Graph for image 2409_MesureTH_V1\2409_MesureTH_V1.axf</H1><HR>
<BR><P>#&#060CALLGRAPH&#062# ARM Linker, 5060960: Last Updated: Tue Sep 24 03:21:07 2024
<BR><P>
<H3>Maximum Stack Usage =        748 bytes + Unknown(Functions without stacksize, Cycles, Untraceable Function Pointers)</H3><H3>
Call chain for Maximum Stack Depth:</H3>
__rt_entry_main &rArr; main &rArr; AffichageEPaper &rArr; Paint_DrawNumDecimals &rArr; Paint_DrawString_EN &rArr; Paint_DrawChar &rArr; Paint_SetPixel
<P>
<H3>
Functions with no stack information
</H3><UL>
 <LI><a href="#[6d]">__user_initial_stackheap</a>
</UL>
</UL>
<P>
<H3>
Mutually Recursive functions
</H3> <LI><a href="#[21]">ADC1_COMP_IRQHandler</a>&nbsp;&nbsp;&nbsp;&rArr;&nbsp;&nbsp;&nbsp;<a href="#[21]">ADC1_COMP_IRQHandler</a><BR>
</UL>
<P>
<H3>
Function Pointers
</H3><UL>
 <LI><a href="#[21]">ADC1_COMP_IRQHandler</a> from startup_stm32f072xb.o(.text) referenced from startup_stm32f072xb.o(RESET)
 <LI><a href="#[33]">CEC_CAN_IRQHandler</a> from startup_stm32f072xb.o(.text) referenced from startup_stm32f072xb.o(RESET)
 <LI><a href="#[1e]">DMA1_Channel1_IRQHandler</a> from startup_stm32f072xb.o(.text) referenced from startup_stm32f072xb.o(RESET)
 <LI><a href="#[1f]">DMA1_Channel2_3_IRQHandler</a> from startup_stm32f072xb.o(.text) referenced from startup_stm32f072xb.o(RESET)
 <LI><a href="#[20]">DMA1_Channel4_5_6_7_IRQHandler</a> from startup_stm32f072xb.o(.text) referenced from startup_stm32f072xb.o(RESET)
 <LI><a href="#[1a]">EXTI0_1_IRQHandler</a> from startup_stm32f072xb.o(.text) referenced from startup_stm32f072xb.o(RESET)
 <LI><a href="#[1b]">EXTI2_3_IRQHandler</a> from startup_stm32f072xb.o(.text) referenced from startup_stm32f072xb.o(RESET)
 <LI><a href="#[1c]">EXTI4_15_IRQHandler</a> from main.o(i.EXTI4_15_IRQHandler) referenced from startup_stm32f072xb.o(RESET)
 <LI><a href="#[18]">FLASH_IRQHandler</a> from startup_stm32f072xb.o(.text) referenced from startup_stm32f072xb.o(RESET)
 <LI><a href="#[11]">HardFault_Handler</a> from stm32f0xx_it.o(i.HardFault_Handler) referenced from startup_stm32f072xb.o(RESET)
 <LI><a href="#[2c]">I2C1_IRQHandler</a> from startup_stm32f072xb.o(.text) referenced from startup_stm32f072xb.o(RESET)
 <LI><a href="#[2d]">I2C2_IRQHandler</a> from startup_stm32f072xb.o(.text) referenced from startup_stm32f072xb.o(RESET)
 <LI><a href="#[10]">NMI_Handler</a> from stm32f0xx_it.o(i.NMI_Handler) referenced from startup_stm32f072xb.o(RESET)
 <LI><a href="#[16]">PVD_VDDIO2_IRQHandler</a> from startup_stm32f072xb.o(.text) referenced from startup_stm32f072xb.o(RESET)
 <LI><a href="#[13]">PendSV_Handler</a> from stm32f0xx_it.o(i.PendSV_Handler) referenced from startup_stm32f072xb.o(RESET)
 <LI><a href="#[19]">RCC_CRS_IRQHandler</a> from startup_stm32f072xb.o(.text) referenced from startup_stm32f072xb.o(RESET)
 <LI><a href="#[17]">RTC_IRQHandler</a> from startup_stm32f072xb.o(.text) referenced from startup_stm32f072xb.o(RESET)
 <LI><a href="#[f]">Reset_Handler</a> from startup_stm32f072xb.o(.text) referenced from startup_stm32f072xb.o(RESET)
 <LI><a href="#[2e]">SPI1_IRQHandler</a> from startup_stm32f072xb.o(.text) referenced from startup_stm32f072xb.o(RESET)
 <LI><a href="#[2f]">SPI2_IRQHandler</a> from startup_stm32f072xb.o(.text) referenced from startup_stm32f072xb.o(RESET)
 <LI><a href="#[12]">SVC_Handler</a> from stm32f0xx_it.o(i.SVC_Handler) referenced from startup_stm32f072xb.o(RESET)
 <LI><a href="#[14]">SysTick_Handler</a> from stm32f0xx_it.o(i.SysTick_Handler) referenced from startup_stm32f072xb.o(RESET)
 <LI><a href="#[35]">SystemInit</a> from system_stm32f0xx.o(i.SystemInit) referenced from startup_stm32f072xb.o(.text)
 <LI><a href="#[28]">TIM14_IRQHandler</a> from startup_stm32f072xb.o(.text) referenced from startup_stm32f072xb.o(RESET)
 <LI><a href="#[29]">TIM15_IRQHandler</a> from startup_stm32f072xb.o(.text) referenced from startup_stm32f072xb.o(RESET)
 <LI><a href="#[2a]">TIM16_IRQHandler</a> from startup_stm32f072xb.o(.text) referenced from startup_stm32f072xb.o(RESET)
 <LI><a href="#[2b]">TIM17_IRQHandler</a> from startup_stm32f072xb.o(.text) referenced from startup_stm32f072xb.o(RESET)
 <LI><a href="#[22]">TIM1_BRK_UP_TRG_COM_IRQHandler</a> from startup_stm32f072xb.o(.text) referenced from startup_stm32f072xb.o(RESET)
 <LI><a href="#[23]">TIM1_CC_IRQHandler</a> from startup_stm32f072xb.o(.text) referenced from startup_stm32f072xb.o(RESET)
 <LI><a href="#[24]">TIM2_IRQHandler</a> from startup_stm32f072xb.o(.text) referenced from startup_stm32f072xb.o(RESET)
 <LI><a href="#[25]">TIM3_IRQHandler</a> from startup_stm32f072xb.o(.text) referenced from startup_stm32f072xb.o(RESET)
 <LI><a href="#[26]">TIM6_DAC_IRQHandler</a> from stm32f0xx_it.o(i.TIM6_DAC_IRQHandler) referenced from startup_stm32f072xb.o(RESET)
 <LI><a href="#[27]">TIM7_IRQHandler</a> from startup_stm32f072xb.o(.text) referenced from startup_stm32f072xb.o(RESET)
 <LI><a href="#[1d]">TSC_IRQHandler</a> from startup_stm32f072xb.o(.text) referenced from startup_stm32f072xb.o(RESET)
 <LI><a href="#[30]">USART1_IRQHandler</a> from startup_stm32f072xb.o(.text) referenced from startup_stm32f072xb.o(RESET)
 <LI><a href="#[31]">USART2_IRQHandler</a> from startup_stm32f072xb.o(.text) referenced from startup_stm32f072xb.o(RESET)
 <LI><a href="#[32]">USART3_4_IRQHandler</a> from startup_stm32f072xb.o(.text) referenced from startup_stm32f072xb.o(RESET)
 <LI><a href="#[34]">USB_IRQHandler</a> from startup_stm32f072xb.o(.text) referenced from startup_stm32f072xb.o(RESET)
 <LI><a href="#[15]">WWDG_IRQHandler</a> from startup_stm32f072xb.o(.text) referenced from startup_stm32f072xb.o(RESET)
 <LI><a href="#[37]">__main</a> from __main.o(!!!main) referenced from startup_stm32f072xb.o(.text)
</UL>
<P>
<H3>
Global Symbols
</H3>
<P><STRONG><a name="[37]"></a>__main</STRONG> (Thumb, 8 bytes, Stack size 0 bytes, __main.o(!!!main))
<BR><BR>[Calls]<UL><LI><a href="#[38]">&gt;&gt;</a>&nbsp;&nbsp;&nbsp;__scatterload
<LI><a href="#[39]">&gt;&gt;</a>&nbsp;&nbsp;&nbsp;__rt_entry
</UL>

<P><STRONG><a name="[38]"></a>__scatterload</STRONG> (Thumb, 0 bytes, Stack size unknown bytes, __scatter.o(!!!scatter))
<BR><BR>[Called By]<UL><LI><a href="#[37]">&gt;&gt;</a>&nbsp;&nbsp;&nbsp;__main
</UL>

<P><STRONG><a name="[3a]"></a>__scatterload_rt2</STRONG> (Thumb, 52 bytes, Stack size unknown bytes, __scatter.o(!!!scatter), UNUSED)
<BR><BR>[Calls]<UL><LI><a href="#[39]">&gt;&gt;</a>&nbsp;&nbsp;&nbsp;__rt_entry
</UL>

<P><STRONG><a name="[113]"></a>__scatterload_rt2_thumb_only</STRONG> (Thumb, 0 bytes, Stack size unknown bytes, __scatter.o(!!!scatter), UNUSED)

<P><STRONG><a name="[114]"></a>__scatterload_null</STRONG> (Thumb, 0 bytes, Stack size unknown bytes, __scatter.o(!!!scatter), UNUSED)

<P><STRONG><a name="[3b]"></a>__scatterload_copy</STRONG> (Thumb, 26 bytes, Stack size unknown bytes, __scatter_copy.o(!!handler_copy), UNUSED)
<BR><BR>[Calls]<UL><LI><a href="#[3b]">&gt;&gt;</a>&nbsp;&nbsp;&nbsp;__scatterload_copy
</UL>
<BR>[Called By]<UL><LI><a href="#[3b]">&gt;&gt;</a>&nbsp;&nbsp;&nbsp;__scatterload_copy
</UL>

<P><STRONG><a name="[115]"></a>__scatterload_zeroinit</STRONG> (Thumb, 28 bytes, Stack size unknown bytes, __scatter_zi.o(!!handler_zi), UNUSED)

<P><STRONG><a name="[41]"></a>__rt_lib_init</STRONG> (Thumb, 0 bytes, Stack size unknown bytes, libinit.o(.ARM.Collect$$libinit$$00000000))
<BR><BR>[Called By]<UL><LI><a href="#[40]">&gt;&gt;</a>&nbsp;&nbsp;&nbsp;__rt_entry_li
</UL>

<P><STRONG><a name="[116]"></a>__rt_lib_init_fp_1</STRONG> (Thumb, 0 bytes, Stack size unknown bytes, libinit2.o(.ARM.Collect$$libinit$$00000002))

<P><STRONG><a name="[3c]"></a>__rt_lib_init_heap_2</STRONG> (Thumb, 0 bytes, Stack size unknown bytes, libinit2.o(.ARM.Collect$$libinit$$00000005))
<BR><BR>[Stack]<UL><LI>Max Depth = 64 + Unknown Stack Size
<LI>Call Chain = __rt_lib_init_heap_2 &rArr; _init_alloc &rArr; __rt_SIGRTMEM &rArr; __rt_SIGRTMEM_inner &rArr; __default_signal_display &rArr; _ttywrch
</UL>
<BR>[Calls]<UL><LI><a href="#[3d]">&gt;&gt;</a>&nbsp;&nbsp;&nbsp;_init_alloc
</UL>

<P><STRONG><a name="[117]"></a>__rt_lib_init_preinit_1</STRONG> (Thumb, 0 bytes, Stack size unknown bytes, libinit2.o(.ARM.Collect$$libinit$$00000004))

<P><STRONG><a name="[118]"></a>__rt_lib_init_alloca_1</STRONG> (Thumb, 0 bytes, Stack size unknown bytes, libinit2.o(.ARM.Collect$$libinit$$0000002E))

<P><STRONG><a name="[119]"></a>__rt_lib_init_argv_1</STRONG> (Thumb, 0 bytes, Stack size unknown bytes, libinit2.o(.ARM.Collect$$libinit$$0000002C))

<P><STRONG><a name="[11a]"></a>__rt_lib_init_atexit_1</STRONG> (Thumb, 0 bytes, Stack size unknown bytes, libinit2.o(.ARM.Collect$$libinit$$0000001B))

<P><STRONG><a name="[11b]"></a>__rt_lib_init_clock_1</STRONG> (Thumb, 0 bytes, Stack size unknown bytes, libinit2.o(.ARM.Collect$$libinit$$00000021))

<P><STRONG><a name="[11c]"></a>__rt_lib_init_cpp_1</STRONG> (Thumb, 0 bytes, Stack size unknown bytes, libinit2.o(.ARM.Collect$$libinit$$00000032))

<P><STRONG><a name="[11d]"></a>__rt_lib_init_exceptions_1</STRONG> (Thumb, 0 bytes, Stack size unknown bytes, libinit2.o(.ARM.Collect$$libinit$$00000030))

<P><STRONG><a name="[11e]"></a>__rt_lib_init_fp_trap_1</STRONG> (Thumb, 0 bytes, Stack size unknown bytes, libinit2.o(.ARM.Collect$$libinit$$0000001F))

<P><STRONG><a name="[11f]"></a>__rt_lib_init_getenv_1</STRONG> (Thumb, 0 bytes, Stack size unknown bytes, libinit2.o(.ARM.Collect$$libinit$$00000023))

<P><STRONG><a name="[120]"></a>__rt_lib_init_heap_1</STRONG> (Thumb, 0 bytes, Stack size unknown bytes, libinit2.o(.ARM.Collect$$libinit$$0000000A))

<P><STRONG><a name="[121]"></a>__rt_lib_init_lc_collate_1</STRONG> (Thumb, 0 bytes, Stack size unknown bytes, libinit2.o(.ARM.Collect$$libinit$$00000011))

<P><STRONG><a name="[122]"></a>__rt_lib_init_lc_ctype_1</STRONG> (Thumb, 0 bytes, Stack size unknown bytes, libinit2.o(.ARM.Collect$$libinit$$00000013))

<P><STRONG><a name="[123]"></a>__rt_lib_init_lc_monetary_1</STRONG> (Thumb, 0 bytes, Stack size unknown bytes, libinit2.o(.ARM.Collect$$libinit$$00000015))

<P><STRONG><a name="[124]"></a>__rt_lib_init_lc_numeric_1</STRONG> (Thumb, 0 bytes, Stack size unknown bytes, libinit2.o(.ARM.Collect$$libinit$$00000017))

<P><STRONG><a name="[125]"></a>__rt_lib_init_lc_time_1</STRONG> (Thumb, 0 bytes, Stack size unknown bytes, libinit2.o(.ARM.Collect$$libinit$$00000019))

<P><STRONG><a name="[126]"></a>__rt_lib_init_rand_1</STRONG> (Thumb, 0 bytes, Stack size unknown bytes, libinit2.o(.ARM.Collect$$libinit$$0000000E))

<P><STRONG><a name="[127]"></a>__rt_lib_init_return</STRONG> (Thumb, 0 bytes, Stack size unknown bytes, libinit2.o(.ARM.Collect$$libinit$$00000033))

<P><STRONG><a name="[128]"></a>__rt_lib_init_signal_1</STRONG> (Thumb, 0 bytes, Stack size unknown bytes, libinit2.o(.ARM.Collect$$libinit$$0000001D))

<P><STRONG><a name="[129]"></a>__rt_lib_init_stdio_1</STRONG> (Thumb, 0 bytes, Stack size unknown bytes, libinit2.o(.ARM.Collect$$libinit$$00000025))

<P><STRONG><a name="[12a]"></a>__rt_lib_init_user_alloc_1</STRONG> (Thumb, 0 bytes, Stack size unknown bytes, libinit2.o(.ARM.Collect$$libinit$$0000000C))

<P><STRONG><a name="[46]"></a>__rt_lib_shutdown</STRONG> (Thumb, 0 bytes, Stack size unknown bytes, libshutdown.o(.ARM.Collect$$libshutdown$$00000000))
<BR><BR>[Called By]<UL><LI><a href="#[45]">&gt;&gt;</a>&nbsp;&nbsp;&nbsp;__rt_exit_ls
</UL>

<P><STRONG><a name="[12b]"></a>__rt_lib_shutdown_cpp_1</STRONG> (Thumb, 0 bytes, Stack size unknown bytes, libshutdown2.o(.ARM.Collect$$libshutdown$$00000004))

<P><STRONG><a name="[12c]"></a>__rt_lib_shutdown_fini_1</STRONG> (Thumb, 0 bytes, Stack size unknown bytes, libshutdown2.o(.ARM.Collect$$libshutdown$$00000002))

<P><STRONG><a name="[12d]"></a>__rt_lib_shutdown_fp_trap_1</STRONG> (Thumb, 0 bytes, Stack size unknown bytes, libshutdown2.o(.ARM.Collect$$libshutdown$$00000009))

<P><STRONG><a name="[12e]"></a>__rt_lib_shutdown_heap_1</STRONG> (Thumb, 0 bytes, Stack size unknown bytes, libshutdown2.o(.ARM.Collect$$libshutdown$$00000011))

<P><STRONG><a name="[12f]"></a>__rt_lib_shutdown_return</STRONG> (Thumb, 0 bytes, Stack size unknown bytes, libshutdown2.o(.ARM.Collect$$libshutdown$$00000012))

<P><STRONG><a name="[130]"></a>__rt_lib_shutdown_signal_1</STRONG> (Thumb, 0 bytes, Stack size unknown bytes, libshutdown2.o(.ARM.Collect$$libshutdown$$0000000C))

<P><STRONG><a name="[131]"></a>__rt_lib_shutdown_stdio_1</STRONG> (Thumb, 0 bytes, Stack size unknown bytes, libshutdown2.o(.ARM.Collect$$libshutdown$$00000006))

<P><STRONG><a name="[132]"></a>__rt_lib_shutdown_user_alloc_1</STRONG> (Thumb, 0 bytes, Stack size unknown bytes, libshutdown2.o(.ARM.Collect$$libshutdown$$0000000E))

<P><STRONG><a name="[39]"></a>__rt_entry</STRONG> (Thumb, 0 bytes, Stack size unknown bytes, __rtentry.o(.ARM.Collect$$rtentry$$00000000))
<BR><BR>[Called By]<UL><LI><a href="#[3a]">&gt;&gt;</a>&nbsp;&nbsp;&nbsp;__scatterload_rt2
<LI><a href="#[37]">&gt;&gt;</a>&nbsp;&nbsp;&nbsp;__main
</UL>

<P><STRONG><a name="[133]"></a>__rt_entry_presh_1</STRONG> (Thumb, 0 bytes, Stack size unknown bytes, __rtentry2.o(.ARM.Collect$$rtentry$$00000002))

<P><STRONG><a name="[3e]"></a>__rt_entry_sh</STRONG> (Thumb, 0 bytes, Stack size unknown bytes, __rtentry4.o(.ARM.Collect$$rtentry$$00000004))
<BR><BR>[Stack]<UL><LI>Max Depth = 8 + Unknown Stack Size
<LI>Call Chain = __rt_entry_sh &rArr; __user_setup_stackheap
</UL>
<BR>[Calls]<UL><LI><a href="#[3f]">&gt;&gt;</a>&nbsp;&nbsp;&nbsp;__user_setup_stackheap
</UL>

<P><STRONG><a name="[40]"></a>__rt_entry_li</STRONG> (Thumb, 0 bytes, Stack size unknown bytes, __rtentry2.o(.ARM.Collect$$rtentry$$0000000A))
<BR><BR>[Calls]<UL><LI><a href="#[41]">&gt;&gt;</a>&nbsp;&nbsp;&nbsp;__rt_lib_init
</UL>

<P><STRONG><a name="[134]"></a>__rt_entry_postsh_1</STRONG> (Thumb, 0 bytes, Stack size unknown bytes, __rtentry2.o(.ARM.Collect$$rtentry$$00000009))

<P><STRONG><a name="[42]"></a>__rt_entry_main</STRONG> (Thumb, 0 bytes, Stack size unknown bytes, __rtentry2.o(.ARM.Collect$$rtentry$$0000000D))
<BR><BR>[Stack]<UL><LI>Max Depth = 748 + Unknown Stack Size
<LI>Call Chain = __rt_entry_main &rArr; main &rArr; AffichageEPaper &rArr; Paint_DrawNumDecimals &rArr; Paint_DrawString_EN &rArr; Paint_DrawChar &rArr; Paint_SetPixel
</UL>
<BR>[Calls]<UL><LI><a href="#[43]">&gt;&gt;</a>&nbsp;&nbsp;&nbsp;main
<LI><a href="#[44]">&gt;&gt;</a>&nbsp;&nbsp;&nbsp;exit
</UL>

<P><STRONG><a name="[135]"></a>__rt_entry_postli_1</STRONG> (Thumb, 0 bytes, Stack size unknown bytes, __rtentry2.o(.ARM.Collect$$rtentry$$0000000C))

<P><STRONG><a name="[6f]"></a>__rt_exit</STRONG> (Thumb, 0 bytes, Stack size unknown bytes, rtexit.o(.ARM.Collect$$rtexit$$00000000))
<BR><BR>[Called By]<UL><LI><a href="#[44]">&gt;&gt;</a>&nbsp;&nbsp;&nbsp;exit
</UL>

<P><STRONG><a name="[45]"></a>__rt_exit_ls</STRONG> (Thumb, 0 bytes, Stack size unknown bytes, rtexit2.o(.ARM.Collect$$rtexit$$00000003))
<BR><BR>[Calls]<UL><LI><a href="#[46]">&gt;&gt;</a>&nbsp;&nbsp;&nbsp;__rt_lib_shutdown
</UL>

<P><STRONG><a name="[136]"></a>__rt_exit_prels_1</STRONG> (Thumb, 0 bytes, Stack size unknown bytes, rtexit2.o(.ARM.Collect$$rtexit$$00000002))

<P><STRONG><a name="[47]"></a>__rt_exit_exit</STRONG> (Thumb, 0 bytes, Stack size unknown bytes, rtexit2.o(.ARM.Collect$$rtexit$$00000004))
<BR><BR>[Calls]<UL><LI><a href="#[48]">&gt;&gt;</a>&nbsp;&nbsp;&nbsp;_sys_exit
</UL>

<P><STRONG><a name="[4e]"></a>__aeabi_memcpy4</STRONG> (Thumb, 56 bytes, Stack size 0 bytes, rt_memcpy.o(.emb_text))
<BR><BR>[Called By]<UL><LI><a href="#[4d]">&gt;&gt;</a>&nbsp;&nbsp;&nbsp;__aeabi_memcpy
</UL>

<P><STRONG><a name="[137]"></a>__aeabi_memcpy8</STRONG> (Thumb, 0 bytes, Stack size 0 bytes, rt_memcpy.o(.emb_text), UNUSED)

<P><STRONG><a name="[f]"></a>Reset_Handler</STRONG> (Thumb, 8 bytes, Stack size 0 bytes, startup_stm32f072xb.o(.text))
<BR>[Address Reference Count : 1]<UL><LI> startup_stm32f072xb.o(RESET)
</UL>
<P><STRONG><a name="[138]"></a>_maybe_terminate_alloc</STRONG> (Thumb, 0 bytes, Stack size 0 bytes, maybetermalloc1.o(.emb_text), UNUSED)

<P><STRONG><a name="[21]"></a>ADC1_COMP_IRQHandler</STRONG> (Thumb, 0 bytes, Stack size 0 bytes, startup_stm32f072xb.o(.text))
<BR><BR>[Calls]<UL><LI><a href="#[21]">&gt;&gt;</a>&nbsp;&nbsp;&nbsp;ADC1_COMP_IRQHandler
</UL>
<BR>[Called By]<UL><LI><a href="#[21]">&gt;&gt;</a>&nbsp;&nbsp;&nbsp;ADC1_COMP_IRQHandler
</UL>
<BR>[Address Reference Count : 1]<UL><LI> startup_stm32f072xb.o(RESET)
</UL>
<P><STRONG><a name="[33]"></a>CEC_CAN_IRQHandler</STRONG> (Thumb, 0 bytes, Stack size 0 bytes, startup_stm32f072xb.o(.text))
<BR>[Address Reference Count : 1]<UL><LI> startup_stm32f072xb.o(RESET)
</UL>
<P><STRONG><a name="[1e]"></a>DMA1_Channel1_IRQHandler</STRONG> (Thumb, 0 bytes, Stack size 0 bytes, startup_stm32f072xb.o(.text))
<BR>[Address Reference Count : 1]<UL><LI> startup_stm32f072xb.o(RESET)
</UL>
<P><STRONG><a name="[1f]"></a>DMA1_Channel2_3_IRQHandler</STRONG> (Thumb, 0 bytes, Stack size 0 bytes, startup_stm32f072xb.o(.text))
<BR>[Address Reference Count : 1]<UL><LI> startup_stm32f072xb.o(RESET)
</UL>
<P><STRONG><a name="[20]"></a>DMA1_Channel4_5_6_7_IRQHandler</STRONG> (Thumb, 0 bytes, Stack size 0 bytes, startup_stm32f072xb.o(.text))
<BR>[Address Reference Count : 1]<UL><LI> startup_stm32f072xb.o(RESET)
</UL>
<P><STRONG><a name="[1a]"></a>EXTI0_1_IRQHandler</STRONG> (Thumb, 0 bytes, Stack size 0 bytes, startup_stm32f072xb.o(.text))
<BR>[Address Reference Count : 1]<UL><LI> startup_stm32f072xb.o(RESET)
</UL>
<P><STRONG><a name="[1b]"></a>EXTI2_3_IRQHandler</STRONG> (Thumb, 0 bytes, Stack size 0 bytes, startup_stm32f072xb.o(.text))
<BR>[Address Reference Count : 1]<UL><LI> startup_stm32f072xb.o(RESET)
</UL>
<P><STRONG><a name="[18]"></a>FLASH_IRQHandler</STRONG> (Thumb, 0 bytes, Stack size 0 bytes, startup_stm32f072xb.o(.text))
<BR>[Address Reference Count : 1]<UL><LI> startup_stm32f072xb.o(RESET)
</UL>
<P><STRONG><a name="[2c]"></a>I2C1_IRQHandler</STRONG> (Thumb, 0 bytes, Stack size 0 bytes, startup_stm32f072xb.o(.text))
<BR>[Address Reference Count : 1]<UL><LI> startup_stm32f072xb.o(RESET)
</UL>
<P><STRONG><a name="[2d]"></a>I2C2_IRQHandler</STRONG> (Thumb, 0 bytes, Stack size 0 bytes, startup_stm32f072xb.o(.text))
<BR>[Address Reference Count : 1]<UL><LI> startup_stm32f072xb.o(RESET)
</UL>
<P><STRONG><a name="[16]"></a>PVD_VDDIO2_IRQHandler</STRONG> (Thumb, 0 bytes, Stack size 0 bytes, startup_stm32f072xb.o(.text))
<BR>[Address Reference Count : 1]<UL><LI> startup_stm32f072xb.o(RESET)
</UL>
<P><STRONG><a name="[19]"></a>RCC_CRS_IRQHandler</STRONG> (Thumb, 0 bytes, Stack size 0 bytes, startup_stm32f072xb.o(.text))
<BR>[Address Reference Count : 1]<UL><LI> startup_stm32f072xb.o(RESET)
</UL>
<P><STRONG><a name="[17]"></a>RTC_IRQHandler</STRONG> (Thumb, 0 bytes, Stack size 0 bytes, startup_stm32f072xb.o(.text))
<BR>[Address Reference Count : 1]<UL><LI> startup_stm32f072xb.o(RESET)
</UL>
<P><STRONG><a name="[2e]"></a>SPI1_IRQHandler</STRONG> (Thumb, 0 bytes, Stack size 0 bytes, startup_stm32f072xb.o(.text))
<BR>[Address Reference Count : 1]<UL><LI> startup_stm32f072xb.o(RESET)
</UL>
<P><STRONG><a name="[2f]"></a>SPI2_IRQHandler</STRONG> (Thumb, 0 bytes, Stack size 0 bytes, startup_stm32f072xb.o(.text))
<BR>[Address Reference Count : 1]<UL><LI> startup_stm32f072xb.o(RESET)
</UL>
<P><STRONG><a name="[28]"></a>TIM14_IRQHandler</STRONG> (Thumb, 0 bytes, Stack size 0 bytes, startup_stm32f072xb.o(.text))
<BR>[Address Reference Count : 1]<UL><LI> startup_stm32f072xb.o(RESET)
</UL>
<P><STRONG><a name="[29]"></a>TIM15_IRQHandler</STRONG> (Thumb, 0 bytes, Stack size 0 bytes, startup_stm32f072xb.o(.text))
<BR>[Address Reference Count : 1]<UL><LI> startup_stm32f072xb.o(RESET)
</UL>
<P><STRONG><a name="[2a]"></a>TIM16_IRQHandler</STRONG> (Thumb, 0 bytes, Stack size 0 bytes, startup_stm32f072xb.o(.text))
<BR>[Address Reference Count : 1]<UL><LI> startup_stm32f072xb.o(RESET)
</UL>
<P><STRONG><a name="[2b]"></a>TIM17_IRQHandler</STRONG> (Thumb, 0 bytes, Stack size 0 bytes, startup_stm32f072xb.o(.text))
<BR>[Address Reference Count : 1]<UL><LI> startup_stm32f072xb.o(RESET)
</UL>
<P><STRONG><a name="[22]"></a>TIM1_BRK_UP_TRG_COM_IRQHandler</STRONG> (Thumb, 0 bytes, Stack size 0 bytes, startup_stm32f072xb.o(.text))
<BR>[Address Reference Count : 1]<UL><LI> startup_stm32f072xb.o(RESET)
</UL>
<P><STRONG><a name="[23]"></a>TIM1_CC_IRQHandler</STRONG> (Thumb, 0 bytes, Stack size 0 bytes, startup_stm32f072xb.o(.text))
<BR>[Address Reference Count : 1]<UL><LI> startup_stm32f072xb.o(RESET)
</UL>
<P><STRONG><a name="[24]"></a>TIM2_IRQHandler</STRONG> (Thumb, 0 bytes, Stack size 0 bytes, startup_stm32f072xb.o(.text))
<BR>[Address Reference Count : 1]<UL><LI> startup_stm32f072xb.o(RESET)
</UL>
<P><STRONG><a name="[25]"></a>TIM3_IRQHandler</STRONG> (Thumb, 0 bytes, Stack size 0 bytes, startup_stm32f072xb.o(.text))
<BR>[Address Reference Count : 1]<UL><LI> startup_stm32f072xb.o(RESET)
</UL>
<P><STRONG><a name="[27]"></a>TIM7_IRQHandler</STRONG> (Thumb, 0 bytes, Stack size 0 bytes, startup_stm32f072xb.o(.text))
<BR>[Address Reference Count : 1]<UL><LI> startup_stm32f072xb.o(RESET)
</UL>
<P><STRONG><a name="[1d]"></a>TSC_IRQHandler</STRONG> (Thumb, 0 bytes, Stack size 0 bytes, startup_stm32f072xb.o(.text))
<BR>[Address Reference Count : 1]<UL><LI> startup_stm32f072xb.o(RESET)
</UL>
<P><STRONG><a name="[30]"></a>USART1_IRQHandler</STRONG> (Thumb, 0 bytes, Stack size 0 bytes, startup_stm32f072xb.o(.text))
<BR>[Address Reference Count : 1]<UL><LI> startup_stm32f072xb.o(RESET)
</UL>
<P><STRONG><a name="[31]"></a>USART2_IRQHandler</STRONG> (Thumb, 0 bytes, Stack size 0 bytes, startup_stm32f072xb.o(.text))
<BR>[Address Reference Count : 1]<UL><LI> startup_stm32f072xb.o(RESET)
</UL>
<P><STRONG><a name="[32]"></a>USART3_4_IRQHandler</STRONG> (Thumb, 0 bytes, Stack size 0 bytes, startup_stm32f072xb.o(.text))
<BR>[Address Reference Count : 1]<UL><LI> startup_stm32f072xb.o(RESET)
</UL>
<P><STRONG><a name="[34]"></a>USB_IRQHandler</STRONG> (Thumb, 0 bytes, Stack size 0 bytes, startup_stm32f072xb.o(.text))
<BR>[Address Reference Count : 1]<UL><LI> startup_stm32f072xb.o(RESET)
</UL>
<P><STRONG><a name="[15]"></a>WWDG_IRQHandler</STRONG> (Thumb, 0 bytes, Stack size 0 bytes, startup_stm32f072xb.o(.text))
<BR>[Address Reference Count : 1]<UL><LI> startup_stm32f072xb.o(RESET)
</UL>
<P><STRONG><a name="[6d]"></a>__user_initial_stackheap</STRONG> (Thumb, 0 bytes, Stack size unknown bytes, startup_stm32f072xb.o(.text))
<BR><BR>[Called By]<UL><LI><a href="#[3f]">&gt;&gt;</a>&nbsp;&nbsp;&nbsp;__user_setup_stackheap
</UL>

<P><STRONG><a name="[49]"></a>malloc</STRONG> (Thumb, 98 bytes, Stack size 16 bytes, h1_alloc.o(.text))
<BR><BR>[Stack]<UL><LI>Max Depth = 56<LI>Call Chain = malloc &rArr; __Heap_Full &rArr; __Heap_ProvideMemory &rArr; free
</UL>
<BR>[Calls]<UL><LI><a href="#[4b]">&gt;&gt;</a>&nbsp;&nbsp;&nbsp;__Heap_Full
<LI><a href="#[4a]">&gt;&gt;</a>&nbsp;&nbsp;&nbsp;__rt_heap_descriptor
</UL>
<BR>[Called By]<UL><LI><a href="#[a6]">&gt;&gt;</a>&nbsp;&nbsp;&nbsp;EnvoyerTrameUART
<LI><a href="#[77]">&gt;&gt;</a>&nbsp;&nbsp;&nbsp;AffichageEPaper
</UL>

<P><STRONG><a name="[4c]"></a>free</STRONG> (Thumb, 76 bytes, Stack size 16 bytes, h1_free.o(.text))
<BR><BR>[Stack]<UL><LI>Max Depth = 16<LI>Call Chain = free
</UL>
<BR>[Calls]<UL><LI><a href="#[4a]">&gt;&gt;</a>&nbsp;&nbsp;&nbsp;__rt_heap_descriptor
</UL>
<BR>[Called By]<UL><LI><a href="#[a6]">&gt;&gt;</a>&nbsp;&nbsp;&nbsp;EnvoyerTrameUART
<LI><a href="#[77]">&gt;&gt;</a>&nbsp;&nbsp;&nbsp;AffichageEPaper
<LI><a href="#[62]">&gt;&gt;</a>&nbsp;&nbsp;&nbsp;__Heap_ProvideMemory
</UL>

<P><STRONG><a name="[c7]"></a>__aeabi_uldivmod</STRONG> (Thumb, 258 bytes, Stack size 32 bytes, lludiv.o(.text))
<BR><BR>[Stack]<UL><LI>Max Depth = 32<LI>Call Chain = __aeabi_uldivmod
</UL>
<BR>[Called By]<UL><LI><a href="#[c4]">&gt;&gt;</a>&nbsp;&nbsp;&nbsp;HAL_RCC_GetSysClockFreq
</UL>

<P><STRONG><a name="[139]"></a>_ll_udiv</STRONG> (Thumb, 0 bytes, Stack size 32 bytes, lludiv.o(.text), UNUSED)

<P><STRONG><a name="[4d]"></a>__aeabi_memcpy</STRONG> (Thumb, 130 bytes, Stack size 24 bytes, rt_memcpy.o(.text))
<BR><BR>[Stack]<UL><LI>Max Depth = 24<LI>Call Chain = __aeabi_memcpy
</UL>
<BR>[Calls]<UL><LI><a href="#[4e]">&gt;&gt;</a>&nbsp;&nbsp;&nbsp;__aeabi_memcpy4
</UL>
<BR>[Called By]<UL><LI><a href="#[100]">&gt;&gt;</a>&nbsp;&nbsp;&nbsp;ReceptionnerTrameUART
<LI><a href="#[a6]">&gt;&gt;</a>&nbsp;&nbsp;&nbsp;EnvoyerTrameUART
</UL>

<P><STRONG><a name="[13a]"></a>__rt_memcpy</STRONG> (Thumb, 0 bytes, Stack size 24 bytes, rt_memcpy.o(.text), UNUSED)

<P><STRONG><a name="[50]"></a>_memset_w</STRONG> (Thumb, 26 bytes, Stack size 0 bytes, rt_memclr.o(.text))
<BR><BR>[Called By]<UL><LI><a href="#[52]">&gt;&gt;</a>&nbsp;&nbsp;&nbsp;__rt_memclr_w
<LI><a href="#[4f]">&gt;&gt;</a>&nbsp;&nbsp;&nbsp;_memset
</UL>

<P><STRONG><a name="[4f]"></a>_memset</STRONG> (Thumb, 30 bytes, Stack size 0 bytes, rt_memclr.o(.text))
<BR><BR>[Calls]<UL><LI><a href="#[50]">&gt;&gt;</a>&nbsp;&nbsp;&nbsp;_memset_w
</UL>
<BR>[Called By]<UL><LI><a href="#[51]">&gt;&gt;</a>&nbsp;&nbsp;&nbsp;__aeabi_memclr
</UL>

<P><STRONG><a name="[51]"></a>__aeabi_memclr</STRONG> (Thumb, 4 bytes, Stack size 0 bytes, rt_memclr.o(.text))
<BR><BR>[Calls]<UL><LI><a href="#[4f]">&gt;&gt;</a>&nbsp;&nbsp;&nbsp;_memset
</UL>
<BR>[Called By]<UL><LI><a href="#[a6]">&gt;&gt;</a>&nbsp;&nbsp;&nbsp;EnvoyerTrameUART
</UL>

<P><STRONG><a name="[13b]"></a>__rt_memclr</STRONG> (Thumb, 0 bytes, Stack size 0 bytes, rt_memclr.o(.text), UNUSED)

<P><STRONG><a name="[ae]"></a>__aeabi_memclr4</STRONG> (Thumb, 0 bytes, Stack size 0 bytes, rt_memclr.o(.text))
<BR><BR>[Called By]<UL><LI><a href="#[e1]">&gt;&gt;</a>&nbsp;&nbsp;&nbsp;HAL_UART_MspInit
<LI><a href="#[d2]">&gt;&gt;</a>&nbsp;&nbsp;&nbsp;HAL_SPI_MspInit
<LI><a href="#[b4]">&gt;&gt;</a>&nbsp;&nbsp;&nbsp;HAL_I2C_MspInit
<LI><a href="#[ad]">&gt;&gt;</a>&nbsp;&nbsp;&nbsp;HAL_ADC_MspInit
<LI><a href="#[ea]">&gt;&gt;</a>&nbsp;&nbsp;&nbsp;InitialiserGestionSommeil
<LI><a href="#[104]">&gt;&gt;</a>&nbsp;&nbsp;&nbsp;SystemClock_Config
<LI><a href="#[ef]">&gt;&gt;</a>&nbsp;&nbsp;&nbsp;MX_GPIO_Init
<LI><a href="#[81]">&gt;&gt;</a>&nbsp;&nbsp;&nbsp;Paint_DrawNumDecimals
</UL>

<P><STRONG><a name="[13c]"></a>__aeabi_memclr8</STRONG> (Thumb, 0 bytes, Stack size 0 bytes, rt_memclr.o(.text), UNUSED)

<P><STRONG><a name="[52]"></a>__rt_memclr_w</STRONG> (Thumb, 4 bytes, Stack size 0 bytes, rt_memclr.o(.text), UNUSED)
<BR><BR>[Calls]<UL><LI><a href="#[50]">&gt;&gt;</a>&nbsp;&nbsp;&nbsp;_memset_w
</UL>

<P><STRONG><a name="[13d]"></a>__aeabi_uidiv</STRONG> (Thumb, 0 bytes, Stack size 0 bytes, aeabi_sdiv.o(.text), UNUSED)

<P><STRONG><a name="[76]"></a>__aeabi_uidivmod</STRONG> (Thumb, 20 bytes, Stack size 0 bytes, aeabi_sdiv.o(.text))
<BR><BR>[Called By]<UL><LI><a href="#[bd]">&gt;&gt;</a>&nbsp;&nbsp;&nbsp;HAL_InitTick
<LI><a href="#[75]">&gt;&gt;</a>&nbsp;&nbsp;&nbsp;ADC_Enable
<LI><a href="#[ab]">&gt;&gt;</a>&nbsp;&nbsp;&nbsp;HAL_ADC_ConfigChannel
<LI><a href="#[10a]">&gt;&gt;</a>&nbsp;&nbsp;&nbsp;_read_values
<LI><a href="#[e3]">&gt;&gt;</a>&nbsp;&nbsp;&nbsp;UART_SetConfig
</UL>

<P><STRONG><a name="[13e]"></a>__aeabi_idiv</STRONG> (Thumb, 0 bytes, Stack size 8 bytes, aeabi_sdiv.o(.text), UNUSED)

<P><STRONG><a name="[fc]"></a>__aeabi_idivmod</STRONG> (Thumb, 326 bytes, Stack size 8 bytes, aeabi_sdiv.o(.text))
<BR><BR>[Stack]<UL><LI>Max Depth = 8<LI>Call Chain = __aeabi_idivmod
</UL>
<BR>[Called By]<UL><LI><a href="#[81]">&gt;&gt;</a>&nbsp;&nbsp;&nbsp;Paint_DrawNumDecimals
<LI><a href="#[7e]">&gt;&gt;</a>&nbsp;&nbsp;&nbsp;Paint_DrawLine
</UL>

<P><STRONG><a name="[13f]"></a>__use_two_region_memory</STRONG> (Thumb, 2 bytes, Stack size 0 bytes, heapauxi.o(.text), UNUSED)

<P><STRONG><a name="[6]"></a>__rt_heap_escrow</STRONG> (Thumb, 2 bytes, Stack size 0 bytes, heapauxi.o(.text), UNUSED)

<P><STRONG><a name="[5]"></a>__rt_heap_expand</STRONG> (Thumb, 2 bytes, Stack size 0 bytes, heapauxi.o(.text), UNUSED)

<P><STRONG><a name="[8f]"></a>__aeabi_d2f</STRONG> (Thumb, 0 bytes, Stack size 12 bytes, d2f.o(.text))
<BR><BR>[Stack]<UL><LI>Max Depth = 12<LI>Call Chain = __aeabi_d2f
</UL>
<BR>[Called By]<UL><LI><a href="#[8a]">&gt;&gt;</a>&nbsp;&nbsp;&nbsp;ConversionValeurAdcEnVolt
<LI><a href="#[81]">&gt;&gt;</a>&nbsp;&nbsp;&nbsp;Paint_DrawNumDecimals
</UL>

<P><STRONG><a name="[140]"></a>_d2f</STRONG> (Thumb, 120 bytes, Stack size 12 bytes, d2f.o(.text), UNUSED)

<P><STRONG><a name="[141]"></a>__aeabi_dadd</STRONG> (Thumb, 0 bytes, Stack size 8 bytes, daddsub.o(.text), UNUSED)

<P><STRONG><a name="[53]"></a>_dadd</STRONG> (Thumb, 26 bytes, Stack size 8 bytes, daddsub.o(.text), UNUSED)
<BR><BR>[Calls]<UL><LI><a href="#[54]">&gt;&gt;</a>&nbsp;&nbsp;&nbsp;_dsub1
<LI><a href="#[55]">&gt;&gt;</a>&nbsp;&nbsp;&nbsp;_dadd1
</UL>

<P><STRONG><a name="[142]"></a>__aeabi_dsub</STRONG> (Thumb, 0 bytes, Stack size 8 bytes, daddsub.o(.text), UNUSED)

<P><STRONG><a name="[56]"></a>_dsub</STRONG> (Thumb, 22 bytes, Stack size 8 bytes, daddsub.o(.text), UNUSED)
<BR><BR>[Calls]<UL><LI><a href="#[54]">&gt;&gt;</a>&nbsp;&nbsp;&nbsp;_dsub1
<LI><a href="#[55]">&gt;&gt;</a>&nbsp;&nbsp;&nbsp;_dadd1
</UL>

<P><STRONG><a name="[fe]"></a>__aeabi_drsub</STRONG> (Thumb, 0 bytes, Stack size 16 bytes, daddsub.o(.text))
<BR><BR>[Stack]<UL><LI>Max Depth = 16<LI>Call Chain = __aeabi_drsub
</UL>
<BR>[Called By]<UL><LI><a href="#[81]">&gt;&gt;</a>&nbsp;&nbsp;&nbsp;Paint_DrawNumDecimals
</UL>

<P><STRONG><a name="[57]"></a>_drsb</STRONG> (Thumb, 28 bytes, Stack size 16 bytes, daddsub.o(.text), UNUSED)
<BR><BR>[Calls]<UL><LI><a href="#[54]">&gt;&gt;</a>&nbsp;&nbsp;&nbsp;_dsub1
<LI><a href="#[55]">&gt;&gt;</a>&nbsp;&nbsp;&nbsp;_dadd1
</UL>

<P><STRONG><a name="[8e]"></a>__aeabi_ddiv</STRONG> (Thumb, 0 bytes, Stack size 64 bytes, ddiv.o(.text))
<BR><BR>[Stack]<UL><LI>Max Depth = 64<LI>Call Chain = __aeabi_ddiv
</UL>
<BR>[Called By]<UL><LI><a href="#[8a]">&gt;&gt;</a>&nbsp;&nbsp;&nbsp;ConversionValeurAdcEnVolt
</UL>

<P><STRONG><a name="[59]"></a>_ddiv</STRONG> (Thumb, 1072 bytes, Stack size 64 bytes, ddiv.o(.text), UNUSED)
<BR><BR>[Called By]<UL><LI><a href="#[58]">&gt;&gt;</a>&nbsp;&nbsp;&nbsp;_drdiv
</UL>

<P><STRONG><a name="[58]"></a>_drdiv</STRONG> (Thumb, 20 bytes, Stack size 16 bytes, ddiv.o(.text), UNUSED)
<BR><BR>[Calls]<UL><LI><a href="#[59]">&gt;&gt;</a>&nbsp;&nbsp;&nbsp;_ddiv
</UL>

<P><STRONG><a name="[fd]"></a>__aeabi_d2iz</STRONG> (Thumb, 0 bytes, Stack size 12 bytes, dfixi.o(.text))
<BR><BR>[Stack]<UL><LI>Max Depth = 12<LI>Call Chain = __aeabi_d2iz
</UL>
<BR>[Called By]<UL><LI><a href="#[81]">&gt;&gt;</a>&nbsp;&nbsp;&nbsp;Paint_DrawNumDecimals
</UL>

<P><STRONG><a name="[143]"></a>_dfix</STRONG> (Thumb, 98 bytes, Stack size 12 bytes, dfixi.o(.text), UNUSED)

<P><STRONG><a name="[5b]"></a>__aeabi_i2d_normalise</STRONG> (Thumb, 66 bytes, Stack size 0 bytes, dflti.o(.text))
<BR><BR>[Called By]<UL><LI><a href="#[5c]">&gt;&gt;</a>&nbsp;&nbsp;&nbsp;__aeabi_ui2d
<LI><a href="#[5a]">&gt;&gt;</a>&nbsp;&nbsp;&nbsp;__aeabi_i2d
</UL>

<P><STRONG><a name="[5a]"></a>__aeabi_i2d</STRONG> (Thumb, 16 bytes, Stack size 0 bytes, dflti.o(.text))
<BR><BR>[Calls]<UL><LI><a href="#[5b]">&gt;&gt;</a>&nbsp;&nbsp;&nbsp;__aeabi_i2d_normalise
</UL>
<BR>[Called By]<UL><LI><a href="#[81]">&gt;&gt;</a>&nbsp;&nbsp;&nbsp;Paint_DrawNumDecimals
</UL>

<P><STRONG><a name="[144]"></a>_dflt</STRONG> (Thumb, 0 bytes, Stack size 0 bytes, dflti.o(.text), UNUSED)

<P><STRONG><a name="[5c]"></a>__aeabi_ui2d</STRONG> (Thumb, 6 bytes, Stack size 0 bytes, dflti.o(.text))
<BR><BR>[Calls]<UL><LI><a href="#[5b]">&gt;&gt;</a>&nbsp;&nbsp;&nbsp;__aeabi_i2d_normalise
</UL>
<BR>[Called By]<UL><LI><a href="#[43]">&gt;&gt;</a>&nbsp;&nbsp;&nbsp;main
<LI><a href="#[8a]">&gt;&gt;</a>&nbsp;&nbsp;&nbsp;ConversionValeurAdcEnVolt
</UL>

<P><STRONG><a name="[145]"></a>_dfltu</STRONG> (Thumb, 0 bytes, Stack size 0 bytes, dflti.o(.text), UNUSED)

<P><STRONG><a name="[8d]"></a>__aeabi_dmul</STRONG> (Thumb, 0 bytes, Stack size 56 bytes, dmul.o(.text))
<BR><BR>[Stack]<UL><LI>Max Depth = 56<LI>Call Chain = __aeabi_dmul
</UL>
<BR>[Called By]<UL><LI><a href="#[8a]">&gt;&gt;</a>&nbsp;&nbsp;&nbsp;ConversionValeurAdcEnVolt
</UL>

<P><STRONG><a name="[146]"></a>_dmul</STRONG> (Thumb, 558 bytes, Stack size 56 bytes, dmul.o(.text), UNUSED)

<P><STRONG><a name="[80]"></a>__aeabi_f2d</STRONG> (Thumb, 0 bytes, Stack size 0 bytes, f2d.o(.text))
<BR><BR>[Called By]<UL><LI><a href="#[9e]">&gt;&gt;</a>&nbsp;&nbsp;&nbsp;EffectuerMesuresSonde
<LI><a href="#[77]">&gt;&gt;</a>&nbsp;&nbsp;&nbsp;AffichageEPaper
<LI><a href="#[87]">&gt;&gt;</a>&nbsp;&nbsp;&nbsp;ControleEtatChargeBatterie
</UL>

<P><STRONG><a name="[147]"></a>_f2d</STRONG> (Thumb, 80 bytes, Stack size 0 bytes, f2d.o(.text), UNUSED)

<P><STRONG><a name="[91]"></a>__aeabi_fdiv</STRONG> (Thumb, 0 bytes, Stack size 20 bytes, fdiv.o(.text))
<BR><BR>[Stack]<UL><LI>Max Depth = 20<LI>Call Chain = __aeabi_fdiv
</UL>
<BR>[Called By]<UL><LI><a href="#[9e]">&gt;&gt;</a>&nbsp;&nbsp;&nbsp;EffectuerMesuresSonde
<LI><a href="#[8a]">&gt;&gt;</a>&nbsp;&nbsp;&nbsp;ConversionValeurAdcEnVolt
</UL>

<P><STRONG><a name="[5e]"></a>_fdiv</STRONG> (Thumb, 334 bytes, Stack size 20 bytes, fdiv.o(.text), UNUSED)
<BR><BR>[Called By]<UL><LI><a href="#[5d]">&gt;&gt;</a>&nbsp;&nbsp;&nbsp;_frdiv
</UL>

<P><STRONG><a name="[5d]"></a>_frdiv</STRONG> (Thumb, 8 bytes, Stack size 0 bytes, fdiv.o(.text), UNUSED)
<BR><BR>[Calls]<UL><LI><a href="#[5e]">&gt;&gt;</a>&nbsp;&nbsp;&nbsp;_fdiv
</UL>

<P><STRONG><a name="[ff]"></a>__aeabi_f2iz</STRONG> (Thumb, 0 bytes, Stack size 8 bytes, ffixi.o(.text))
<BR><BR>[Stack]<UL><LI>Max Depth = 8<LI>Call Chain = __aeabi_f2iz
</UL>
<BR>[Called By]<UL><LI><a href="#[81]">&gt;&gt;</a>&nbsp;&nbsp;&nbsp;Paint_DrawNumDecimals
</UL>

<P><STRONG><a name="[148]"></a>_ffix</STRONG> (Thumb, 76 bytes, Stack size 8 bytes, ffixi.o(.text), UNUSED)

<P><STRONG><a name="[89]"></a>__aeabi_f2uiz</STRONG> (Thumb, 0 bytes, Stack size 0 bytes, ffixui.o(.text))
<BR><BR>[Called By]<UL><LI><a href="#[87]">&gt;&gt;</a>&nbsp;&nbsp;&nbsp;ControleEtatChargeBatterie
</UL>

<P><STRONG><a name="[149]"></a>_ffixu</STRONG> (Thumb, 48 bytes, Stack size 0 bytes, ffixui.o(.text), UNUSED)

<P><STRONG><a name="[60]"></a>__aeabi_i2f_normalise</STRONG> (Thumb, 72 bytes, Stack size 0 bytes, fflti.o(.text))
<BR><BR>[Called By]<UL><LI><a href="#[61]">&gt;&gt;</a>&nbsp;&nbsp;&nbsp;__aeabi_ui2f
<LI><a href="#[5f]">&gt;&gt;</a>&nbsp;&nbsp;&nbsp;__aeabi_i2f
</UL>

<P><STRONG><a name="[5f]"></a>__aeabi_i2f</STRONG> (Thumb, 16 bytes, Stack size 0 bytes, fflti.o(.text))
<BR><BR>[Calls]<UL><LI><a href="#[60]">&gt;&gt;</a>&nbsp;&nbsp;&nbsp;__aeabi_i2f_normalise
</UL>
<BR>[Called By]<UL><LI><a href="#[9e]">&gt;&gt;</a>&nbsp;&nbsp;&nbsp;EffectuerMesuresSonde
</UL>

<P><STRONG><a name="[14a]"></a>_fflt</STRONG> (Thumb, 0 bytes, Stack size 0 bytes, fflti.o(.text), UNUSED)

<P><STRONG><a name="[61]"></a>__aeabi_ui2f</STRONG> (Thumb, 6 bytes, Stack size 0 bytes, fflti.o(.text))
<BR><BR>[Calls]<UL><LI><a href="#[60]">&gt;&gt;</a>&nbsp;&nbsp;&nbsp;__aeabi_i2f_normalise
</UL>
<BR>[Called By]<UL><LI><a href="#[8a]">&gt;&gt;</a>&nbsp;&nbsp;&nbsp;ConversionValeurAdcEnVolt
<LI><a href="#[87]">&gt;&gt;</a>&nbsp;&nbsp;&nbsp;ControleEtatChargeBatterie
</UL>

<P><STRONG><a name="[14b]"></a>_ffltu</STRONG> (Thumb, 0 bytes, Stack size 0 bytes, fflti.o(.text), UNUSED)

<P><STRONG><a name="[4a]"></a>__rt_heap_descriptor</STRONG> (Thumb, 8 bytes, Stack size 0 bytes, rt_heap_descriptor_intlibspace.o(.text))
<BR><BR>[Called By]<UL><LI><a href="#[3d]">&gt;&gt;</a>&nbsp;&nbsp;&nbsp;_init_alloc
<LI><a href="#[4c]">&gt;&gt;</a>&nbsp;&nbsp;&nbsp;free
<LI><a href="#[49]">&gt;&gt;</a>&nbsp;&nbsp;&nbsp;malloc
</UL>

<P><STRONG><a name="[14c]"></a>__use_no_heap</STRONG> (Thumb, 2 bytes, Stack size 0 bytes, hguard.o(.text), UNUSED)

<P><STRONG><a name="[14d]"></a>__heap$guard</STRONG> (Thumb, 2 bytes, Stack size 0 bytes, hguard.o(.text), UNUSED)

<P><STRONG><a name="[d]"></a>_terminate_user_alloc</STRONG> (Thumb, 2 bytes, Stack size 0 bytes, init_alloc.o(.text), UNUSED)

<P><STRONG><a name="[9]"></a>_init_user_alloc</STRONG> (Thumb, 2 bytes, Stack size 0 bytes, init_alloc.o(.text), UNUSED)

<P><STRONG><a name="[4b]"></a>__Heap_Full</STRONG> (Thumb, 32 bytes, Stack size 16 bytes, init_alloc.o(.text))
<BR><BR>[Stack]<UL><LI>Max Depth = 40<LI>Call Chain = __Heap_Full &rArr; __Heap_ProvideMemory &rArr; free
</UL>
<BR>[Calls]<UL><LI><a href="#[62]">&gt;&gt;</a>&nbsp;&nbsp;&nbsp;__Heap_ProvideMemory
</UL>
<BR>[Called By]<UL><LI><a href="#[49]">&gt;&gt;</a>&nbsp;&nbsp;&nbsp;malloc
</UL>

<P><STRONG><a name="[63]"></a>__Heap_Broken</STRONG> (Thumb, 10 bytes, Stack size 8 bytes, init_alloc.o(.text), UNUSED)
<BR><BR>[Calls]<UL><LI><a href="#[64]">&gt;&gt;</a>&nbsp;&nbsp;&nbsp;__rt_SIGRTMEM
</UL>

<P><STRONG><a name="[3d]"></a>_init_alloc</STRONG> (Thumb, 90 bytes, Stack size 24 bytes, init_alloc.o(.text))
<BR><BR>[Stack]<UL><LI>Max Depth = 64<LI>Call Chain = _init_alloc &rArr; __rt_SIGRTMEM &rArr; __rt_SIGRTMEM_inner &rArr; __default_signal_display &rArr; _ttywrch
</UL>
<BR>[Calls]<UL><LI><a href="#[64]">&gt;&gt;</a>&nbsp;&nbsp;&nbsp;__rt_SIGRTMEM
<LI><a href="#[62]">&gt;&gt;</a>&nbsp;&nbsp;&nbsp;__Heap_ProvideMemory
<LI><a href="#[65]">&gt;&gt;</a>&nbsp;&nbsp;&nbsp;__Heap_Initialize
<LI><a href="#[4a]">&gt;&gt;</a>&nbsp;&nbsp;&nbsp;__rt_heap_descriptor
</UL>
<BR>[Called By]<UL><LI><a href="#[3c]">&gt;&gt;</a>&nbsp;&nbsp;&nbsp;__rt_lib_init_heap_2
</UL>

<P><STRONG><a name="[65]"></a>__Heap_Initialize</STRONG> (Thumb, 10 bytes, Stack size 0 bytes, h1_init.o(.text))
<BR><BR>[Called By]<UL><LI><a href="#[3d]">&gt;&gt;</a>&nbsp;&nbsp;&nbsp;_init_alloc
</UL>

<P><STRONG><a name="[7]"></a>__Heap_DescSize</STRONG> (Thumb, 4 bytes, Stack size 0 bytes, h1_init.o(.text), UNUSED)

<P><STRONG><a name="[66]"></a>__fpl_dcmp_InfNaN</STRONG> (Thumb, 140 bytes, Stack size 24 bytes, dcmpin.o(.text), UNUSED)
<BR><BR>[Calls]<UL><LI><a href="#[68]">&gt;&gt;</a>&nbsp;&nbsp;&nbsp;__fpl_dcheck_NaN2
<LI><a href="#[67]">&gt;&gt;</a>&nbsp;&nbsp;&nbsp;__fpl_cmpreturn
</UL>
<BR>[Called By]<UL><LI><a href="#[10e]">&gt;&gt;</a>&nbsp;&nbsp;&nbsp;_drcmple
<LI><a href="#[10d]">&gt;&gt;</a>&nbsp;&nbsp;&nbsp;_dcmple
</UL>

<P><STRONG><a name="[14e]"></a>__user_libspace</STRONG> (Thumb, 8 bytes, Stack size 0 bytes, libspace.o(.text), UNUSED)

<P><STRONG><a name="[6c]"></a>__user_perproc_libspace</STRONG> (Thumb, 0 bytes, Stack size 0 bytes, libspace.o(.text))
<BR><BR>[Called By]<UL><LI><a href="#[3f]">&gt;&gt;</a>&nbsp;&nbsp;&nbsp;__user_setup_stackheap
</UL>

<P><STRONG><a name="[14f]"></a>__user_perthread_libspace</STRONG> (Thumb, 0 bytes, Stack size 0 bytes, libspace.o(.text), UNUSED)

<P><STRONG><a name="[62]"></a>__Heap_ProvideMemory</STRONG> (Thumb, 52 bytes, Stack size 8 bytes, h1_extend.o(.text))
<BR><BR>[Stack]<UL><LI>Max Depth = 24<LI>Call Chain = __Heap_ProvideMemory &rArr; free
</UL>
<BR>[Calls]<UL><LI><a href="#[4c]">&gt;&gt;</a>&nbsp;&nbsp;&nbsp;free
</UL>
<BR>[Called By]<UL><LI><a href="#[3d]">&gt;&gt;</a>&nbsp;&nbsp;&nbsp;_init_alloc
<LI><a href="#[4b]">&gt;&gt;</a>&nbsp;&nbsp;&nbsp;__Heap_Full
</UL>

<P><STRONG><a name="[64]"></a>__rt_SIGRTMEM</STRONG> (Thumb, 12 bytes, Stack size 8 bytes, defsig_rtmem_outer.o(.text))
<BR><BR>[Stack]<UL><LI>Max Depth = 40<LI>Call Chain = __rt_SIGRTMEM &rArr; __rt_SIGRTMEM_inner &rArr; __default_signal_display &rArr; _ttywrch
</UL>
<BR>[Calls]<UL><LI><a href="#[69]">&gt;&gt;</a>&nbsp;&nbsp;&nbsp;__rt_SIGRTMEM_inner
<LI><a href="#[6a]">&gt;&gt;</a>&nbsp;&nbsp;&nbsp;__sig_exit
</UL>
<BR>[Called By]<UL><LI><a href="#[3d]">&gt;&gt;</a>&nbsp;&nbsp;&nbsp;_init_alloc
<LI><a href="#[63]">&gt;&gt;</a>&nbsp;&nbsp;&nbsp;__Heap_Broken
</UL>

<P><STRONG><a name="[67]"></a>__fpl_cmpreturn</STRONG> (Thumb, 46 bytes, Stack size 0 bytes, cmpret.o(.text), UNUSED)
<BR><BR>[Called By]<UL><LI><a href="#[6b]">&gt;&gt;</a>&nbsp;&nbsp;&nbsp;__fpl_return_NaN
<LI><a href="#[66]">&gt;&gt;</a>&nbsp;&nbsp;&nbsp;__fpl_dcmp_InfNaN
</UL>

<P><STRONG><a name="[68]"></a>__fpl_dcheck_NaN2</STRONG> (Thumb, 14 bytes, Stack size 8 bytes, dnan2.o(.text), UNUSED)
<BR><BR>[Calls]<UL><LI><a href="#[6b]">&gt;&gt;</a>&nbsp;&nbsp;&nbsp;__fpl_return_NaN
</UL>
<BR>[Called By]<UL><LI><a href="#[66]">&gt;&gt;</a>&nbsp;&nbsp;&nbsp;__fpl_dcmp_InfNaN
</UL>

<P><STRONG><a name="[150]"></a>__I$use$semihosting</STRONG> (Thumb, 0 bytes, Stack size 0 bytes, use_no_semi.o(.text), UNUSED)

<P><STRONG><a name="[151]"></a>__use_no_semihosting_swi</STRONG> (Thumb, 2 bytes, Stack size 0 bytes, use_no_semi.o(.text), UNUSED)

<P><STRONG><a name="[152]"></a>__semihosting_library_function</STRONG> (Thumb, 0 bytes, Stack size 8 bytes, indicate_semi.o(.text), UNUSED)

<P><STRONG><a name="[3f]"></a>__user_setup_stackheap</STRONG> (Thumb, 62 bytes, Stack size 8 bytes, sys_stackheap_outer.o(.text))
<BR><BR>[Stack]<UL><LI>Max Depth = 8 + Unknown Stack Size
<LI>Call Chain = __user_setup_stackheap
</UL>
<BR>[Calls]<UL><LI><a href="#[6d]">&gt;&gt;</a>&nbsp;&nbsp;&nbsp;__user_initial_stackheap
<LI><a href="#[6c]">&gt;&gt;</a>&nbsp;&nbsp;&nbsp;__user_perproc_libspace
</UL>
<BR>[Called By]<UL><LI><a href="#[3e]">&gt;&gt;</a>&nbsp;&nbsp;&nbsp;__rt_entry_sh
</UL>

<P><STRONG><a name="[44]"></a>exit</STRONG> (Thumb, 16 bytes, Stack size 8 bytes, exit.o(.text))
<BR><BR>[Stack]<UL><LI>Max Depth = 8 + Unknown Stack Size
<LI>Call Chain = exit
</UL>
<BR>[Calls]<UL><LI><a href="#[6f]">&gt;&gt;</a>&nbsp;&nbsp;&nbsp;__rt_exit
<LI><a href="#[6e]">&gt;&gt;</a>&nbsp;&nbsp;&nbsp;_call_atexit_fns (Weak Reference)
</UL>
<BR>[Called By]<UL><LI><a href="#[42]">&gt;&gt;</a>&nbsp;&nbsp;&nbsp;__rt_entry_main
</UL>

<P><STRONG><a name="[6a]"></a>__sig_exit</STRONG> (Thumb, 12 bytes, Stack size 8 bytes, defsig_exit.o(.text))
<BR><BR>[Stack]<UL><LI>Max Depth = 8<LI>Call Chain = __sig_exit
</UL>
<BR>[Calls]<UL><LI><a href="#[48]">&gt;&gt;</a>&nbsp;&nbsp;&nbsp;_sys_exit
</UL>
<BR>[Called By]<UL><LI><a href="#[64]">&gt;&gt;</a>&nbsp;&nbsp;&nbsp;__rt_SIGRTMEM
</UL>

<P><STRONG><a name="[69]"></a>__rt_SIGRTMEM_inner</STRONG> (Thumb, 22 bytes, Stack size 8 bytes, defsig_rtmem_inner.o(.text))
<BR><BR>[Stack]<UL><LI>Max Depth = 32<LI>Call Chain = __rt_SIGRTMEM_inner &rArr; __default_signal_display &rArr; _ttywrch
</UL>
<BR>[Calls]<UL><LI><a href="#[70]">&gt;&gt;</a>&nbsp;&nbsp;&nbsp;__default_signal_display
</UL>
<BR>[Called By]<UL><LI><a href="#[64]">&gt;&gt;</a>&nbsp;&nbsp;&nbsp;__rt_SIGRTMEM
</UL>

<P><STRONG><a name="[6b]"></a>__fpl_return_NaN</STRONG> (Thumb, 94 bytes, Stack size 8 bytes, retnan.o(.text), UNUSED)
<BR><BR>[Calls]<UL><LI><a href="#[67]">&gt;&gt;</a>&nbsp;&nbsp;&nbsp;__fpl_cmpreturn
</UL>
<BR>[Called By]<UL><LI><a href="#[68]">&gt;&gt;</a>&nbsp;&nbsp;&nbsp;__fpl_dcheck_NaN2
</UL>

<P><STRONG><a name="[48]"></a>_sys_exit</STRONG> (Thumb, 8 bytes, Stack size 0 bytes, sys_exit.o(.text))
<BR><BR>[Called By]<UL><LI><a href="#[47]">&gt;&gt;</a>&nbsp;&nbsp;&nbsp;__rt_exit_exit
<LI><a href="#[6a]">&gt;&gt;</a>&nbsp;&nbsp;&nbsp;__sig_exit
</UL>

<P><STRONG><a name="[70]"></a>__default_signal_display</STRONG> (Thumb, 52 bytes, Stack size 16 bytes, defsig_general.o(.text))
<BR><BR>[Stack]<UL><LI>Max Depth = 24<LI>Call Chain = __default_signal_display &rArr; _ttywrch
</UL>
<BR>[Calls]<UL><LI><a href="#[71]">&gt;&gt;</a>&nbsp;&nbsp;&nbsp;_ttywrch
</UL>
<BR>[Called By]<UL><LI><a href="#[69]">&gt;&gt;</a>&nbsp;&nbsp;&nbsp;__rt_SIGRTMEM_inner
</UL>

<P><STRONG><a name="[71]"></a>_ttywrch</STRONG> (Thumb, 12 bytes, Stack size 8 bytes, sys_wrch.o(.text))
<BR><BR>[Stack]<UL><LI>Max Depth = 8<LI>Call Chain = _ttywrch
</UL>
<BR>[Called By]<UL><LI><a href="#[70]">&gt;&gt;</a>&nbsp;&nbsp;&nbsp;__default_signal_display
</UL>

<P><STRONG><a name="[77]"></a>AffichageEPaper</STRONG> (Thumb, 652 bytes, Stack size 48 bytes, affichage.o(i.AffichageEPaper))
<BR><BR>[Stack]<UL><LI>Max Depth = 748<LI>Call Chain = AffichageEPaper &rArr; Paint_DrawNumDecimals &rArr; Paint_DrawString_EN &rArr; Paint_DrawChar &rArr; Paint_SetPixel
</UL>
<BR>[Calls]<UL><LI><a href="#[80]">&gt;&gt;</a>&nbsp;&nbsp;&nbsp;__aeabi_f2d
<LI><a href="#[4c]">&gt;&gt;</a>&nbsp;&nbsp;&nbsp;free
<LI><a href="#[49]">&gt;&gt;</a>&nbsp;&nbsp;&nbsp;malloc
<LI><a href="#[79]">&gt;&gt;</a>&nbsp;&nbsp;&nbsp;EPD_2in13_V4_Init
<LI><a href="#[82]">&gt;&gt;</a>&nbsp;&nbsp;&nbsp;EPD_2in13_V4_Display_Base
<LI><a href="#[7b]">&gt;&gt;</a>&nbsp;&nbsp;&nbsp;Paint_SelectImage
<LI><a href="#[7a]">&gt;&gt;</a>&nbsp;&nbsp;&nbsp;Paint_NewImage
<LI><a href="#[7d]">&gt;&gt;</a>&nbsp;&nbsp;&nbsp;Paint_DrawString_EN
<LI><a href="#[81]">&gt;&gt;</a>&nbsp;&nbsp;&nbsp;Paint_DrawNumDecimals
<LI><a href="#[7e]">&gt;&gt;</a>&nbsp;&nbsp;&nbsp;Paint_DrawLine
<LI><a href="#[7f]">&gt;&gt;</a>&nbsp;&nbsp;&nbsp;Paint_DrawCircle
<LI><a href="#[7c]">&gt;&gt;</a>&nbsp;&nbsp;&nbsp;Paint_Clear
<LI><a href="#[78]">&gt;&gt;</a>&nbsp;&nbsp;&nbsp;DEV_Module_Init
<LI><a href="#[83]">&gt;&gt;</a>&nbsp;&nbsp;&nbsp;DEV_Module_Exit
</UL>
<BR>[Called By]<UL><LI><a href="#[43]">&gt;&gt;</a>&nbsp;&nbsp;&nbsp;main
</UL>

<P><STRONG><a name="[84]"></a>ArreterLectureTensionBatterie</STRONG> (Thumb, 32 bytes, Stack size 16 bytes, gestionbatterie.o(i.ArreterLectureTensionBatterie))
<BR><BR>[Stack]<UL><LI>Max Depth = 16<LI>Call Chain = ArreterLectureTensionBatterie
</UL>
<BR>[Calls]<UL><LI><a href="#[85]">&gt;&gt;</a>&nbsp;&nbsp;&nbsp;HAL_GPIO_WritePin
<LI><a href="#[86]">&gt;&gt;</a>&nbsp;&nbsp;&nbsp;HAL_TIM_Base_Stop_IT
</UL>
<BR>[Called By]<UL><LI><a href="#[f8]">&gt;&gt;</a>&nbsp;&nbsp;&nbsp;MesurerEtatBatterie
</UL>

<P><STRONG><a name="[87]"></a>ControleEtatChargeBatterie</STRONG> (Thumb, 122 bytes, Stack size 32 bytes, gestionbatterie.o(i.ControleEtatChargeBatterie))
<BR><BR>[Stack]<UL><LI>Max Depth = 160<LI>Call Chain = ControleEtatChargeBatterie &rArr; ConversionValeurAdcEnVolt &rArr; __aeabi_ddiv
</UL>
<BR>[Calls]<UL><LI><a href="#[85]">&gt;&gt;</a>&nbsp;&nbsp;&nbsp;HAL_GPIO_WritePin
<LI><a href="#[61]">&gt;&gt;</a>&nbsp;&nbsp;&nbsp;__aeabi_ui2f
<LI><a href="#[89]">&gt;&gt;</a>&nbsp;&nbsp;&nbsp;__aeabi_f2uiz
<LI><a href="#[80]">&gt;&gt;</a>&nbsp;&nbsp;&nbsp;__aeabi_f2d
<LI><a href="#[8b]">&gt;&gt;</a>&nbsp;&nbsp;&nbsp;__aeabi_cdrcmple
<LI><a href="#[8c]">&gt;&gt;</a>&nbsp;&nbsp;&nbsp;__aeabi_cdcmple
<LI><a href="#[88]">&gt;&gt;</a>&nbsp;&nbsp;&nbsp;LectureValeurAdcBrute
<LI><a href="#[8a]">&gt;&gt;</a>&nbsp;&nbsp;&nbsp;ConversionValeurAdcEnVolt
</UL>
<BR>[Called By]<UL><LI><a href="#[f8]">&gt;&gt;</a>&nbsp;&nbsp;&nbsp;MesurerEtatBatterie
</UL>

<P><STRONG><a name="[8a]"></a>ConversionValeurAdcEnVolt</STRONG> (Thumb, 88 bytes, Stack size 64 bytes, fonctionsadc.o(i.ConversionValeurAdcEnVolt))
<BR><BR>[Stack]<UL><LI>Max Depth = 128<LI>Call Chain = ConversionValeurAdcEnVolt &rArr; __aeabi_ddiv
</UL>
<BR>[Calls]<UL><LI><a href="#[90]">&gt;&gt;</a>&nbsp;&nbsp;&nbsp;__aeabi_fmul
<LI><a href="#[61]">&gt;&gt;</a>&nbsp;&nbsp;&nbsp;__aeabi_ui2f
<LI><a href="#[91]">&gt;&gt;</a>&nbsp;&nbsp;&nbsp;__aeabi_fdiv
<LI><a href="#[8d]">&gt;&gt;</a>&nbsp;&nbsp;&nbsp;__aeabi_dmul
<LI><a href="#[5c]">&gt;&gt;</a>&nbsp;&nbsp;&nbsp;__aeabi_ui2d
<LI><a href="#[8e]">&gt;&gt;</a>&nbsp;&nbsp;&nbsp;__aeabi_ddiv
<LI><a href="#[8f]">&gt;&gt;</a>&nbsp;&nbsp;&nbsp;__aeabi_d2f
</UL>
<BR>[Called By]<UL><LI><a href="#[87]">&gt;&gt;</a>&nbsp;&nbsp;&nbsp;ControleEtatChargeBatterie
</UL>

<P><STRONG><a name="[83]"></a>DEV_Module_Exit</STRONG> (Thumb, 40 bytes, Stack size 8 bytes, dev_config.o(i.DEV_Module_Exit))
<BR><BR>[Stack]<UL><LI>Max Depth = 8<LI>Call Chain = DEV_Module_Exit
</UL>
<BR>[Calls]<UL><LI><a href="#[85]">&gt;&gt;</a>&nbsp;&nbsp;&nbsp;HAL_GPIO_WritePin
</UL>
<BR>[Called By]<UL><LI><a href="#[77]">&gt;&gt;</a>&nbsp;&nbsp;&nbsp;AffichageEPaper
</UL>

<P><STRONG><a name="[78]"></a>DEV_Module_Init</STRONG> (Thumb, 42 bytes, Stack size 8 bytes, dev_config.o(i.DEV_Module_Init))
<BR><BR>[Stack]<UL><LI>Max Depth = 8<LI>Call Chain = DEV_Module_Init
</UL>
<BR>[Calls]<UL><LI><a href="#[85]">&gt;&gt;</a>&nbsp;&nbsp;&nbsp;HAL_GPIO_WritePin
</UL>
<BR>[Called By]<UL><LI><a href="#[77]">&gt;&gt;</a>&nbsp;&nbsp;&nbsp;AffichageEPaper
</UL>

<P><STRONG><a name="[92]"></a>DEV_SPI_WriteByte</STRONG> (Thumb, 18 bytes, Stack size 8 bytes, dev_config.o(i.DEV_SPI_WriteByte))
<BR><BR>[Stack]<UL><LI>Max Depth = 128<LI>Call Chain = DEV_SPI_WriteByte &rArr; HAL_SPI_Transmit &rArr; SPI_EndRxTxTransaction &rArr; SPI_WaitFlagStateUntilTimeout
</UL>
<BR>[Calls]<UL><LI><a href="#[93]">&gt;&gt;</a>&nbsp;&nbsp;&nbsp;HAL_SPI_Transmit
</UL>
<BR>[Called By]<UL><LI><a href="#[95]">&gt;&gt;</a>&nbsp;&nbsp;&nbsp;EPD_2in13_V4_SendData
<LI><a href="#[94]">&gt;&gt;</a>&nbsp;&nbsp;&nbsp;EPD_2in13_V4_SendCommand
</UL>

<P><STRONG><a name="[82]"></a>EPD_2in13_V4_Display_Base</STRONG> (Thumb, 104 bytes, Stack size 24 bytes, epd_2in13_v4.o(i.EPD_2in13_V4_Display_Base))
<BR><BR>[Stack]<UL><LI>Max Depth = 168<LI>Call Chain = EPD_2in13_V4_Display_Base &rArr; EPD_2in13_V4_TurnOnDisplay &rArr; EPD_2in13_V4_SendData &rArr; DEV_SPI_WriteByte &rArr; HAL_SPI_Transmit &rArr; SPI_EndRxTxTransaction &rArr; SPI_WaitFlagStateUntilTimeout
</UL>
<BR>[Calls]<UL><LI><a href="#[96]">&gt;&gt;</a>&nbsp;&nbsp;&nbsp;EPD_2in13_V4_TurnOnDisplay
<LI><a href="#[95]">&gt;&gt;</a>&nbsp;&nbsp;&nbsp;EPD_2in13_V4_SendData
<LI><a href="#[94]">&gt;&gt;</a>&nbsp;&nbsp;&nbsp;EPD_2in13_V4_SendCommand
</UL>
<BR>[Called By]<UL><LI><a href="#[77]">&gt;&gt;</a>&nbsp;&nbsp;&nbsp;AffichageEPaper
</UL>

<P><STRONG><a name="[79]"></a>EPD_2in13_V4_Init</STRONG> (Thumb, 124 bytes, Stack size 8 bytes, epd_2in13_v4.o(i.EPD_2in13_V4_Init))
<BR><BR>[Stack]<UL><LI>Max Depth = 168<LI>Call Chain = EPD_2in13_V4_Init &rArr; EPD_2in13_V4_SetWindows &rArr; EPD_2in13_V4_SendData &rArr; DEV_SPI_WriteByte &rArr; HAL_SPI_Transmit &rArr; SPI_EndRxTxTransaction &rArr; SPI_WaitFlagStateUntilTimeout
</UL>
<BR>[Calls]<UL><LI><a href="#[98]">&gt;&gt;</a>&nbsp;&nbsp;&nbsp;EPD_2in13_V4_ReadBusy
<LI><a href="#[99]">&gt;&gt;</a>&nbsp;&nbsp;&nbsp;EPD_2in13_V4_SetWindows
<LI><a href="#[9a]">&gt;&gt;</a>&nbsp;&nbsp;&nbsp;EPD_2in13_V4_SetCursor
<LI><a href="#[95]">&gt;&gt;</a>&nbsp;&nbsp;&nbsp;EPD_2in13_V4_SendData
<LI><a href="#[94]">&gt;&gt;</a>&nbsp;&nbsp;&nbsp;EPD_2in13_V4_SendCommand
<LI><a href="#[97]">&gt;&gt;</a>&nbsp;&nbsp;&nbsp;EPD_2in13_V4_Reset
</UL>
<BR>[Called By]<UL><LI><a href="#[77]">&gt;&gt;</a>&nbsp;&nbsp;&nbsp;AffichageEPaper
</UL>

<P><STRONG><a name="[98]"></a>EPD_2in13_V4_ReadBusy</STRONG> (Thumb, 38 bytes, Stack size 8 bytes, epd_2in13_v4.o(i.EPD_2in13_V4_ReadBusy))
<BR><BR>[Stack]<UL><LI>Max Depth = 24<LI>Call Chain = EPD_2in13_V4_ReadBusy &rArr; HAL_Delay
</UL>
<BR>[Calls]<UL><LI><a href="#[9b]">&gt;&gt;</a>&nbsp;&nbsp;&nbsp;HAL_GPIO_ReadPin
<LI><a href="#[9c]">&gt;&gt;</a>&nbsp;&nbsp;&nbsp;HAL_Delay
</UL>
<BR>[Called By]<UL><LI><a href="#[79]">&gt;&gt;</a>&nbsp;&nbsp;&nbsp;EPD_2in13_V4_Init
<LI><a href="#[96]">&gt;&gt;</a>&nbsp;&nbsp;&nbsp;EPD_2in13_V4_TurnOnDisplay
</UL>

<P><STRONG><a name="[1c]"></a>EXTI4_15_IRQHandler</STRONG> (Thumb, 32 bytes, Stack size 8 bytes, main.o(i.EXTI4_15_IRQHandler))
<BR><BR>[Stack]<UL><LI>Max Depth = 8<LI>Call Chain = EXTI4_15_IRQHandler
</UL>
<BR>[Calls]<UL><LI><a href="#[9d]">&gt;&gt;</a>&nbsp;&nbsp;&nbsp;HAL_NVIC_ClearPendingIRQ
<LI><a href="#[9b]">&gt;&gt;</a>&nbsp;&nbsp;&nbsp;HAL_GPIO_ReadPin
</UL>
<BR>[Address Reference Count : 1]<UL><LI> startup_stm32f072xb.o(RESET)
</UL>
<P><STRONG><a name="[9e]"></a>EffectuerMesuresSonde</STRONG> (Thumb, 404 bytes, Stack size 80 bytes, mesures.o(i.EffectuerMesuresSonde))
<BR><BR>[Stack]<UL><LI>Max Depth = 256<LI>Call Chain = EffectuerMesuresSonde &rArr; shtc3_perform_measurements &rArr; _perform_measurements &rArr; HAL_I2C_Master_Transmit &rArr; I2C_WaitOnFlagUntilTimeout &rArr; I2C_IsErrorOccurred
</UL>
<BR>[Calls]<UL><LI><a href="#[5f]">&gt;&gt;</a>&nbsp;&nbsp;&nbsp;__aeabi_i2f
<LI><a href="#[91]">&gt;&gt;</a>&nbsp;&nbsp;&nbsp;__aeabi_fdiv
<LI><a href="#[a1]">&gt;&gt;</a>&nbsp;&nbsp;&nbsp;__aeabi_fsub
<LI><a href="#[80]">&gt;&gt;</a>&nbsp;&nbsp;&nbsp;__aeabi_f2d
<LI><a href="#[8b]">&gt;&gt;</a>&nbsp;&nbsp;&nbsp;__aeabi_cdrcmple
<LI><a href="#[8c]">&gt;&gt;</a>&nbsp;&nbsp;&nbsp;__aeabi_cdcmple
<LI><a href="#[9f]">&gt;&gt;</a>&nbsp;&nbsp;&nbsp;shtc3_read_id
<LI><a href="#[a0]">&gt;&gt;</a>&nbsp;&nbsp;&nbsp;shtc3_perform_measurements
</UL>
<BR>[Called By]<UL><LI><a href="#[43]">&gt;&gt;</a>&nbsp;&nbsp;&nbsp;main
</UL>

<P><STRONG><a name="[a2]"></a>EntrerModeSommeil</STRONG> (Thumb, 30 bytes, Stack size 8 bytes, sommeil.o(i.EntrerModeSommeil))
<BR><BR>[Stack]<UL><LI>Max Depth = 16<LI>Call Chain = EntrerModeSommeil &rArr; HAL_PWR_EnterSTOPMode
</UL>
<BR>[Calls]<UL><LI><a href="#[85]">&gt;&gt;</a>&nbsp;&nbsp;&nbsp;HAL_GPIO_WritePin
<LI><a href="#[a3]">&gt;&gt;</a>&nbsp;&nbsp;&nbsp;HAL_SuspendTick
<LI><a href="#[a5]">&gt;&gt;</a>&nbsp;&nbsp;&nbsp;HAL_ResumeTick
<LI><a href="#[a4]">&gt;&gt;</a>&nbsp;&nbsp;&nbsp;HAL_PWR_EnterSTOPMode
</UL>
<BR>[Called By]<UL><LI><a href="#[43]">&gt;&gt;</a>&nbsp;&nbsp;&nbsp;main
</UL>

<P><STRONG><a name="[a6]"></a>EnvoyerTrameUART</STRONG> (Thumb, 106 bytes, Stack size 40 bytes, communication.o(i.EnvoyerTrameUART))
<BR><BR>[Stack]<UL><LI>Max Depth = 144<LI>Call Chain = EnvoyerTrameUART &rArr; HAL_UART_Transmit &rArr; UART_WaitOnFlagUntilTimeout &rArr; UART_EndRxTransfer
</UL>
<BR>[Calls]<UL><LI><a href="#[85]">&gt;&gt;</a>&nbsp;&nbsp;&nbsp;HAL_GPIO_WritePin
<LI><a href="#[9c]">&gt;&gt;</a>&nbsp;&nbsp;&nbsp;HAL_Delay
<LI><a href="#[51]">&gt;&gt;</a>&nbsp;&nbsp;&nbsp;__aeabi_memclr
<LI><a href="#[4d]">&gt;&gt;</a>&nbsp;&nbsp;&nbsp;__aeabi_memcpy
<LI><a href="#[4c]">&gt;&gt;</a>&nbsp;&nbsp;&nbsp;free
<LI><a href="#[49]">&gt;&gt;</a>&nbsp;&nbsp;&nbsp;malloc
<LI><a href="#[a7]">&gt;&gt;</a>&nbsp;&nbsp;&nbsp;HAL_UART_Transmit
</UL>
<BR>[Called By]<UL><LI><a href="#[43]">&gt;&gt;</a>&nbsp;&nbsp;&nbsp;main
</UL>

<P><STRONG><a name="[ee]"></a>Error_Handler</STRONG> (Thumb, 6 bytes, Stack size 0 bytes, main.o(i.Error_Handler))
<BR><BR>[Called By]<UL><LI><a href="#[104]">&gt;&gt;</a>&nbsp;&nbsp;&nbsp;SystemClock_Config
<LI><a href="#[f7]">&gt;&gt;</a>&nbsp;&nbsp;&nbsp;MX_USART1_UART_Init
<LI><a href="#[f5]">&gt;&gt;</a>&nbsp;&nbsp;&nbsp;MX_TIM6_Init
<LI><a href="#[f4]">&gt;&gt;</a>&nbsp;&nbsp;&nbsp;MX_SPI1_Init
<LI><a href="#[f3]">&gt;&gt;</a>&nbsp;&nbsp;&nbsp;MX_RTC_Init
<LI><a href="#[f0]">&gt;&gt;</a>&nbsp;&nbsp;&nbsp;MX_I2C2_Init
<LI><a href="#[ed]">&gt;&gt;</a>&nbsp;&nbsp;&nbsp;MX_ADC_Init
</UL>

<P><STRONG><a name="[a8]"></a>GestionCheckBatterie</STRONG> (Thumb, 42 bytes, Stack size 16 bytes, gestionbatterie.o(i.GestionCheckBatterie))
<BR><BR>[Stack]<UL><LI>Max Depth = 32<LI>Call Chain = GestionCheckBatterie &rArr; LancerCheckBatterie
</UL>
<BR>[Calls]<UL><LI><a href="#[a9]">&gt;&gt;</a>&nbsp;&nbsp;&nbsp;LancerCheckBatterie
</UL>
<BR>[Called By]<UL><LI><a href="#[43]">&gt;&gt;</a>&nbsp;&nbsp;&nbsp;main
</UL>

<P><STRONG><a name="[aa]"></a>HAL_ADCEx_Calibration_Start</STRONG> (Thumb, 248 bytes, Stack size 24 bytes, stm32f0xx_hal_adc_ex.o(i.HAL_ADCEx_Calibration_Start))
<BR><BR>[Stack]<UL><LI>Max Depth = 24<LI>Call Chain = HAL_ADCEx_Calibration_Start
</UL>
<BR>[Calls]<UL><LI><a href="#[73]">&gt;&gt;</a>&nbsp;&nbsp;&nbsp;HAL_GetTick
</UL>
<BR>[Called By]<UL><LI><a href="#[e9]">&gt;&gt;</a>&nbsp;&nbsp;&nbsp;Initialisation
<LI><a href="#[88]">&gt;&gt;</a>&nbsp;&nbsp;&nbsp;LectureValeurAdcBrute
</UL>

<P><STRONG><a name="[ab]"></a>HAL_ADC_ConfigChannel</STRONG> (Thumb, 412 bytes, Stack size 24 bytes, stm32f0xx_hal_adc.o(i.HAL_ADC_ConfigChannel))
<BR><BR>[Stack]<UL><LI>Max Depth = 24<LI>Call Chain = HAL_ADC_ConfigChannel
</UL>
<BR>[Calls]<UL><LI><a href="#[76]">&gt;&gt;</a>&nbsp;&nbsp;&nbsp;__aeabi_uidivmod
</UL>
<BR>[Called By]<UL><LI><a href="#[ed]">&gt;&gt;</a>&nbsp;&nbsp;&nbsp;MX_ADC_Init
</UL>

<P><STRONG><a name="[ec]"></a>HAL_ADC_GetValue</STRONG> (Thumb, 8 bytes, Stack size 0 bytes, stm32f0xx_hal_adc.o(i.HAL_ADC_GetValue))
<BR><BR>[Called By]<UL><LI><a href="#[88]">&gt;&gt;</a>&nbsp;&nbsp;&nbsp;LectureValeurAdcBrute
</UL>

<P><STRONG><a name="[ac]"></a>HAL_ADC_Init</STRONG> (Thumb, 442 bytes, Stack size 16 bytes, stm32f0xx_hal_adc.o(i.HAL_ADC_Init))
<BR><BR>[Stack]<UL><LI>Max Depth = 68<LI>Call Chain = HAL_ADC_Init &rArr; HAL_ADC_MspInit &rArr; HAL_GPIO_Init
</UL>
<BR>[Calls]<UL><LI><a href="#[ad]">&gt;&gt;</a>&nbsp;&nbsp;&nbsp;HAL_ADC_MspInit
</UL>
<BR>[Called By]<UL><LI><a href="#[ed]">&gt;&gt;</a>&nbsp;&nbsp;&nbsp;MX_ADC_Init
</UL>

<P><STRONG><a name="[ad]"></a>HAL_ADC_MspInit</STRONG> (Thumb, 106 bytes, Stack size 32 bytes, stm32f0xx_hal_msp.o(i.HAL_ADC_MspInit))
<BR><BR>[Stack]<UL><LI>Max Depth = 52<LI>Call Chain = HAL_ADC_MspInit &rArr; HAL_GPIO_Init
</UL>
<BR>[Calls]<UL><LI><a href="#[af]">&gt;&gt;</a>&nbsp;&nbsp;&nbsp;HAL_GPIO_Init
<LI><a href="#[ae]">&gt;&gt;</a>&nbsp;&nbsp;&nbsp;__aeabi_memclr4
</UL>
<BR>[Called By]<UL><LI><a href="#[ac]">&gt;&gt;</a>&nbsp;&nbsp;&nbsp;HAL_ADC_Init
</UL>

<P><STRONG><a name="[b0]"></a>HAL_ADC_PollForConversion</STRONG> (Thumb, 238 bytes, Stack size 24 bytes, stm32f0xx_hal_adc.o(i.HAL_ADC_PollForConversion))
<BR><BR>[Stack]<UL><LI>Max Depth = 24<LI>Call Chain = HAL_ADC_PollForConversion
</UL>
<BR>[Calls]<UL><LI><a href="#[73]">&gt;&gt;</a>&nbsp;&nbsp;&nbsp;HAL_GetTick
</UL>
<BR>[Called By]<UL><LI><a href="#[88]">&gt;&gt;</a>&nbsp;&nbsp;&nbsp;LectureValeurAdcBrute
</UL>

<P><STRONG><a name="[b1]"></a>HAL_ADC_Start</STRONG> (Thumb, 114 bytes, Stack size 16 bytes, stm32f0xx_hal_adc.o(i.HAL_ADC_Start))
<BR><BR>[Stack]<UL><LI>Max Depth = 32<LI>Call Chain = HAL_ADC_Start &rArr; ADC_Enable
</UL>
<BR>[Calls]<UL><LI><a href="#[75]">&gt;&gt;</a>&nbsp;&nbsp;&nbsp;ADC_Enable
</UL>
<BR>[Called By]<UL><LI><a href="#[88]">&gt;&gt;</a>&nbsp;&nbsp;&nbsp;LectureValeurAdcBrute
</UL>

<P><STRONG><a name="[b2]"></a>HAL_ADC_Stop</STRONG> (Thumb, 80 bytes, Stack size 16 bytes, stm32f0xx_hal_adc.o(i.HAL_ADC_Stop))
<BR><BR>[Stack]<UL><LI>Max Depth = 32<LI>Call Chain = HAL_ADC_Stop &rArr; ADC_Disable
</UL>
<BR>[Calls]<UL><LI><a href="#[74]">&gt;&gt;</a>&nbsp;&nbsp;&nbsp;ADC_Disable
<LI><a href="#[72]">&gt;&gt;</a>&nbsp;&nbsp;&nbsp;ADC_ConversionStop
</UL>
<BR>[Called By]<UL><LI><a href="#[88]">&gt;&gt;</a>&nbsp;&nbsp;&nbsp;LectureValeurAdcBrute
</UL>

<P><STRONG><a name="[9c]"></a>HAL_Delay</STRONG> (Thumb, 38 bytes, Stack size 16 bytes, stm32f0xx_hal.o(i.HAL_Delay))
<BR><BR>[Stack]<UL><LI>Max Depth = 16<LI>Call Chain = HAL_Delay
</UL>
<BR>[Calls]<UL><LI><a href="#[73]">&gt;&gt;</a>&nbsp;&nbsp;&nbsp;HAL_GetTick
</UL>
<BR>[Called By]<UL><LI><a href="#[a6]">&gt;&gt;</a>&nbsp;&nbsp;&nbsp;EnvoyerTrameUART
<LI><a href="#[98]">&gt;&gt;</a>&nbsp;&nbsp;&nbsp;EPD_2in13_V4_ReadBusy
<LI><a href="#[97]">&gt;&gt;</a>&nbsp;&nbsp;&nbsp;EPD_2in13_V4_Reset
</UL>

<P><STRONG><a name="[af]"></a>HAL_GPIO_Init</STRONG> (Thumb, 480 bytes, Stack size 20 bytes, stm32f0xx_hal_gpio.o(i.HAL_GPIO_Init))
<BR><BR>[Stack]<UL><LI>Max Depth = 20<LI>Call Chain = HAL_GPIO_Init
</UL>
<BR>[Called By]<UL><LI><a href="#[e1]">&gt;&gt;</a>&nbsp;&nbsp;&nbsp;HAL_UART_MspInit
<LI><a href="#[d2]">&gt;&gt;</a>&nbsp;&nbsp;&nbsp;HAL_SPI_MspInit
<LI><a href="#[b4]">&gt;&gt;</a>&nbsp;&nbsp;&nbsp;HAL_I2C_MspInit
<LI><a href="#[ad]">&gt;&gt;</a>&nbsp;&nbsp;&nbsp;HAL_ADC_MspInit
<LI><a href="#[ea]">&gt;&gt;</a>&nbsp;&nbsp;&nbsp;InitialiserGestionSommeil
<LI><a href="#[ef]">&gt;&gt;</a>&nbsp;&nbsp;&nbsp;MX_GPIO_Init
</UL>

<P><STRONG><a name="[9b]"></a>HAL_GPIO_ReadPin</STRONG> (Thumb, 18 bytes, Stack size 0 bytes, stm32f0xx_hal_gpio.o(i.HAL_GPIO_ReadPin))
<BR><BR>[Called By]<UL><LI><a href="#[43]">&gt;&gt;</a>&nbsp;&nbsp;&nbsp;main
<LI><a href="#[1c]">&gt;&gt;</a>&nbsp;&nbsp;&nbsp;EXTI4_15_IRQHandler
<LI><a href="#[98]">&gt;&gt;</a>&nbsp;&nbsp;&nbsp;EPD_2in13_V4_ReadBusy
</UL>

<P><STRONG><a name="[85]"></a>HAL_GPIO_WritePin</STRONG> (Thumb, 12 bytes, Stack size 0 bytes, stm32f0xx_hal_gpio.o(i.HAL_GPIO_WritePin))
<BR><BR>[Called By]<UL><LI><a href="#[ea]">&gt;&gt;</a>&nbsp;&nbsp;&nbsp;InitialiserGestionSommeil
<LI><a href="#[a6]">&gt;&gt;</a>&nbsp;&nbsp;&nbsp;EnvoyerTrameUART
<LI><a href="#[a2]">&gt;&gt;</a>&nbsp;&nbsp;&nbsp;EntrerModeSommeil
<LI><a href="#[43]">&gt;&gt;</a>&nbsp;&nbsp;&nbsp;main
<LI><a href="#[ef]">&gt;&gt;</a>&nbsp;&nbsp;&nbsp;MX_GPIO_Init
<LI><a href="#[a9]">&gt;&gt;</a>&nbsp;&nbsp;&nbsp;LancerCheckBatterie
<LI><a href="#[87]">&gt;&gt;</a>&nbsp;&nbsp;&nbsp;ControleEtatChargeBatterie
<LI><a href="#[84]">&gt;&gt;</a>&nbsp;&nbsp;&nbsp;ArreterLectureTensionBatterie
<LI><a href="#[95]">&gt;&gt;</a>&nbsp;&nbsp;&nbsp;EPD_2in13_V4_SendData
<LI><a href="#[94]">&gt;&gt;</a>&nbsp;&nbsp;&nbsp;EPD_2in13_V4_SendCommand
<LI><a href="#[97]">&gt;&gt;</a>&nbsp;&nbsp;&nbsp;EPD_2in13_V4_Reset
<LI><a href="#[78]">&gt;&gt;</a>&nbsp;&nbsp;&nbsp;DEV_Module_Init
<LI><a href="#[83]">&gt;&gt;</a>&nbsp;&nbsp;&nbsp;DEV_Module_Exit
</UL>

<P><STRONG><a name="[73]"></a>HAL_GetTick</STRONG> (Thumb, 6 bytes, Stack size 0 bytes, stm32f0xx_hal.o(i.HAL_GetTick))
<BR><BR>[Called By]<UL><LI><a href="#[b0]">&gt;&gt;</a>&nbsp;&nbsp;&nbsp;HAL_ADC_PollForConversion
<LI><a href="#[75]">&gt;&gt;</a>&nbsp;&nbsp;&nbsp;ADC_Enable
<LI><a href="#[74]">&gt;&gt;</a>&nbsp;&nbsp;&nbsp;ADC_Disable
<LI><a href="#[72]">&gt;&gt;</a>&nbsp;&nbsp;&nbsp;ADC_ConversionStop
<LI><a href="#[cb]">&gt;&gt;</a>&nbsp;&nbsp;&nbsp;HAL_RCC_OscConfig
<LI><a href="#[c3]">&gt;&gt;</a>&nbsp;&nbsp;&nbsp;HAL_RCC_ClockConfig
<LI><a href="#[c2]">&gt;&gt;</a>&nbsp;&nbsp;&nbsp;HAL_RCCEx_PeriphCLKConfig
<LI><a href="#[aa]">&gt;&gt;</a>&nbsp;&nbsp;&nbsp;HAL_ADCEx_Calibration_Start
<LI><a href="#[ba]">&gt;&gt;</a>&nbsp;&nbsp;&nbsp;HAL_I2C_Master_Transmit
<LI><a href="#[b5]">&gt;&gt;</a>&nbsp;&nbsp;&nbsp;HAL_I2C_Master_Receive
<LI><a href="#[bb]">&gt;&gt;</a>&nbsp;&nbsp;&nbsp;I2C_WaitOnTXISFlagUntilTimeout
<LI><a href="#[b9]">&gt;&gt;</a>&nbsp;&nbsp;&nbsp;I2C_WaitOnSTOPFlagUntilTimeout
<LI><a href="#[b8]">&gt;&gt;</a>&nbsp;&nbsp;&nbsp;I2C_WaitOnRXNEFlagUntilTimeout
<LI><a href="#[b6]">&gt;&gt;</a>&nbsp;&nbsp;&nbsp;I2C_WaitOnFlagUntilTimeout
<LI><a href="#[e7]">&gt;&gt;</a>&nbsp;&nbsp;&nbsp;I2C_IsErrorOccurred
<LI><a href="#[9c]">&gt;&gt;</a>&nbsp;&nbsp;&nbsp;HAL_Delay
<LI><a href="#[ce]">&gt;&gt;</a>&nbsp;&nbsp;&nbsp;RTC_EnterInitMode
<LI><a href="#[d0]">&gt;&gt;</a>&nbsp;&nbsp;&nbsp;HAL_RTC_WaitForSynchro
<LI><a href="#[93]">&gt;&gt;</a>&nbsp;&nbsp;&nbsp;HAL_SPI_Transmit
<LI><a href="#[102]">&gt;&gt;</a>&nbsp;&nbsp;&nbsp;SPI_WaitFlagStateUntilTimeout
<LI><a href="#[101]">&gt;&gt;</a>&nbsp;&nbsp;&nbsp;SPI_WaitFifoStateUntilTimeout
<LI><a href="#[e6]">&gt;&gt;</a>&nbsp;&nbsp;&nbsp;UART_WaitOnFlagUntilTimeout
<LI><a href="#[e4]">&gt;&gt;</a>&nbsp;&nbsp;&nbsp;UART_CheckIdleState
<LI><a href="#[a7]">&gt;&gt;</a>&nbsp;&nbsp;&nbsp;HAL_UART_Transmit
<LI><a href="#[e5]">&gt;&gt;</a>&nbsp;&nbsp;&nbsp;HAL_UART_Receive
</UL>

<P><STRONG><a name="[f1]"></a>HAL_I2CEx_ConfigAnalogFilter</STRONG> (Thumb, 110 bytes, Stack size 0 bytes, stm32f0xx_hal_i2c_ex.o(i.HAL_I2CEx_ConfigAnalogFilter))
<BR><BR>[Called By]<UL><LI><a href="#[f0]">&gt;&gt;</a>&nbsp;&nbsp;&nbsp;MX_I2C2_Init
</UL>

<P><STRONG><a name="[f2]"></a>HAL_I2CEx_ConfigDigitalFilter</STRONG> (Thumb, 112 bytes, Stack size 8 bytes, stm32f0xx_hal_i2c_ex.o(i.HAL_I2CEx_ConfigDigitalFilter))
<BR><BR>[Stack]<UL><LI>Max Depth = 8<LI>Call Chain = HAL_I2CEx_ConfigDigitalFilter
</UL>
<BR>[Called By]<UL><LI><a href="#[f0]">&gt;&gt;</a>&nbsp;&nbsp;&nbsp;MX_I2C2_Init
</UL>

<P><STRONG><a name="[b3]"></a>HAL_I2C_Init</STRONG> (Thumb, 232 bytes, Stack size 8 bytes, stm32f0xx_hal_i2c.o(i.HAL_I2C_Init))
<BR><BR>[Stack]<UL><LI>Max Depth = 60<LI>Call Chain = HAL_I2C_Init &rArr; HAL_I2C_MspInit &rArr; HAL_GPIO_Init
</UL>
<BR>[Calls]<UL><LI><a href="#[b4]">&gt;&gt;</a>&nbsp;&nbsp;&nbsp;HAL_I2C_MspInit
</UL>
<BR>[Called By]<UL><LI><a href="#[f0]">&gt;&gt;</a>&nbsp;&nbsp;&nbsp;MX_I2C2_Init
</UL>

<P><STRONG><a name="[b5]"></a>HAL_I2C_Master_Receive</STRONG> (Thumb, 354 bytes, Stack size 40 bytes, stm32f0xx_hal_i2c.o(i.HAL_I2C_Master_Receive))
<BR><BR>[Stack]<UL><LI>Max Depth = 112<LI>Call Chain = HAL_I2C_Master_Receive &rArr; I2C_WaitOnRXNEFlagUntilTimeout &rArr; I2C_IsErrorOccurred
</UL>
<BR>[Calls]<UL><LI><a href="#[73]">&gt;&gt;</a>&nbsp;&nbsp;&nbsp;HAL_GetTick
<LI><a href="#[b9]">&gt;&gt;</a>&nbsp;&nbsp;&nbsp;I2C_WaitOnSTOPFlagUntilTimeout
<LI><a href="#[b8]">&gt;&gt;</a>&nbsp;&nbsp;&nbsp;I2C_WaitOnRXNEFlagUntilTimeout
<LI><a href="#[b6]">&gt;&gt;</a>&nbsp;&nbsp;&nbsp;I2C_WaitOnFlagUntilTimeout
<LI><a href="#[b7]">&gt;&gt;</a>&nbsp;&nbsp;&nbsp;I2C_TransferConfig
</UL>
<BR>[Called By]<UL><LI><a href="#[9f]">&gt;&gt;</a>&nbsp;&nbsp;&nbsp;shtc3_read_id
<LI><a href="#[109]">&gt;&gt;</a>&nbsp;&nbsp;&nbsp;_perform_measurements
</UL>

<P><STRONG><a name="[ba]"></a>HAL_I2C_Master_Transmit</STRONG> (Thumb, 396 bytes, Stack size 40 bytes, stm32f0xx_hal_i2c.o(i.HAL_I2C_Master_Transmit))
<BR><BR>[Stack]<UL><LI>Max Depth = 112<LI>Call Chain = HAL_I2C_Master_Transmit &rArr; I2C_WaitOnFlagUntilTimeout &rArr; I2C_IsErrorOccurred
</UL>
<BR>[Calls]<UL><LI><a href="#[73]">&gt;&gt;</a>&nbsp;&nbsp;&nbsp;HAL_GetTick
<LI><a href="#[bb]">&gt;&gt;</a>&nbsp;&nbsp;&nbsp;I2C_WaitOnTXISFlagUntilTimeout
<LI><a href="#[b9]">&gt;&gt;</a>&nbsp;&nbsp;&nbsp;I2C_WaitOnSTOPFlagUntilTimeout
<LI><a href="#[b6]">&gt;&gt;</a>&nbsp;&nbsp;&nbsp;I2C_WaitOnFlagUntilTimeout
<LI><a href="#[b7]">&gt;&gt;</a>&nbsp;&nbsp;&nbsp;I2C_TransferConfig
</UL>
<BR>[Called By]<UL><LI><a href="#[9f]">&gt;&gt;</a>&nbsp;&nbsp;&nbsp;shtc3_read_id
<LI><a href="#[109]">&gt;&gt;</a>&nbsp;&nbsp;&nbsp;_perform_measurements
</UL>

<P><STRONG><a name="[b4]"></a>HAL_I2C_MspInit</STRONG> (Thumb, 120 bytes, Stack size 32 bytes, stm32f0xx_hal_msp.o(i.HAL_I2C_MspInit))
<BR><BR>[Stack]<UL><LI>Max Depth = 52<LI>Call Chain = HAL_I2C_MspInit &rArr; HAL_GPIO_Init
</UL>
<BR>[Calls]<UL><LI><a href="#[af]">&gt;&gt;</a>&nbsp;&nbsp;&nbsp;HAL_GPIO_Init
<LI><a href="#[ae]">&gt;&gt;</a>&nbsp;&nbsp;&nbsp;__aeabi_memclr4
</UL>
<BR>[Called By]<UL><LI><a href="#[b3]">&gt;&gt;</a>&nbsp;&nbsp;&nbsp;HAL_I2C_Init
</UL>

<P><STRONG><a name="[103]"></a>HAL_IncTick</STRONG> (Thumb, 16 bytes, Stack size 0 bytes, stm32f0xx_hal.o(i.HAL_IncTick))
<BR><BR>[Called By]<UL><LI><a href="#[14]">&gt;&gt;</a>&nbsp;&nbsp;&nbsp;SysTick_Handler
</UL>

<P><STRONG><a name="[bc]"></a>HAL_Init</STRONG> (Thumb, 28 bytes, Stack size 8 bytes, stm32f0xx_hal.o(i.HAL_Init))
<BR><BR>[Stack]<UL><LI>Max Depth = 48<LI>Call Chain = HAL_Init &rArr; HAL_InitTick &rArr; HAL_NVIC_SetPriority &rArr; __NVIC_SetPriority
</UL>
<BR>[Calls]<UL><LI><a href="#[bd]">&gt;&gt;</a>&nbsp;&nbsp;&nbsp;HAL_InitTick
<LI><a href="#[be]">&gt;&gt;</a>&nbsp;&nbsp;&nbsp;HAL_MspInit
</UL>
<BR>[Called By]<UL><LI><a href="#[43]">&gt;&gt;</a>&nbsp;&nbsp;&nbsp;main
</UL>

<P><STRONG><a name="[bd]"></a>HAL_InitTick</STRONG> (Thumb, 70 bytes, Stack size 16 bytes, stm32f0xx_hal.o(i.HAL_InitTick))
<BR><BR>[Stack]<UL><LI>Max Depth = 40<LI>Call Chain = HAL_InitTick &rArr; HAL_NVIC_SetPriority &rArr; __NVIC_SetPriority
</UL>
<BR>[Calls]<UL><LI><a href="#[c0]">&gt;&gt;</a>&nbsp;&nbsp;&nbsp;HAL_NVIC_SetPriority
<LI><a href="#[bf]">&gt;&gt;</a>&nbsp;&nbsp;&nbsp;HAL_SYSTICK_Config
<LI><a href="#[76]">&gt;&gt;</a>&nbsp;&nbsp;&nbsp;__aeabi_uidivmod
</UL>
<BR>[Called By]<UL><LI><a href="#[c3]">&gt;&gt;</a>&nbsp;&nbsp;&nbsp;HAL_RCC_ClockConfig
<LI><a href="#[bc]">&gt;&gt;</a>&nbsp;&nbsp;&nbsp;HAL_Init
</UL>

<P><STRONG><a name="[be]"></a>HAL_MspInit</STRONG> (Thumb, 60 bytes, Stack size 8 bytes, stm32f0xx_hal_msp.o(i.HAL_MspInit))
<BR><BR>[Stack]<UL><LI>Max Depth = 8<LI>Call Chain = HAL_MspInit
</UL>
<BR>[Called By]<UL><LI><a href="#[bc]">&gt;&gt;</a>&nbsp;&nbsp;&nbsp;HAL_Init
</UL>

<P><STRONG><a name="[9d]"></a>HAL_NVIC_ClearPendingIRQ</STRONG> (Thumb, 22 bytes, Stack size 0 bytes, stm32f0xx_hal_cortex.o(i.HAL_NVIC_ClearPendingIRQ))
<BR><BR>[Called By]<UL><LI><a href="#[1c]">&gt;&gt;</a>&nbsp;&nbsp;&nbsp;EXTI4_15_IRQHandler
</UL>

<P><STRONG><a name="[d7]"></a>HAL_NVIC_EnableIRQ</STRONG> (Thumb, 22 bytes, Stack size 0 bytes, stm32f0xx_hal_cortex.o(i.HAL_NVIC_EnableIRQ))
<BR><BR>[Called By]<UL><LI><a href="#[d5]">&gt;&gt;</a>&nbsp;&nbsp;&nbsp;HAL_TIM_Base_MspInit
<LI><a href="#[ea]">&gt;&gt;</a>&nbsp;&nbsp;&nbsp;InitialiserGestionSommeil
</UL>

<P><STRONG><a name="[c0]"></a>HAL_NVIC_SetPriority</STRONG> (Thumb, 18 bytes, Stack size 16 bytes, stm32f0xx_hal_cortex.o(i.HAL_NVIC_SetPriority))
<BR><BR>[Stack]<UL><LI>Max Depth = 24<LI>Call Chain = HAL_NVIC_SetPriority &rArr; __NVIC_SetPriority
</UL>
<BR>[Calls]<UL><LI><a href="#[c1]">&gt;&gt;</a>&nbsp;&nbsp;&nbsp;__NVIC_SetPriority
</UL>
<BR>[Called By]<UL><LI><a href="#[bd]">&gt;&gt;</a>&nbsp;&nbsp;&nbsp;HAL_InitTick
<LI><a href="#[d5]">&gt;&gt;</a>&nbsp;&nbsp;&nbsp;HAL_TIM_Base_MspInit
<LI><a href="#[ea]">&gt;&gt;</a>&nbsp;&nbsp;&nbsp;InitialiserGestionSommeil
</UL>

<P><STRONG><a name="[a4]"></a>HAL_PWR_EnterSTOPMode</STRONG> (Thumb, 64 bytes, Stack size 8 bytes, stm32f0xx_hal_pwr.o(i.HAL_PWR_EnterSTOPMode))
<BR><BR>[Stack]<UL><LI>Max Depth = 8<LI>Call Chain = HAL_PWR_EnterSTOPMode
</UL>
<BR>[Called By]<UL><LI><a href="#[a2]">&gt;&gt;</a>&nbsp;&nbsp;&nbsp;EntrerModeSommeil
</UL>

<P><STRONG><a name="[c2]"></a>HAL_RCCEx_PeriphCLKConfig</STRONG> (Thumb, 406 bytes, Stack size 24 bytes, stm32f0xx_hal_rcc_ex.o(i.HAL_RCCEx_PeriphCLKConfig))
<BR><BR>[Stack]<UL><LI>Max Depth = 24<LI>Call Chain = HAL_RCCEx_PeriphCLKConfig
</UL>
<BR>[Calls]<UL><LI><a href="#[73]">&gt;&gt;</a>&nbsp;&nbsp;&nbsp;HAL_GetTick
</UL>
<BR>[Called By]<UL><LI><a href="#[104]">&gt;&gt;</a>&nbsp;&nbsp;&nbsp;SystemClock_Config
</UL>

<P><STRONG><a name="[ca]"></a>HAL_RCC_CSSCallback</STRONG> (Thumb, 2 bytes, Stack size 0 bytes, stm32f0xx_hal_rcc.o(i.HAL_RCC_CSSCallback))
<BR><BR>[Called By]<UL><LI><a href="#[c9]">&gt;&gt;</a>&nbsp;&nbsp;&nbsp;HAL_RCC_NMI_IRQHandler
</UL>

<P><STRONG><a name="[c3]"></a>HAL_RCC_ClockConfig</STRONG> (Thumb, 366 bytes, Stack size 16 bytes, stm32f0xx_hal_rcc.o(i.HAL_RCC_ClockConfig))
<BR><BR>[Stack]<UL><LI>Max Depth = 72<LI>Call Chain = HAL_RCC_ClockConfig &rArr; HAL_RCC_GetSysClockFreq &rArr; __aeabi_uldivmod
</UL>
<BR>[Calls]<UL><LI><a href="#[bd]">&gt;&gt;</a>&nbsp;&nbsp;&nbsp;HAL_InitTick
<LI><a href="#[c4]">&gt;&gt;</a>&nbsp;&nbsp;&nbsp;HAL_RCC_GetSysClockFreq
<LI><a href="#[73]">&gt;&gt;</a>&nbsp;&nbsp;&nbsp;HAL_GetTick
</UL>
<BR>[Called By]<UL><LI><a href="#[104]">&gt;&gt;</a>&nbsp;&nbsp;&nbsp;SystemClock_Config
</UL>

<P><STRONG><a name="[105]"></a>HAL_RCC_EnableCSS</STRONG> (Thumb, 16 bytes, Stack size 0 bytes, stm32f0xx_hal_rcc.o(i.HAL_RCC_EnableCSS))
<BR><BR>[Called By]<UL><LI><a href="#[104]">&gt;&gt;</a>&nbsp;&nbsp;&nbsp;SystemClock_Config
</UL>

<P><STRONG><a name="[c6]"></a>HAL_RCC_GetHCLKFreq</STRONG> (Thumb, 6 bytes, Stack size 0 bytes, stm32f0xx_hal_rcc.o(i.HAL_RCC_GetHCLKFreq))
<BR><BR>[Called By]<UL><LI><a href="#[c5]">&gt;&gt;</a>&nbsp;&nbsp;&nbsp;HAL_RCC_GetPCLK1Freq
</UL>

<P><STRONG><a name="[c5]"></a>HAL_RCC_GetPCLK1Freq</STRONG> (Thumb, 26 bytes, Stack size 4 bytes, stm32f0xx_hal_rcc.o(i.HAL_RCC_GetPCLK1Freq))
<BR><BR>[Stack]<UL><LI>Max Depth = 4<LI>Call Chain = HAL_RCC_GetPCLK1Freq
</UL>
<BR>[Calls]<UL><LI><a href="#[c6]">&gt;&gt;</a>&nbsp;&nbsp;&nbsp;HAL_RCC_GetHCLKFreq
</UL>
<BR>[Called By]<UL><LI><a href="#[e3]">&gt;&gt;</a>&nbsp;&nbsp;&nbsp;UART_SetConfig
</UL>

<P><STRONG><a name="[c4]"></a>HAL_RCC_GetSysClockFreq</STRONG> (Thumb, 186 bytes, Stack size 24 bytes, stm32f0xx_hal_rcc.o(i.HAL_RCC_GetSysClockFreq))
<BR><BR>[Stack]<UL><LI>Max Depth = 56<LI>Call Chain = HAL_RCC_GetSysClockFreq &rArr; __aeabi_uldivmod
</UL>
<BR>[Calls]<UL><LI><a href="#[c8]">&gt;&gt;</a>&nbsp;&nbsp;&nbsp;__ARM_common_ll_muluu
<LI><a href="#[c7]">&gt;&gt;</a>&nbsp;&nbsp;&nbsp;__aeabi_uldivmod
</UL>
<BR>[Called By]<UL><LI><a href="#[c3]">&gt;&gt;</a>&nbsp;&nbsp;&nbsp;HAL_RCC_ClockConfig
<LI><a href="#[e3]">&gt;&gt;</a>&nbsp;&nbsp;&nbsp;UART_SetConfig
</UL>

<P><STRONG><a name="[c9]"></a>HAL_RCC_NMI_IRQHandler</STRONG> (Thumb, 26 bytes, Stack size 8 bytes, stm32f0xx_hal_rcc.o(i.HAL_RCC_NMI_IRQHandler))
<BR><BR>[Stack]<UL><LI>Max Depth = 8<LI>Call Chain = HAL_RCC_NMI_IRQHandler
</UL>
<BR>[Calls]<UL><LI><a href="#[ca]">&gt;&gt;</a>&nbsp;&nbsp;&nbsp;HAL_RCC_CSSCallback
</UL>
<BR>[Called By]<UL><LI><a href="#[10]">&gt;&gt;</a>&nbsp;&nbsp;&nbsp;NMI_Handler
</UL>

<P><STRONG><a name="[cb]"></a>HAL_RCC_OscConfig</STRONG> (Thumb, 1592 bytes, Stack size 32 bytes, stm32f0xx_hal_rcc.o(i.HAL_RCC_OscConfig))
<BR><BR>[Stack]<UL><LI>Max Depth = 32<LI>Call Chain = HAL_RCC_OscConfig
</UL>
<BR>[Calls]<UL><LI><a href="#[73]">&gt;&gt;</a>&nbsp;&nbsp;&nbsp;HAL_GetTick
</UL>
<BR>[Called By]<UL><LI><a href="#[104]">&gt;&gt;</a>&nbsp;&nbsp;&nbsp;SystemClock_Config
</UL>

<P><STRONG><a name="[cc]"></a>HAL_RTC_Init</STRONG> (Thumb, 188 bytes, Stack size 16 bytes, stm32f0xx_hal_rtc.o(i.HAL_RTC_Init))
<BR><BR>[Stack]<UL><LI>Max Depth = 48<LI>Call Chain = HAL_RTC_Init &rArr; RTC_ExitInitMode &rArr; HAL_RTC_WaitForSynchro
</UL>
<BR>[Calls]<UL><LI><a href="#[cd]">&gt;&gt;</a>&nbsp;&nbsp;&nbsp;HAL_RTC_MspInit
<LI><a href="#[cf]">&gt;&gt;</a>&nbsp;&nbsp;&nbsp;RTC_ExitInitMode
<LI><a href="#[ce]">&gt;&gt;</a>&nbsp;&nbsp;&nbsp;RTC_EnterInitMode
</UL>
<BR>[Called By]<UL><LI><a href="#[f3]">&gt;&gt;</a>&nbsp;&nbsp;&nbsp;MX_RTC_Init
</UL>

<P><STRONG><a name="[cd]"></a>HAL_RTC_MspInit</STRONG> (Thumb, 22 bytes, Stack size 0 bytes, stm32f0xx_hal_msp.o(i.HAL_RTC_MspInit))
<BR><BR>[Called By]<UL><LI><a href="#[cc]">&gt;&gt;</a>&nbsp;&nbsp;&nbsp;HAL_RTC_Init
</UL>

<P><STRONG><a name="[d0]"></a>HAL_RTC_WaitForSynchro</STRONG> (Thumb, 54 bytes, Stack size 16 bytes, stm32f0xx_hal_rtc.o(i.HAL_RTC_WaitForSynchro))
<BR><BR>[Stack]<UL><LI>Max Depth = 16<LI>Call Chain = HAL_RTC_WaitForSynchro
</UL>
<BR>[Calls]<UL><LI><a href="#[73]">&gt;&gt;</a>&nbsp;&nbsp;&nbsp;HAL_GetTick
</UL>
<BR>[Called By]<UL><LI><a href="#[cf]">&gt;&gt;</a>&nbsp;&nbsp;&nbsp;RTC_ExitInitMode
</UL>

<P><STRONG><a name="[a5]"></a>HAL_ResumeTick</STRONG> (Thumb, 14 bytes, Stack size 0 bytes, stm32f0xx_hal.o(i.HAL_ResumeTick))
<BR><BR>[Called By]<UL><LI><a href="#[a2]">&gt;&gt;</a>&nbsp;&nbsp;&nbsp;EntrerModeSommeil
</UL>

<P><STRONG><a name="[d1]"></a>HAL_SPI_Init</STRONG> (Thumb, 268 bytes, Stack size 16 bytes, stm32f0xx_hal_spi.o(i.HAL_SPI_Init))
<BR><BR>[Stack]<UL><LI>Max Depth = 68<LI>Call Chain = HAL_SPI_Init &rArr; HAL_SPI_MspInit &rArr; HAL_GPIO_Init
</UL>
<BR>[Calls]<UL><LI><a href="#[d2]">&gt;&gt;</a>&nbsp;&nbsp;&nbsp;HAL_SPI_MspInit
</UL>
<BR>[Called By]<UL><LI><a href="#[f4]">&gt;&gt;</a>&nbsp;&nbsp;&nbsp;MX_SPI1_Init
</UL>

<P><STRONG><a name="[d2]"></a>HAL_SPI_MspInit</STRONG> (Thumb, 114 bytes, Stack size 32 bytes, stm32f0xx_hal_msp.o(i.HAL_SPI_MspInit))
<BR><BR>[Stack]<UL><LI>Max Depth = 52<LI>Call Chain = HAL_SPI_MspInit &rArr; HAL_GPIO_Init
</UL>
<BR>[Calls]<UL><LI><a href="#[af]">&gt;&gt;</a>&nbsp;&nbsp;&nbsp;HAL_GPIO_Init
<LI><a href="#[ae]">&gt;&gt;</a>&nbsp;&nbsp;&nbsp;__aeabi_memclr4
</UL>
<BR>[Called By]<UL><LI><a href="#[d1]">&gt;&gt;</a>&nbsp;&nbsp;&nbsp;HAL_SPI_Init
</UL>

<P><STRONG><a name="[93]"></a>HAL_SPI_Transmit</STRONG> (Thumb, 474 bytes, Stack size 48 bytes, stm32f0xx_hal_spi.o(i.HAL_SPI_Transmit))
<BR><BR>[Stack]<UL><LI>Max Depth = 120<LI>Call Chain = HAL_SPI_Transmit &rArr; SPI_EndRxTxTransaction &rArr; SPI_WaitFlagStateUntilTimeout
</UL>
<BR>[Calls]<UL><LI><a href="#[73]">&gt;&gt;</a>&nbsp;&nbsp;&nbsp;HAL_GetTick
<LI><a href="#[d3]">&gt;&gt;</a>&nbsp;&nbsp;&nbsp;SPI_EndRxTxTransaction
</UL>
<BR>[Called By]<UL><LI><a href="#[92]">&gt;&gt;</a>&nbsp;&nbsp;&nbsp;DEV_SPI_WriteByte
</UL>

<P><STRONG><a name="[bf]"></a>HAL_SYSTICK_Config</STRONG> (Thumb, 46 bytes, Stack size 16 bytes, stm32f0xx_hal_cortex.o(i.HAL_SYSTICK_Config))
<BR><BR>[Stack]<UL><LI>Max Depth = 24<LI>Call Chain = HAL_SYSTICK_Config &rArr; __NVIC_SetPriority
</UL>
<BR>[Calls]<UL><LI><a href="#[c1]">&gt;&gt;</a>&nbsp;&nbsp;&nbsp;__NVIC_SetPriority
</UL>
<BR>[Called By]<UL><LI><a href="#[bd]">&gt;&gt;</a>&nbsp;&nbsp;&nbsp;HAL_InitTick
</UL>

<P><STRONG><a name="[a3]"></a>HAL_SuspendTick</STRONG> (Thumb, 14 bytes, Stack size 0 bytes, stm32f0xx_hal.o(i.HAL_SuspendTick))
<BR><BR>[Called By]<UL><LI><a href="#[a2]">&gt;&gt;</a>&nbsp;&nbsp;&nbsp;EntrerModeSommeil
</UL>

<P><STRONG><a name="[dd]"></a>HAL_TIMEx_BreakCallback</STRONG> (Thumb, 2 bytes, Stack size 0 bytes, stm32f0xx_hal_tim_ex.o(i.HAL_TIMEx_BreakCallback))
<BR><BR>[Called By]<UL><LI><a href="#[d8]">&gt;&gt;</a>&nbsp;&nbsp;&nbsp;HAL_TIM_IRQHandler
</UL>

<P><STRONG><a name="[df]"></a>HAL_TIMEx_CommutCallback</STRONG> (Thumb, 2 bytes, Stack size 0 bytes, stm32f0xx_hal_tim_ex.o(i.HAL_TIMEx_CommutCallback))
<BR><BR>[Called By]<UL><LI><a href="#[d8]">&gt;&gt;</a>&nbsp;&nbsp;&nbsp;HAL_TIM_IRQHandler
</UL>

<P><STRONG><a name="[f6]"></a>HAL_TIMEx_MasterConfigSynchronization</STRONG> (Thumb, 128 bytes, Stack size 12 bytes, stm32f0xx_hal_tim_ex.o(i.HAL_TIMEx_MasterConfigSynchronization))
<BR><BR>[Stack]<UL><LI>Max Depth = 12<LI>Call Chain = HAL_TIMEx_MasterConfigSynchronization
</UL>
<BR>[Called By]<UL><LI><a href="#[f5]">&gt;&gt;</a>&nbsp;&nbsp;&nbsp;MX_TIM6_Init
</UL>

<P><STRONG><a name="[d4]"></a>HAL_TIM_Base_Init</STRONG> (Thumb, 100 bytes, Stack size 8 bytes, stm32f0xx_hal_tim.o(i.HAL_TIM_Base_Init))
<BR><BR>[Stack]<UL><LI>Max Depth = 48<LI>Call Chain = HAL_TIM_Base_Init &rArr; HAL_TIM_Base_MspInit &rArr; HAL_NVIC_SetPriority &rArr; __NVIC_SetPriority
</UL>
<BR>[Calls]<UL><LI><a href="#[d5]">&gt;&gt;</a>&nbsp;&nbsp;&nbsp;HAL_TIM_Base_MspInit
<LI><a href="#[d6]">&gt;&gt;</a>&nbsp;&nbsp;&nbsp;TIM_Base_SetConfig
</UL>
<BR>[Called By]<UL><LI><a href="#[f5]">&gt;&gt;</a>&nbsp;&nbsp;&nbsp;MX_TIM6_Init
</UL>

<P><STRONG><a name="[d5]"></a>HAL_TIM_Base_MspInit</STRONG> (Thumb, 58 bytes, Stack size 16 bytes, stm32f0xx_hal_msp.o(i.HAL_TIM_Base_MspInit))
<BR><BR>[Stack]<UL><LI>Max Depth = 40<LI>Call Chain = HAL_TIM_Base_MspInit &rArr; HAL_NVIC_SetPriority &rArr; __NVIC_SetPriority
</UL>
<BR>[Calls]<UL><LI><a href="#[c0]">&gt;&gt;</a>&nbsp;&nbsp;&nbsp;HAL_NVIC_SetPriority
<LI><a href="#[d7]">&gt;&gt;</a>&nbsp;&nbsp;&nbsp;HAL_NVIC_EnableIRQ
</UL>
<BR>[Called By]<UL><LI><a href="#[d4]">&gt;&gt;</a>&nbsp;&nbsp;&nbsp;HAL_TIM_Base_Init
</UL>

<P><STRONG><a name="[eb]"></a>HAL_TIM_Base_Start_IT</STRONG> (Thumb, 108 bytes, Stack size 0 bytes, stm32f0xx_hal_tim.o(i.HAL_TIM_Base_Start_IT))
<BR><BR>[Called By]<UL><LI><a href="#[a9]">&gt;&gt;</a>&nbsp;&nbsp;&nbsp;LancerCheckBatterie
</UL>

<P><STRONG><a name="[86]"></a>HAL_TIM_Base_Stop_IT</STRONG> (Thumb, 64 bytes, Stack size 0 bytes, stm32f0xx_hal_tim.o(i.HAL_TIM_Base_Stop_IT))
<BR><BR>[Called By]<UL><LI><a href="#[84]">&gt;&gt;</a>&nbsp;&nbsp;&nbsp;ArreterLectureTensionBatterie
</UL>

<P><STRONG><a name="[d9]"></a>HAL_TIM_IC_CaptureCallback</STRONG> (Thumb, 2 bytes, Stack size 0 bytes, stm32f0xx_hal_tim.o(i.HAL_TIM_IC_CaptureCallback))
<BR><BR>[Called By]<UL><LI><a href="#[d8]">&gt;&gt;</a>&nbsp;&nbsp;&nbsp;HAL_TIM_IRQHandler
</UL>

<P><STRONG><a name="[d8]"></a>HAL_TIM_IRQHandler</STRONG> (Thumb, 366 bytes, Stack size 16 bytes, stm32f0xx_hal_tim.o(i.HAL_TIM_IRQHandler))
<BR><BR>[Stack]<UL><LI>Max Depth = 16<LI>Call Chain = HAL_TIM_IRQHandler
</UL>
<BR>[Calls]<UL><LI><a href="#[dc]">&gt;&gt;</a>&nbsp;&nbsp;&nbsp;HAL_TIM_PeriodElapsedCallback
<LI><a href="#[de]">&gt;&gt;</a>&nbsp;&nbsp;&nbsp;HAL_TIM_TriggerCallback
<LI><a href="#[db]">&gt;&gt;</a>&nbsp;&nbsp;&nbsp;HAL_TIM_PWM_PulseFinishedCallback
<LI><a href="#[da]">&gt;&gt;</a>&nbsp;&nbsp;&nbsp;HAL_TIM_OC_DelayElapsedCallback
<LI><a href="#[d9]">&gt;&gt;</a>&nbsp;&nbsp;&nbsp;HAL_TIM_IC_CaptureCallback
<LI><a href="#[df]">&gt;&gt;</a>&nbsp;&nbsp;&nbsp;HAL_TIMEx_CommutCallback
<LI><a href="#[dd]">&gt;&gt;</a>&nbsp;&nbsp;&nbsp;HAL_TIMEx_BreakCallback
</UL>
<BR>[Called By]<UL><LI><a href="#[26]">&gt;&gt;</a>&nbsp;&nbsp;&nbsp;TIM6_DAC_IRQHandler
</UL>

<P><STRONG><a name="[da]"></a>HAL_TIM_OC_DelayElapsedCallback</STRONG> (Thumb, 2 bytes, Stack size 0 bytes, stm32f0xx_hal_tim.o(i.HAL_TIM_OC_DelayElapsedCallback))
<BR><BR>[Called By]<UL><LI><a href="#[d8]">&gt;&gt;</a>&nbsp;&nbsp;&nbsp;HAL_TIM_IRQHandler
</UL>

<P><STRONG><a name="[db]"></a>HAL_TIM_PWM_PulseFinishedCallback</STRONG> (Thumb, 2 bytes, Stack size 0 bytes, stm32f0xx_hal_tim.o(i.HAL_TIM_PWM_PulseFinishedCallback))
[...]
</UL>

<P><STRONG><a name="[10e]"></a>_drcmple</STRONG> (Thumb, 100 bytes, Stack size 32 bytes, drlef.o(x$fpl$drleqf), UNUSED)
<BR><BR>[Calls]<UL><LI><a href="#[66]">&gt;&gt;</a>&nbsp;&nbsp;&nbsp;__fpl_dcmp_InfNaN
</UL>

<P><STRONG><a name="[153]"></a>__aeabi_fadd</STRONG> (Thumb, 0 bytes, Stack size 16 bytes, faddsub.o(x$fpl$fadd), UNUSED)

<P><STRONG><a name="[10f]"></a>_fadd</STRONG> (Thumb, 134 bytes, Stack size 16 bytes, faddsub.o(x$fpl$fadd), UNUSED)
<BR><BR>[Calls]<UL><LI><a href="#[110]">&gt;&gt;</a>&nbsp;&nbsp;&nbsp;_fsub1
</UL>

<P><STRONG><a name="[90]"></a>__aeabi_fmul</STRONG> (Thumb, 0 bytes, Stack size 16 bytes, fmul.o(x$fpl$fmul))
<BR><BR>[Stack]<UL><LI>Max Depth = 16<LI>Call Chain = __aeabi_fmul
</UL>
<BR>[Called By]<UL><LI><a href="#[8a]">&gt;&gt;</a>&nbsp;&nbsp;&nbsp;ConversionValeurAdcEnVolt
<LI><a href="#[81]">&gt;&gt;</a>&nbsp;&nbsp;&nbsp;Paint_DrawNumDecimals
</UL>

<P><STRONG><a name="[154]"></a>_fmul</STRONG> (Thumb, 172 bytes, Stack size 16 bytes, fmul.o(x$fpl$fmul), UNUSED)

<P><STRONG><a name="[a1]"></a>__aeabi_fsub</STRONG> (Thumb, 0 bytes, Stack size 16 bytes, faddsub.o(x$fpl$fsub))
<BR><BR>[Stack]<UL><LI>Max Depth = 16<LI>Call Chain = __aeabi_fsub
</UL>
<BR>[Called By]<UL><LI><a href="#[9e]">&gt;&gt;</a>&nbsp;&nbsp;&nbsp;EffectuerMesuresSonde
</UL>

<P><STRONG><a name="[111]"></a>_fsub</STRONG> (Thumb, 204 bytes, Stack size 16 bytes, faddsub.o(x$fpl$fsub), UNUSED)
<BR><BR>[Calls]<UL><LI><a href="#[112]">&gt;&gt;</a>&nbsp;&nbsp;&nbsp;_fadd1
</UL>
<P>
<H3>
Local Symbols
</H3>
<P><STRONG><a name="[ed]"></a>MX_ADC_Init</STRONG> (Thumb, 110 bytes, Stack size 16 bytes, main.o(i.MX_ADC_Init))
<BR><BR>[Stack]<UL><LI>Max Depth = 84<LI>Call Chain = MX_ADC_Init &rArr; HAL_ADC_Init &rArr; HAL_ADC_MspInit &rArr; HAL_GPIO_Init
</UL>
<BR>[Calls]<UL><LI><a href="#[ac]">&gt;&gt;</a>&nbsp;&nbsp;&nbsp;HAL_ADC_Init
<LI><a href="#[ab]">&gt;&gt;</a>&nbsp;&nbsp;&nbsp;HAL_ADC_ConfigChannel
<LI><a href="#[ee]">&gt;&gt;</a>&nbsp;&nbsp;&nbsp;Error_Handler
</UL>
<BR>[Called By]<UL><LI><a href="#[43]">&gt;&gt;</a>&nbsp;&nbsp;&nbsp;main
</UL>

<P><STRONG><a name="[ef]"></a>MX_GPIO_Init</STRONG> (Thumb, 284 bytes, Stack size 32 bytes, main.o(i.MX_GPIO_Init))
<BR><BR>[Stack]<UL><LI>Max Depth = 52<LI>Call Chain = MX_GPIO_Init &rArr; HAL_GPIO_Init
</UL>
<BR>[Calls]<UL><LI><a href="#[85]">&gt;&gt;</a>&nbsp;&nbsp;&nbsp;HAL_GPIO_WritePin
<LI><a href="#[af]">&gt;&gt;</a>&nbsp;&nbsp;&nbsp;HAL_GPIO_Init
<LI><a href="#[ae]">&gt;&gt;</a>&nbsp;&nbsp;&nbsp;__aeabi_memclr4
</UL>
<BR>[Called By]<UL><LI><a href="#[43]">&gt;&gt;</a>&nbsp;&nbsp;&nbsp;main
</UL>

<P><STRONG><a name="[f0]"></a>MX_I2C2_Init</STRONG> (Thumb, 80 bytes, Stack size 8 bytes, main.o(i.MX_I2C2_Init))
<BR><BR>[Stack]<UL><LI>Max Depth = 68<LI>Call Chain = MX_I2C2_Init &rArr; HAL_I2C_Init &rArr; HAL_I2C_MspInit &rArr; HAL_GPIO_Init
</UL>
<BR>[Calls]<UL><LI><a href="#[b3]">&gt;&gt;</a>&nbsp;&nbsp;&nbsp;HAL_I2C_Init
<LI><a href="#[f2]">&gt;&gt;</a>&nbsp;&nbsp;&nbsp;HAL_I2CEx_ConfigDigitalFilter
<LI><a href="#[f1]">&gt;&gt;</a>&nbsp;&nbsp;&nbsp;HAL_I2CEx_ConfigAnalogFilter
<LI><a href="#[ee]">&gt;&gt;</a>&nbsp;&nbsp;&nbsp;Error_Handler
</UL>
<BR>[Called By]<UL><LI><a href="#[43]">&gt;&gt;</a>&nbsp;&nbsp;&nbsp;main
</UL>

<P><STRONG><a name="[f3]"></a>MX_RTC_Init</STRONG> (Thumb, 44 bytes, Stack size 8 bytes, main.o(i.MX_RTC_Init))
<BR><BR>[Stack]<UL><LI>Max Depth = 56<LI>Call Chain = MX_RTC_Init &rArr; HAL_RTC_Init &rArr; RTC_ExitInitMode &rArr; HAL_RTC_WaitForSynchro
</UL>
<BR>[Calls]<UL><LI><a href="#[cc]">&gt;&gt;</a>&nbsp;&nbsp;&nbsp;HAL_RTC_Init
<LI><a href="#[ee]">&gt;&gt;</a>&nbsp;&nbsp;&nbsp;Error_Handler
</UL>
<BR>[Called By]<UL><LI><a href="#[43]">&gt;&gt;</a>&nbsp;&nbsp;&nbsp;main
</UL>

<P><STRONG><a name="[f4]"></a>MX_SPI1_Init</STRONG> (Thumb, 74 bytes, Stack size 8 bytes, main.o(i.MX_SPI1_Init))
<BR><BR>[Stack]<UL><LI>Max Depth = 76<LI>Call Chain = MX_SPI1_Init &rArr; HAL_SPI_Init &rArr; HAL_SPI_MspInit &rArr; HAL_GPIO_Init
</UL>
<BR>[Calls]<UL><LI><a href="#[d1]">&gt;&gt;</a>&nbsp;&nbsp;&nbsp;HAL_SPI_Init
<LI><a href="#[ee]">&gt;&gt;</a>&nbsp;&nbsp;&nbsp;Error_Handler
</UL>
<BR>[Called By]<UL><LI><a href="#[43]">&gt;&gt;</a>&nbsp;&nbsp;&nbsp;main
</UL>

<P><STRONG><a name="[f5]"></a>MX_TIM6_Init</STRONG> (Thumb, 68 bytes, Stack size 16 bytes, main.o(i.MX_TIM6_Init))
<BR><BR>[Stack]<UL><LI>Max Depth = 64<LI>Call Chain = MX_TIM6_Init &rArr; HAL_TIM_Base_Init &rArr; HAL_TIM_Base_MspInit &rArr; HAL_NVIC_SetPriority &rArr; __NVIC_SetPriority
</UL>
<BR>[Calls]<UL><LI><a href="#[d4]">&gt;&gt;</a>&nbsp;&nbsp;&nbsp;HAL_TIM_Base_Init
<LI><a href="#[f6]">&gt;&gt;</a>&nbsp;&nbsp;&nbsp;HAL_TIMEx_MasterConfigSynchronization
<LI><a href="#[ee]">&gt;&gt;</a>&nbsp;&nbsp;&nbsp;Error_Handler
</UL>
<BR>[Called By]<UL><LI><a href="#[43]">&gt;&gt;</a>&nbsp;&nbsp;&nbsp;main
</UL>

<P><STRONG><a name="[f7]"></a>MX_USART1_UART_Init</STRONG> (Thumb, 58 bytes, Stack size 8 bytes, main.o(i.MX_USART1_UART_Init))
<BR><BR>[Stack]<UL><LI>Max Depth = 104<LI>Call Chain = MX_USART1_UART_Init &rArr; HAL_UART_Init &rArr; UART_SetConfig &rArr; HAL_RCC_GetSysClockFreq &rArr; __aeabi_uldivmod
</UL>
<BR>[Calls]<UL><LI><a href="#[e0]">&gt;&gt;</a>&nbsp;&nbsp;&nbsp;HAL_UART_Init
<LI><a href="#[ee]">&gt;&gt;</a>&nbsp;&nbsp;&nbsp;Error_Handler
</UL>
<BR>[Called By]<UL><LI><a href="#[43]">&gt;&gt;</a>&nbsp;&nbsp;&nbsp;main
</UL>

<P><STRONG><a name="[72]"></a>ADC_ConversionStop</STRONG> (Thumb, 120 bytes, Stack size 16 bytes, stm32f0xx_hal_adc.o(i.ADC_ConversionStop))
<BR><BR>[Stack]<UL><LI>Max Depth = 16<LI>Call Chain = ADC_ConversionStop
</UL>
<BR>[Calls]<UL><LI><a href="#[73]">&gt;&gt;</a>&nbsp;&nbsp;&nbsp;HAL_GetTick
</UL>
<BR>[Called By]<UL><LI><a href="#[b2]">&gt;&gt;</a>&nbsp;&nbsp;&nbsp;HAL_ADC_Stop
</UL>

<P><STRONG><a name="[74]"></a>ADC_Disable</STRONG> (Thumb, 182 bytes, Stack size 16 bytes, stm32f0xx_hal_adc.o(i.ADC_Disable))
<BR><BR>[Stack]<UL><LI>Max Depth = 16<LI>Call Chain = ADC_Disable
</UL>
<BR>[Calls]<UL><LI><a href="#[73]">&gt;&gt;</a>&nbsp;&nbsp;&nbsp;HAL_GetTick
</UL>
<BR>[Called By]<UL><LI><a href="#[b2]">&gt;&gt;</a>&nbsp;&nbsp;&nbsp;HAL_ADC_Stop
</UL>

<P><STRONG><a name="[75]"></a>ADC_Enable</STRONG> (Thumb, 216 bytes, Stack size 16 bytes, stm32f0xx_hal_adc.o(i.ADC_Enable))
<BR><BR>[Stack]<UL><LI>Max Depth = 16<LI>Call Chain = ADC_Enable
</UL>
<BR>[Calls]<UL><LI><a href="#[73]">&gt;&gt;</a>&nbsp;&nbsp;&nbsp;HAL_GetTick
<LI><a href="#[76]">&gt;&gt;</a>&nbsp;&nbsp;&nbsp;__aeabi_uidivmod
</UL>
<BR>[Called By]<UL><LI><a href="#[b1]">&gt;&gt;</a>&nbsp;&nbsp;&nbsp;HAL_ADC_Start
</UL>

<P><STRONG><a name="[e8]"></a>I2C_Flush_TXDR</STRONG> (Thumb, 50 bytes, Stack size 0 bytes, stm32f0xx_hal_i2c.o(i.I2C_Flush_TXDR))
<BR><BR>[Called By]<UL><LI><a href="#[e7]">&gt;&gt;</a>&nbsp;&nbsp;&nbsp;I2C_IsErrorOccurred
</UL>

<P><STRONG><a name="[e7]"></a>I2C_IsErrorOccurred</STRONG> (Thumb, 344 bytes, Stack size 48 bytes, stm32f0xx_hal_i2c.o(i.I2C_IsErrorOccurred))
<BR><BR>[Stack]<UL><LI>Max Depth = 48<LI>Call Chain = I2C_IsErrorOccurred
</UL>
<BR>[Calls]<UL><LI><a href="#[73]">&gt;&gt;</a>&nbsp;&nbsp;&nbsp;HAL_GetTick
<LI><a href="#[e8]">&gt;&gt;</a>&nbsp;&nbsp;&nbsp;I2C_Flush_TXDR
</UL>
<BR>[Called By]<UL><LI><a href="#[bb]">&gt;&gt;</a>&nbsp;&nbsp;&nbsp;I2C_WaitOnTXISFlagUntilTimeout
<LI><a href="#[b9]">&gt;&gt;</a>&nbsp;&nbsp;&nbsp;I2C_WaitOnSTOPFlagUntilTimeout
<LI><a href="#[b8]">&gt;&gt;</a>&nbsp;&nbsp;&nbsp;I2C_WaitOnRXNEFlagUntilTimeout
<LI><a href="#[b6]">&gt;&gt;</a>&nbsp;&nbsp;&nbsp;I2C_WaitOnFlagUntilTimeout
</UL>

<P><STRONG><a name="[b7]"></a>I2C_TransferConfig</STRONG> (Thumb, 56 bytes, Stack size 24 bytes, stm32f0xx_hal_i2c.o(i.I2C_TransferConfig))
<BR><BR>[Stack]<UL><LI>Max Depth = 24<LI>Call Chain = I2C_TransferConfig
</UL>
<BR>[Called By]<UL><LI><a href="#[ba]">&gt;&gt;</a>&nbsp;&nbsp;&nbsp;HAL_I2C_Master_Transmit
<LI><a href="#[b5]">&gt;&gt;</a>&nbsp;&nbsp;&nbsp;HAL_I2C_Master_Receive
</UL>

<P><STRONG><a name="[b6]"></a>I2C_WaitOnFlagUntilTimeout</STRONG> (Thumb, 126 bytes, Stack size 24 bytes, stm32f0xx_hal_i2c.o(i.I2C_WaitOnFlagUntilTimeout))
<BR><BR>[Stack]<UL><LI>Max Depth = 72<LI>Call Chain = I2C_WaitOnFlagUntilTimeout &rArr; I2C_IsErrorOccurred
</UL>
<BR>[Calls]<UL><LI><a href="#[73]">&gt;&gt;</a>&nbsp;&nbsp;&nbsp;HAL_GetTick
<LI><a href="#[e7]">&gt;&gt;</a>&nbsp;&nbsp;&nbsp;I2C_IsErrorOccurred
</UL>
<BR>[Called By]<UL><LI><a href="#[ba]">&gt;&gt;</a>&nbsp;&nbsp;&nbsp;HAL_I2C_Master_Transmit
<LI><a href="#[b5]">&gt;&gt;</a>&nbsp;&nbsp;&nbsp;HAL_I2C_Master_Receive
</UL>

<P><STRONG><a name="[b8]"></a>I2C_WaitOnRXNEFlagUntilTimeout</STRONG> (Thumb, 216 bytes, Stack size 24 bytes, stm32f0xx_hal_i2c.o(i.I2C_WaitOnRXNEFlagUntilTimeout))
<BR><BR>[Stack]<UL><LI>Max Depth = 72<LI>Call Chain = I2C_WaitOnRXNEFlagUntilTimeout &rArr; I2C_IsErrorOccurred
</UL>
<BR>[Calls]<UL><LI><a href="#[73]">&gt;&gt;</a>&nbsp;&nbsp;&nbsp;HAL_GetTick
<LI><a href="#[e7]">&gt;&gt;</a>&nbsp;&nbsp;&nbsp;I2C_IsErrorOccurred
</UL>
<BR>[Called By]<UL><LI><a href="#[b5]">&gt;&gt;</a>&nbsp;&nbsp;&nbsp;HAL_I2C_Master_Receive
</UL>

<P><STRONG><a name="[b9]"></a>I2C_WaitOnSTOPFlagUntilTimeout</STRONG> (Thumb, 102 bytes, Stack size 16 bytes, stm32f0xx_hal_i2c.o(i.I2C_WaitOnSTOPFlagUntilTimeout))
<BR><BR>[Stack]<UL><LI>Max Depth = 64<LI>Call Chain = I2C_WaitOnSTOPFlagUntilTimeout &rArr; I2C_IsErrorOccurred
</UL>
<BR>[Calls]<UL><LI><a href="#[73]">&gt;&gt;</a>&nbsp;&nbsp;&nbsp;HAL_GetTick
<LI><a href="#[e7]">&gt;&gt;</a>&nbsp;&nbsp;&nbsp;I2C_IsErrorOccurred
</UL>
<BR>[Called By]<UL><LI><a href="#[ba]">&gt;&gt;</a>&nbsp;&nbsp;&nbsp;HAL_I2C_Master_Transmit
<LI><a href="#[b5]">&gt;&gt;</a>&nbsp;&nbsp;&nbsp;HAL_I2C_Master_Receive
</UL>

<P><STRONG><a name="[bb]"></a>I2C_WaitOnTXISFlagUntilTimeout</STRONG> (Thumb, 110 bytes, Stack size 16 bytes, stm32f0xx_hal_i2c.o(i.I2C_WaitOnTXISFlagUntilTimeout))
<BR><BR>[Stack]<UL><LI>Max Depth = 64<LI>Call Chain = I2C_WaitOnTXISFlagUntilTimeout &rArr; I2C_IsErrorOccurred
</UL>
<BR>[Calls]<UL><LI><a href="#[73]">&gt;&gt;</a>&nbsp;&nbsp;&nbsp;HAL_GetTick
<LI><a href="#[e7]">&gt;&gt;</a>&nbsp;&nbsp;&nbsp;I2C_IsErrorOccurred
</UL>
<BR>[Called By]<UL><LI><a href="#[ba]">&gt;&gt;</a>&nbsp;&nbsp;&nbsp;HAL_I2C_Master_Transmit
</UL>

<P><STRONG><a name="[c1]"></a>__NVIC_SetPriority</STRONG> (Thumb, 110 bytes, Stack size 8 bytes, stm32f0xx_hal_cortex.o(i.__NVIC_SetPriority))
<BR><BR>[Stack]<UL><LI>Max Depth = 8<LI>Call Chain = __NVIC_SetPriority
</UL>
<BR>[Called By]<UL><LI><a href="#[c0]">&gt;&gt;</a>&nbsp;&nbsp;&nbsp;HAL_NVIC_SetPriority
<LI><a href="#[bf]">&gt;&gt;</a>&nbsp;&nbsp;&nbsp;HAL_SYSTICK_Config
</UL>

<P><STRONG><a name="[d3]"></a>SPI_EndRxTxTransaction</STRONG> (Thumb, 106 bytes, Stack size 24 bytes, stm32f0xx_hal_spi.o(i.SPI_EndRxTxTransaction))
<BR><BR>[Stack]<UL><LI>Max Depth = 72<LI>Call Chain = SPI_EndRxTxTransaction &rArr; SPI_WaitFlagStateUntilTimeout
</UL>
<BR>[Calls]<UL><LI><a href="#[102]">&gt;&gt;</a>&nbsp;&nbsp;&nbsp;SPI_WaitFlagStateUntilTimeout
<LI><a href="#[101]">&gt;&gt;</a>&nbsp;&nbsp;&nbsp;SPI_WaitFifoStateUntilTimeout
</UL>
<BR>[Called By]<UL><LI><a href="#[93]">&gt;&gt;</a>&nbsp;&nbsp;&nbsp;HAL_SPI_Transmit
</UL>

<P><STRONG><a name="[101]"></a>SPI_WaitFifoStateUntilTimeout</STRONG> (Thumb, 246 bytes, Stack size 40 bytes, stm32f0xx_hal_spi.o(i.SPI_WaitFifoStateUntilTimeout))
<BR><BR>[Stack]<UL><LI>Max Depth = 40<LI>Call Chain = SPI_WaitFifoStateUntilTimeout
</UL>
<BR>[Calls]<UL><LI><a href="#[73]">&gt;&gt;</a>&nbsp;&nbsp;&nbsp;HAL_GetTick
</UL>
<BR>[Called By]<UL><LI><a href="#[d3]">&gt;&gt;</a>&nbsp;&nbsp;&nbsp;SPI_EndRxTxTransaction
</UL>

<P><STRONG><a name="[102]"></a>SPI_WaitFlagStateUntilTimeout</STRONG> (Thumb, 214 bytes, Stack size 48 bytes, stm32f0xx_hal_spi.o(i.SPI_WaitFlagStateUntilTimeout))
<BR><BR>[Stack]<UL><LI>Max Depth = 48<LI>Call Chain = SPI_WaitFlagStateUntilTimeout
</UL>
<BR>[Calls]<UL><LI><a href="#[73]">&gt;&gt;</a>&nbsp;&nbsp;&nbsp;HAL_GetTick
</UL>
<BR>[Called By]<UL><LI><a href="#[d3]">&gt;&gt;</a>&nbsp;&nbsp;&nbsp;SPI_EndRxTxTransaction
</UL>

<P><STRONG><a name="[108]"></a>UART_EndRxTransfer</STRONG> (Thumb, 128 bytes, Stack size 16 bytes, stm32f0xx_hal_uart.o(i.UART_EndRxTransfer))
<BR><BR>[Stack]<UL><LI>Max Depth = 16<LI>Call Chain = UART_EndRxTransfer
</UL>
<BR>[Calls]<UL><LI><a href="#[107]">&gt;&gt;</a>&nbsp;&nbsp;&nbsp;__set_PRIMASK
<LI><a href="#[106]">&gt;&gt;</a>&nbsp;&nbsp;&nbsp;__get_PRIMASK
</UL>
<BR>[Called By]<UL><LI><a href="#[e6]">&gt;&gt;</a>&nbsp;&nbsp;&nbsp;UART_WaitOnFlagUntilTimeout
</UL>

<P><STRONG><a name="[106]"></a>__get_PRIMASK</STRONG> (Thumb, 6 bytes, Stack size 0 bytes, stm32f0xx_hal_uart.o(i.__get_PRIMASK))
<BR><BR>[Called By]<UL><LI><a href="#[e4]">&gt;&gt;</a>&nbsp;&nbsp;&nbsp;UART_CheckIdleState
<LI><a href="#[108]">&gt;&gt;</a>&nbsp;&nbsp;&nbsp;UART_EndRxTransfer
</UL>

<P><STRONG><a name="[107]"></a>__set_PRIMASK</STRONG> (Thumb, 6 bytes, Stack size 0 bytes, stm32f0xx_hal_uart.o(i.__set_PRIMASK))
<BR><BR>[Called By]<UL><LI><a href="#[e4]">&gt;&gt;</a>&nbsp;&nbsp;&nbsp;UART_CheckIdleState
<LI><a href="#[108]">&gt;&gt;</a>&nbsp;&nbsp;&nbsp;UART_EndRxTransfer
</UL>

<P><STRONG><a name="[109]"></a>_perform_measurements</STRONG> (Thumb, 76 bytes, Stack size 48 bytes, shtc3.o(i._perform_measurements))
<BR><BR>[Stack]<UL><LI>Max Depth = 160<LI>Call Chain = _perform_measurements &rArr; HAL_I2C_Master_Transmit &rArr; I2C_WaitOnFlagUntilTimeout &rArr; I2C_IsErrorOccurred
</UL>
<BR>[Calls]<UL><LI><a href="#[ba]">&gt;&gt;</a>&nbsp;&nbsp;&nbsp;HAL_I2C_Master_Transmit
<LI><a href="#[b5]">&gt;&gt;</a>&nbsp;&nbsp;&nbsp;HAL_I2C_Master_Receive
<LI><a href="#[10a]">&gt;&gt;</a>&nbsp;&nbsp;&nbsp;_read_values
</UL>
<BR>[Called By]<UL><LI><a href="#[a0]">&gt;&gt;</a>&nbsp;&nbsp;&nbsp;shtc3_perform_measurements
</UL>

<P><STRONG><a name="[10a]"></a>_read_values</STRONG> (Thumb, 104 bytes, Stack size 24 bytes, shtc3.o(i._read_values))
<BR><BR>[Stack]<UL><LI>Max Depth = 44<LI>Call Chain = _read_values &rArr; checkCRC
</UL>
<BR>[Calls]<UL><LI><a href="#[76]">&gt;&gt;</a>&nbsp;&nbsp;&nbsp;__aeabi_uidivmod
<LI><a href="#[10b]">&gt;&gt;</a>&nbsp;&nbsp;&nbsp;checkCRC
</UL>
<BR>[Called By]<UL><LI><a href="#[109]">&gt;&gt;</a>&nbsp;&nbsp;&nbsp;_perform_measurements
</UL>

<P><STRONG><a name="[10b]"></a>checkCRC</STRONG> (Thumb, 84 bytes, Stack size 20 bytes, shtc3.o(i.checkCRC))
<BR><BR>[Stack]<UL><LI>Max Depth = 20<LI>Call Chain = checkCRC
</UL>
<BR>[Called By]<UL><LI><a href="#[10a]">&gt;&gt;</a>&nbsp;&nbsp;&nbsp;_read_values
</UL>

<P><STRONG><a name="[97]"></a>EPD_2in13_V4_Reset</STRONG> (Thumb, 58 bytes, Stack size 8 bytes, epd_2in13_v4.o(i.EPD_2in13_V4_Reset))
<BR><BR>[Stack]<UL><LI>Max Depth = 24<LI>Call Chain = EPD_2in13_V4_Reset &rArr; HAL_Delay
</UL>
<BR>[Calls]<UL><LI><a href="#[85]">&gt;&gt;</a>&nbsp;&nbsp;&nbsp;HAL_GPIO_WritePin
<LI><a href="#[9c]">&gt;&gt;</a>&nbsp;&nbsp;&nbsp;HAL_Delay
</UL>
<BR>[Called By]<UL><LI><a href="#[79]">&gt;&gt;</a>&nbsp;&nbsp;&nbsp;EPD_2in13_V4_Init
</UL>

<P><STRONG><a name="[94]"></a>EPD_2in13_V4_SendCommand</STRONG> (Thumb, 48 bytes, Stack size 8 bytes, epd_2in13_v4.o(i.EPD_2in13_V4_SendCommand))
<BR><BR>[Stack]<UL><LI>Max Depth = 136<LI>Call Chain = EPD_2in13_V4_SendCommand &rArr; DEV_SPI_WriteByte &rArr; HAL_SPI_Transmit &rArr; SPI_EndRxTxTransaction &rArr; SPI_WaitFlagStateUntilTimeout
</UL>
<BR>[Calls]<UL><LI><a href="#[85]">&gt;&gt;</a>&nbsp;&nbsp;&nbsp;HAL_GPIO_WritePin
<LI><a href="#[92]">&gt;&gt;</a>&nbsp;&nbsp;&nbsp;DEV_SPI_WriteByte
</UL>
<BR>[Called By]<UL><LI><a href="#[79]">&gt;&gt;</a>&nbsp;&nbsp;&nbsp;EPD_2in13_V4_Init
<LI><a href="#[82]">&gt;&gt;</a>&nbsp;&nbsp;&nbsp;EPD_2in13_V4_Display_Base
<LI><a href="#[96]">&gt;&gt;</a>&nbsp;&nbsp;&nbsp;EPD_2in13_V4_TurnOnDisplay
<LI><a href="#[99]">&gt;&gt;</a>&nbsp;&nbsp;&nbsp;EPD_2in13_V4_SetWindows
<LI><a href="#[9a]">&gt;&gt;</a>&nbsp;&nbsp;&nbsp;EPD_2in13_V4_SetCursor
</UL>

<P><STRONG><a name="[95]"></a>EPD_2in13_V4_SendData</STRONG> (Thumb, 48 bytes, Stack size 8 bytes, epd_2in13_v4.o(i.EPD_2in13_V4_SendData))
<BR><BR>[Stack]<UL><LI>Max Depth = 136<LI>Call Chain = EPD_2in13_V4_SendData &rArr; DEV_SPI_WriteByte &rArr; HAL_SPI_Transmit &rArr; SPI_EndRxTxTransaction &rArr; SPI_WaitFlagStateUntilTimeout
</UL>
<BR>[Calls]<UL><LI><a href="#[85]">&gt;&gt;</a>&nbsp;&nbsp;&nbsp;HAL_GPIO_WritePin
<LI><a href="#[92]">&gt;&gt;</a>&nbsp;&nbsp;&nbsp;DEV_SPI_WriteByte
</UL>
<BR>[Called By]<UL><LI><a href="#[79]">&gt;&gt;</a>&nbsp;&nbsp;&nbsp;EPD_2in13_V4_Init
<LI><a href="#[82]">&gt;&gt;</a>&nbsp;&nbsp;&nbsp;EPD_2in13_V4_Display_Base
<LI><a href="#[96]">&gt;&gt;</a>&nbsp;&nbsp;&nbsp;EPD_2in13_V4_TurnOnDisplay
<LI><a href="#[99]">&gt;&gt;</a>&nbsp;&nbsp;&nbsp;EPD_2in13_V4_SetWindows
<LI><a href="#[9a]">&gt;&gt;</a>&nbsp;&nbsp;&nbsp;EPD_2in13_V4_SetCursor
</UL>

<P><STRONG><a name="[9a]"></a>EPD_2in13_V4_SetCursor</STRONG> (Thumb, 40 bytes, Stack size 16 bytes, epd_2in13_v4.o(i.EPD_2in13_V4_SetCursor))
<BR><BR>[Stack]<UL><LI>Max Depth = 152<LI>Call Chain = EPD_2in13_V4_SetCursor &rArr; EPD_2in13_V4_SendData &rArr; DEV_SPI_WriteByte &rArr; HAL_SPI_Transmit &rArr; SPI_EndRxTxTransaction &rArr; SPI_WaitFlagStateUntilTimeout
</UL>
<BR>[Calls]<UL><LI><a href="#[95]">&gt;&gt;</a>&nbsp;&nbsp;&nbsp;EPD_2in13_V4_SendData
<LI><a href="#[94]">&gt;&gt;</a>&nbsp;&nbsp;&nbsp;EPD_2in13_V4_SendCommand
</UL>
<BR>[Called By]<UL><LI><a href="#[79]">&gt;&gt;</a>&nbsp;&nbsp;&nbsp;EPD_2in13_V4_Init
</UL>

<P><STRONG><a name="[99]"></a>EPD_2in13_V4_SetWindows</STRONG> (Thumb, 68 bytes, Stack size 24 bytes, epd_2in13_v4.o(i.EPD_2in13_V4_SetWindows))
<BR><BR>[Stack]<UL><LI>Max Depth = 160<LI>Call Chain = EPD_2in13_V4_SetWindows &rArr; EPD_2in13_V4_SendData &rArr; DEV_SPI_WriteByte &rArr; HAL_SPI_Transmit &rArr; SPI_EndRxTxTransaction &rArr; SPI_WaitFlagStateUntilTimeout
</UL>
<BR>[Calls]<UL><LI><a href="#[95]">&gt;&gt;</a>&nbsp;&nbsp;&nbsp;EPD_2in13_V4_SendData
<LI><a href="#[94]">&gt;&gt;</a>&nbsp;&nbsp;&nbsp;EPD_2in13_V4_SendCommand
</UL>
<BR>[Called By]<UL><LI><a href="#[79]">&gt;&gt;</a>&nbsp;&nbsp;&nbsp;EPD_2in13_V4_Init
</UL>

<P><STRONG><a name="[96]"></a>EPD_2in13_V4_TurnOnDisplay</STRONG> (Thumb, 26 bytes, Stack size 8 bytes, epd_2in13_v4.o(i.EPD_2in13_V4_TurnOnDisplay))
<BR><BR>[Stack]<UL><LI>Max Depth = 144<LI>Call Chain = EPD_2in13_V4_TurnOnDisplay &rArr; EPD_2in13_V4_SendData &rArr; DEV_SPI_WriteByte &rArr; HAL_SPI_Transmit &rArr; SPI_EndRxTxTransaction &rArr; SPI_WaitFlagStateUntilTimeout
</UL>
<BR>[Calls]<UL><LI><a href="#[98]">&gt;&gt;</a>&nbsp;&nbsp;&nbsp;EPD_2in13_V4_ReadBusy
<LI><a href="#[95]">&gt;&gt;</a>&nbsp;&nbsp;&nbsp;EPD_2in13_V4_SendData
<LI><a href="#[94]">&gt;&gt;</a>&nbsp;&nbsp;&nbsp;EPD_2in13_V4_SendCommand
</UL>
<BR>[Called By]<UL><LI><a href="#[82]">&gt;&gt;</a>&nbsp;&nbsp;&nbsp;EPD_2in13_V4_Display_Base
</UL>

<P><STRONG><a name="[55]"></a>_dadd1</STRONG> (Thumb, 290 bytes, Stack size 20 bytes, daddsub.o(.text), UNUSED)
<BR><BR>[Called By]<UL><LI><a href="#[57]">&gt;&gt;</a>&nbsp;&nbsp;&nbsp;_drsb
<LI><a href="#[56]">&gt;&gt;</a>&nbsp;&nbsp;&nbsp;_dsub
<LI><a href="#[53]">&gt;&gt;</a>&nbsp;&nbsp;&nbsp;_dadd
</UL>

<P><STRONG><a name="[54]"></a>_dsub1</STRONG> (Thumb, 470 bytes, Stack size 40 bytes, daddsub.o(.text), UNUSED)
<BR><BR>[Called By]<UL><LI><a href="#[57]">&gt;&gt;</a>&nbsp;&nbsp;&nbsp;_drsb
<LI><a href="#[56]">&gt;&gt;</a>&nbsp;&nbsp;&nbsp;_dsub
<LI><a href="#[53]">&gt;&gt;</a>&nbsp;&nbsp;&nbsp;_dadd
</UL>

<P><STRONG><a name="[112]"></a>_fadd1</STRONG> (Thumb, 0 bytes, Stack size unknown bytes, faddsub.o(x$fpl$fadd), UNUSED)
<BR><BR>[Called By]<UL><LI><a href="#[111]">&gt;&gt;</a>&nbsp;&nbsp;&nbsp;_fsub
</UL>

<P><STRONG><a name="[110]"></a>_fsub1</STRONG> (Thumb, 0 bytes, Stack size unknown bytes, faddsub.o(x$fpl$fsub), UNUSED)
<BR><BR>[Called By]<UL><LI><a href="#[10f]">&gt;&gt;</a>&nbsp;&nbsp;&nbsp;_fadd
</UL>
<P>
<H3>
Undefined Global Symbols
</H3>
<P><STRONG><a name="[6e]"></a>_call_atexit_fns</STRONG> (ARM, 0 bytes, Stack size 0 bytes, UNDEFINED)
<BR><BR>[Called By]<UL><LI><a href="#[44]">&gt;&gt;</a>&nbsp;&nbsp;&nbsp;exit
</UL>
<HR></body></html>
